
> minnow@0.0.1 test
> node test/run-all.mjs


Γû╢ node (14 files)
Γ£ö suggestAllowlistPattern uses host wildcard when port present (1.0658ms)
Γ£ö ephemeral grant allows one external navigation check (1.0286ms)
Γ£ö assertNavigationAllowed error mentions ask_question flow (0.3653ms)
Γ£ö allows localhost dev origins (1.9304ms)
Γ£ö blocks arbitrary external origins (0.3622ms)
Γ£ö assertNavigationAllowed throws with prefix (0.4206ms)
Γ£ö allows navigations when pattern is origin-only and url has path (0.1612ms)
Γ£ö normalizes path-shaped allowlist lines to origin (0.1901ms)
Γû╢ generations store backpressure
  Γ£ö queues chunks and uses at most one drain listener (1.0692ms)
Γ£ö generations store backpressure (1.5323ms)
Γû╢ prompt builtin baseline API
  Γ£ö GET baseline=builtin returns builtin even when override exists (13.1088ms)
Γ£ö prompt builtin baseline API (30.3335ms)
Γû╢ prompt-configs API
  Γ£ö PUT and GET round-trip (392.0573ms)
[prompt-configs] Invalid label
  Γ£ö invalid config rejected (1.3426ms)
  Γ£ö duplicate creates new file (103.6642ms)
Γ£ö prompt-configs API (510.4235ms)
Γû╢ buildAuthHeaders
  Γ£ö returns only custom headers when secrets are empty (1.7872ms)
  Γ£ö returns empty object when no auth and no custom headers (0.1281ms)
  Γ£ö sets Authorization Bearer for bearerToken (0.1231ms)
  Γ£ö sets Authorization Bearer for apiKey with default bearer style (0.1013ms)
  Γ£ö sets api-key header when authStyle is api-key (0.1041ms)
  Γ£ö merges custom headers then secrets overrides (overrides win) (0.1302ms)
Γ£ö buildAuthHeaders (3.2105ms)
Γû╢ capabilities routes
  Γ£ö GET capabilities for seeded lm-studio-local (281.5346ms)
  Γ£ö GET capabilities 404 for unknown provider (5.168ms)
Γ£ö capabilities routes (291.0829ms)
Γû╢ capabilities-store
  Γ£ö returns empty models when file missing (1.7002ms)
  Γ£ö round-trips write and read (2.1356ms)
[capabilities] corrupt file for cap-test-provider, resetting: SyntaxError: Expected property name or '}' in JSON at position 2 (line 1 column 3)
    at JSON.parse (<anonymous>)
    at readCapabilities (file:///C:/Users/dukky/Documents/Development/Minnow/server/providers/capabilities-store.js:28:43)
    at async TestContext.<anonymous> (file:///C:/Users/dukky/Documents/Development/Minnow/test/providers/capabilities-store.test.js:75:18)
    at async Test.run (node:internal/test_runner/test:1113:7)
    at async Suite.processPendingSubtests (node:internal/test_runner/test:788:7)
  Γ£ö recovers from corrupt JSON (1.604ms)
[capabilities] corrupt file for cap-test-provider, resetting: SyntaxError: Expected property name or '}' in JSON at position 2 (line 1 column 3)
    at JSON.parse (<anonymous>)
    at readCapabilities (file:///C:/Users/dukky/Documents/Development/Minnow/server/providers/capabilities-store.js:28:43)
    at async mergeCapabilities (file:///C:/Users/dukky/Documents/Development/Minnow/server/providers/capabilities-store.js:88:20)
    at async TestContext.<anonymous> (file:///C:/Users/dukky/Documents/Development/Minnow/test/providers/capabilities-store.test.js:80:20)
    at async Test.run (node:internal/test_runner/test:1113:7)
    at async Suite.processPendingSubtests (node:internal/test_runner/test:788:7)
  Γ£ö merge patches per model id (3.052ms)
Γ£ö capabilities-store (311.2854ms)
Γû╢ probe-capabilities route
  Γ£ö POST probe writes capabilities.json (41.881ms)
  Γ£ö matrix probe uses loaded models only and skips chat for unloaded rows (49.7362ms)
  Γ£ö matrix probe returns 400 when no model is loaded (50.4399ms)
  Γ£ö returns 400 when no model is loaded (49.4338ms)
  Γ£ö structured probe with Claude model does not poison provider when GPT model exists (60.3755ms)
  Γ£ö structured probe prefers explicit openai model over alphabetical fallback (60.4812ms)
Γ£ö probe-capabilities route (627.0806ms)
Γû╢ prioritizeModelIds
  Γ£ö orders selected, loaded, then alphabetical and caps at 8 (6.192ms)
Γ£ö prioritizeModelIds (310.2623ms)
Γû╢ POST capabilities/probe
  Γ£ö writes capabilities.json with tool probe results (35.8464ms)
Γ£ö POST capabilities/probe (36.0406ms)
Γû╢ provider paths
  Γ£ö lm-studio-v0 includes v1 load and unload paths (0.9113ms)
  Γ£ö openai-v1 has no load/unload paths (0.1555ms)
  Γ£ö openai-v1 includes default messages path for gateways (0.0863ms)
  Γ£ö openai-v1 derives messages path from custom chat completions path (0.1331ms)
  Γ£ö anthropic-v1 uses messages path and no load/unload paths (0.1163ms)
  Γ£ö getProviderCapabilities marks lm-studio-v0 as load-capable (0.1172ms)
  Γ£ö lm-studio-v0 normalizes catalog vision and strips upstream capabilities (0.1912ms)
  Γ£ö lm-studio-v0 type vlm sets catalogVision without upstream capabilities (0.084ms)
  Γ£ö openai-v1 preserves top-level context_length as max_context_length (0.1777ms)
  Γ£ö openai-v1 extracts nested meta.context_length (OpenRouter-style) (0.1409ms)
  Γ£ö openai-v1 string model ids default to loaded llm rows (0.5156ms)
Γ£ö provider paths (3.5347ms)
Γû╢ validateProviderPricing
  Γ£ö accepts default and per-model rates (1.3237ms)
  Γ£ö null clears pricing (0.0913ms)
  Γ£ö rejects negative rates (0.1617ms)
Γ£ö validateProviderPricing (2.2948ms)
Γû╢ provider CRUD + proxy
  Γ£ö seeds lm-studio-local on first GET (297.0109ms)
  Γ£ö CRUD roundtrip for second provider (116.6331ms)
  Γ£ö secrets PUT does not echo values; GET redacts (11.6816ms)
  Γ£ö proxy models forwards Authorization to upstream (16.4295ms)
  Γ£ö proxy model load forwards POST with auth (7.2802ms)
  Γ£ö proxy model unload forwards POST with auth (5.7899ms)
  Γ£ö rejects load for openai-v1 provider (29.5735ms)
  Γ£ö provider chat/completions route is removed (chat uses /api/generations) (3.5434ms)
  Γ£ö rejects deleting last provider (114.6205ms)
Γ£ö provider CRUD + proxy (609.8631ms)
Γû╢ parseNvidiaSmiVram
  Γ£ö parses first GPU CSV row (1.4661ms)
  Γ£ö returns unavailable for empty output (0.3465ms)
Γ£ö parseNvidiaSmiVram (2.735ms)
Γä╣ tests 58
Γä╣ suites 13
Γä╣ pass 58
Γä╣ fail 0
Γä╣ cancelled 0
Γä╣ skipped 0
Γä╣ todo 0
Γä╣ duration_ms 960.2027

Γû╢ tsx-mocks (93 files)
Γû╢ config API CRUD
  Γ£ö GET sessions on empty home returns default blob (1499.177ms)
  Γ£ö PUT sessions round-trip matches fixture (107.0662ms)
  Γ£ö PUT sessions round-trip preserves modeId (152.7145ms)
  Γ£ö PUT tools with brave key round-trips (140.9672ms)
  Γ£ö GET system-prompt round-trip (263.5419ms)
  Γ£ö GET search seeds from tools.json when missing (472.7408ms)
  Γ£ö PUT search round-trip normalizes (162.6048ms)
  Γ£ö GET servers returns default searxng entry (162.1101ms)
  Γ£ö PUT servers round-trip normalizes ports and booleans (165.0105ms)
  Γ£ö PUT servers clamps sub-minimum port to 1024 (102.9855ms)
  Γ£ö PUT servers clamps high port to 65535 (131.9612ms)
  Γ£ö PUT research round-trip normalizes (135.1042ms)
  Γ£ö GET file API rejects traversal key (1.3556ms)
  Γ£ö written sessions.db exists; state.json retired (1.7109ms)
Γ£ö config API CRUD (3537.7315ms)
Γ£ö mergeConfigMeta merges browser allowedOriginPatterns (2.821ms)
Γ£ö mergeConfigMeta preserves existing browser fields when patching allowNavigate (0.2635ms)
Γû╢ generation timeout clamps (server)
  Γ£ö idle timeout defaults and bounds (0.7243ms)
  Γ£ö max duration defaults and bounds (0.1789ms)
Γ£ö generation timeout clamps (server) (1.6614ms)
Γû╢ config.json chat block merge
  Γ£ö DEFAULT_META seeds chat block for new homes (0.1609ms)
  Γ£ö mergeConfigMeta defaults chat block when patch provides empty object (1.3042ms)
  Γ£ö mergeConfigMeta drops legacy chat.maxToolTurns (0.1886ms)
  Γ£ö mergeConfigMeta clamps generation timeouts (0.1385ms)
  Γ£ö mergeConfigMeta partial chat patch keeps other chat fields (0.1261ms)
Γ£ö config.json chat block merge (2.188ms)
Γû╢ desktopShell config
  Γ£ö defaults closeToTray to true when missing (2.1831ms)
  Γ£ö persists explicit closeToTray false (0.221ms)
  Γ£ö rejects non-boolean closeToTray values (0.1608ms)
Γ£ö desktopShell config (3.559ms)
Γû╢ editor AI completion meta
  Γ£ö DEFAULT_META seeds editorAiCompletion enabled by default (0.7482ms)
  Γ£ö client and server defaults match field-for-field (0.6624ms)
  Γ£ö partial merge preserves unspecified fields on server (1.3291ms)
  Γ£ö client parseEditorAiCompletionBlock preserves defaults for missing fields (0.2646ms)
  Γ£ö client parseEditorAiCompletionBlock clamps token limits (0.1423ms)
Γ£ö editor AI completion meta (4.0691ms)
Γû╢ editor Intent mode meta
  Γ£ö DEFAULT_META seeds editorIntentMode with safe defaults (0.6921ms)
  Γ£ö DEFAULT_META no longer carries the removed recheck keys (0.1641ms)
Γ£ö editor Intent mode meta (1.6408ms)
Γû╢ editorIntentMode meta patch
  Γ£ö clamps numeric fields and trims strings (2.0118ms)
  Γ£ö ignores unknown and malformed keys (0.193ms)
Γ£ö editorIntentMode meta patch (2.385ms)
Γû╢ editor settings meta
  Γ£ö DEFAULT_META seeds editorSettings defaults (0.8038ms)
Γ£ö editor settings meta (2.0924ms)
Γû╢ fallbackChains config defaults
  Γ£ö DEFAULT_META includes disabled fallbackChains block (1.2039ms)
  Γ£ö invalid candidate rows are rejected during normalize (0.3948ms)
  Γ£ö mergeConfigMeta keeps existing roles when patch omits them (1.3331ms)
Γ£ö fallbackChains config defaults (3.8292ms)
Γ£ö mergeConfigMeta persists preview browser fields (2.6225ms)
Γ£ö mergeConfigMeta persists preview DevTools dock position (0.3468ms)
Γ£ö mergeConfigMeta persists preview DevTools popout dock position (0.1485ms)
Γ£ö mergeConfigMeta persists workspace viewer tabs (0.2347ms)
Γ£ö mergeConfigMeta filters attachment paths from openViewerTabs (0.1445ms)
Γû╢ config migration
  Γ£ö POST migrate writes static expected files (1601.2068ms)
  Γ£ö POST migrate again is idempotent skipped (218.8687ms)
  Γ£ö corrupt tools string still migrates sessions with warning (608.6992ms)
Γ£ö config migration (2481.5604ms)
Γ£ö mergeConfigMeta defaults server.networkAccess to local (1.976ms)
Γ£ö mergeConfigMeta accepts lan and local (0.1869ms)
Γ£ö mergeConfigMeta rejects invalid networkAccess values (0.1125ms)
Γû╢ resolveConfigPath
  Γ£ö rejects sessions/state.json (SQLite bypasses allowlist) (0.8774ms)
  Γ£ö rejects parent traversal (0.2119ms)
  Γ£ö rejects windows-style traversal (0.1572ms)
  Γ£ö rejects absolute paths (0.1523ms)
  Γ£ö rejects unknown keys (0.1713ms)
Γ£ö resolveConfigPath (11.0893ms)
Γû╢ config API rules CRUD
  Γ£ö GET rules on empty home returns default v2 blob (934.8065ms)
  Γ£ö PUT rules round-trip with grouped items (245.8446ms)
  Γ£ö PUT legacy v1 rules migrates to v2 on write (142.7666ms)
  Γ£ö PUT rules rejects combined text over 16 KiB with 413 (2.8554ms)
  Γ£ö PUT rules rejects invalid body with 400 (6.6028ms)
Γ£ö config API rules CRUD (1373.9651ms)
Γû╢ sessions-db schema
  Γ£ö creates real on-disk DB with required tables, indices, and user_version (21.3769ms)
  Γ£ö reopen is idempotent and shares one cached handle (10.1994ms)
  Γ£ö ensureColumn is additive and a no-op on second open (14.4584ms)
Γ£ö sessions-db schema (65.5405ms)
Γû╢ sessions JSONΓåÆSQLite import
  Γ£ö no JSON ΓåÆ stamps jsonImportedAt with zero chat/message rows (18.5787ms)
  Γ£ö kitchen-sink seed ΓåÆ counts match and state.json renamed to .migrated (33.2383ms)
  Γ£ö reopen ΓåÆ already_migrated, no double insert (33.2152ms)
  Γ£ö corrupt JSON ΓåÆ flag NOT stamped, file NOT renamed, failed meta present (14.0559ms)
Γ£ö sessions JSONΓåÆSQLite import (116.247ms)
Γû╢ PATCH /api/config/sessions
  Γ£ö PATCH one chat leaves others byte-identical (1500.6369ms)
  Γ£ö deleteChatIds removes chat and cascades child rows (179.7797ms)
  Γ£ö absent keys are no-ops (691.6854ms)
  Γ£ö unknown chat id inserts (343.4783ms)
  Γ£ö scalars patch updates activeId without touching chats (494.4669ms)
  Γ£ö metadata-only PATCH without history preserves existing messages (159.0199ms)
  Γ£ö whole-blob PUT omits history for one chat and preserves its messages (158.2616ms)
  Γ£ö POST is a sendBeacon alias for PATCH (214.1682ms)
Γ£ö PATCH /api/config/sessions (3800.7757ms)
Γû╢ sessions SQLite narrow-query perf (A.3)
  Γ£ö resolveChatWorktreeContext p50 stays under 5ms (7.2036ms)
  Γ£ö whole-blob GET stays under 500ms (265.641ms)
Γ£ö sessions SQLite narrow-query perf (A.3) (971.5891ms)
Γû╢ sessions SQLite whole-blob roundtrip
  Γ£ö kitchen-sink PUTΓåÆGET deep-equal (terminalHistory via appendTerminalRun) (31.2386ms)
Γ£ö sessions SQLite whole-blob roundtrip (54.7229ms)
Γû╢ GET /api/config/sessions/search (FTS5)
  Γ£ö matches message body via FTS and returns chatId + snippet (1123.0273ms)
  Γ£ö title hits outrank message hits for the same chat (107.1282ms)
  Γ£ö workspace scope limits results (147.8465ms)
  Γ£ö FTS mirror stays in sync after history truncate (260.8912ms)
Γ£ö GET /api/config/sessions/search (FTS5) (1695.7289ms)
Γû╢ GET /api/config/sessions/summaries
  Γ£ö summaries omit history and expose denormalized count/preview (1262.2248ms)
  Γ£ö workspace filter returns only matching chats (106.6626ms)
  Γ£ö history route returns full message list for one chat (109.4908ms)
Γ£ö GET /api/config/sessions/summaries (1525.2655ms)
Γû╢ config store concurrency
  Γ£ö parallel appendTerminalRun keeps all terminal records (25.1866ms)
  Γ£ö writeWholeSessionState racing appendTerminalRun preserves all terminal rows (4.0951ms)
Γ£ö config store concurrency (52.4676ms)
Γû╢ terminal autoOpenOnAgentRun defaults
  Γ£ö DEFAULT_META seeds autoOpenOnAgentRun false for new homes (0.7522ms)
  Γ£ö DEFAULT_META seeds autoFollowAgentTab false for new homes (0.1535ms)
  Γ£ö mergeConfigMeta defaults terminal.autoOpenOnAgentRun to false (1.3154ms)
  Γ£ö mergeConfigMeta defaults terminal.autoFollowAgentTab to false (0.1755ms)
  Γ£ö mergeConfigMeta preserves explicit true (0.1327ms)
  Γ£ö mergeConfigMeta preserves explicit autoFollowAgentTab true (0.1158ms)
Γ£ö terminal autoOpenOnAgentRun defaults (3.6338ms)
Γû╢ mergeConfigMeta workspace dev-server maps
  Γ£ö merges devServerSettingsByPath from patch without dropping existing keys (1.8731ms)
  Γ£ö merges devServerByPath from patch without dropping existing keys (0.3739ms)
Γ£ö mergeConfigMeta workspace dev-server maps (3.698ms)
(node:39564) ExperimentalWarning: Module mocking is an experimental feature and might change at any time
(Use `node --trace-warnings ...` to show where the warning was created)
Γû╢ safeAttachmentFilename
  Γ£ö neutralizes traversal, separators, and header injection (478.6067ms)
  Γ£ö caps absurdly long names (1.5159ms)
Γ£ö safeAttachmentFilename (486.3001ms)
Γû╢ fetchMessageAttachment
  Γ£ö returns the bytes of the part at the given index (33.569ms)
  Γ£ö resolves an inline part by Content-ID for cid: body sources (15.1978ms)
  Γ£ö sanitizes a hostile filename on the way out (5.6071ms)
  Γ£ö rejects an out-of-range index rather than serving the wrong part (10.4708ms)
  Γ£ö rejects an unknown message key (1.5269ms)
Γ£ö fetchMessageAttachment (66.8327ms)
Γû╢ attachment metadata persistence
  Γ£ö stores contentId and inline, and inline-only mail is not "has attachments" (4.3648ms)
Γ£ö attachment metadata persistence (4.5501ms)
(node:55268) ExperimentalWarning: Module mocking is an experimental feature and might change at any time
(Use `node --trace-warnings ...` to show where the warning was created)
Γû╢ draft persistence
  Γ£ö saves a partial draft and reads it back (3658.3018ms)
  Γ£ö accepts an entirely empty draft ΓÇö a draft is incomplete by definition (1.2238ms)
  Γ£ö autosaving the same id updates in place rather than piling up rows (1.6555ms)
  Γ£ö stores attachment metadata but not the bytes (1.3822ms)
  Γ£ö lists drafts for one thread, newest first (1.5476ms)
  Γ£ö deletes a draft and reports whether anything went (2.1076ms)
  Γ£ö a draft survives closing the database (11.4126ms)
Γ£ö draft persistence (3684.8828ms)
Γû╢ IMAP Drafts mirror
  Γ£ö appends with the \Draft flag (24.2331ms)
  Γ£ö expunges the previous copy so the folder does not fill up (5.6984ms)
  Γ£ö a mirror failure never costs the local draft (3.4508ms)
  Γ£ö reports when the account has no Drafts folder (7.0059ms)
  Γ£ö rejects an unknown draft id (1.4743ms)
Γ£ö IMAP Drafts mirror (42.477ms)
(node:18172) ExperimentalWarning: Module mocking is an experimental feature and might change at any time
(Use `node --trace-warnings ...` to show where the warning was created)
Γû╢ bodyStructure helpers
  Γ£ö pickPreviewPart prefers text/plain and skips attachments (4045.8851ms)
  Γ£ö pickPreviewPart falls back to html and skips oversized parts (1.1569ms)
Γ£ö bodyStructure helpers (4053.5631ms)
Γû╢ syncFolderMessages
  Γ£ö cold start fills the newest page and records uidvalidity (29.2362ms)
  Γ£ö backfill walks the whole folder in batches (487.0558ms)
  Γ£ö backfill walks past UID gaps left by deleted mail without stalling (33.6747ms)
  Γ£ö sync decodes base64 preview parts instead of storing raw encoding (5.7166ms)
  Γ£ö second sync fetches only UIDs above the cursor (8.1125ms)
  Γ£ö an unchanged mailbox re-ingests nothing (6.5707ms)
  Γ£ö external read and delete are reflected by the reconcile pass (9.7739ms)
  Γ£ö CONDSTORE skips the reconcile fetch when HIGHESTMODSEQ has not moved (8.9894ms)
  Γ£ö a uidvalidity change clears the folder and refills it (7.9663ms)
Γ£ö syncFolderMessages (597.952ms)
Γû╢ ensureMessageBody
  Γ£ö downloads the full source once and caches html + attachments (35.83ms)
Γ£ö ensureMessageBody (35.971ms)
Γû╢ connection reuse
  Γ£ö a bulk flag action opens one mailbox borrow per folder (23.0334ms)
Γ£ö connection reuse (23.201ms)
(node:56568) ExperimentalWarning: Module mocking is an experimental feature and might change at any time
(Use `node --trace-warnings ...` to show where the warning was created)
Γû╢ markAllMessagesRead
  Γ£ö empty unread set succeeds with zero counts (24.7737ms)
  Γ£ö reports attempted / updated / failed for a partial STORE failure (8.174ms)
Γ£ö markAllMessagesRead (39.0717ms)
(node:14656) ExperimentalWarning: Module mocking is an experimental feature and might change at any time
(Use `node --trace-warnings ...` to show where the warning was created)
Γû╢ outbox
  Γ£ö queues rather than sending immediately (1.7464ms)
  Γ£ö delivers once the undo window closes (135.2354ms)
  Γ£ö cancelling inside the window stops delivery for good (138.6057ms)
  Γ£ö cannot cancel after the window has closed (136.4639ms)
  Γ£ö cancelling an unknown id is an error, not a silent no-op (0.314ms)
  Γ£ö surfaces a failed send instead of losing it silently (124.2838ms)
  Γ£ö requires the fields SMTP will need (0.3257ms)
Γ£ö outbox (538.255ms)
Γû╢ send rate limit
  Γ£ö refuses a flood from one account and reports 429 (0.7738ms)
  Γ£ö limits each account separately (0.4894ms)
  Γ£ö a refused send is not queued (0.5512ms)
Γ£ö send rate limit (2.0108ms)
(node:16892) ExperimentalWarning: Module mocking is an experimental feature and might change at any time
(Use `node --trace-warnings ...` to show where the warning was created)
Γû╢ resolveMailFolder ΓÇö sent role
  Γ£ö prefers the \Sent special-use flag over any name (115.3544ms)
  Γ£ö falls back to conventional names when no flag is advertised (0.466ms)
  Γ£ö resolves the Gmail sent path by name (0.3992ms)
Γ£ö resolveMailFolder ΓÇö sent role (125.3582ms)
Γû╢ providerSelfFilesSent
  Γ£ö detects a Gmail-shaped mailbox by its \All folder (0.3853ms)
Γ£ö providerSelfFilesSent (0.5217ms)
Γû╢ appendToSentFolder
  Γ£ö appends the raw bytes as \Seen (1.1799ms)
  Γ£ö skips providers that file sent mail themselves (0.37ms)
  Γ£ö reports rather than throws when the server refuses the APPEND (0.5785ms)
  Γ£ö reports when the account has no sent folder at all (0.2352ms)
Γ£ö appendToSentFolder (2.6184ms)
Γû╢ buildOutgoingAttachments
  Γ£ö decodes base64 content and marks inline parts with a cid (3952.9672ms)
  Γ£ö refuses a payload over the size cap (22.4186ms)
  Γ£ö treats a missing list as no attachments (0.6001ms)
Γ£ö buildOutgoingAttachments (3976.2538ms)
Γû╢ sendEmail
  Γ£ö files a Sent copy whose bytes match what SMTP received (18.8932ms)
  Γ£ö keeps Bcc out of the message but inside the envelope (1.6693ms)
  Γ£ö carries attachments into the composed message (2.0983ms)
  Γ£ö still reports success when the Sent copy cannot be filed (0.9761ms)
Γ£ö sendEmail (23.921ms)
Γû╢ agent-packs builtin export
  Γ£ö buildBuiltinAgentPackFileMap includes shipped work agents (66.7761ms)
  Γ£ö exported manifest passes pack validation on disk (468.0295ms)
  Γ£ö buildBuiltinAgentPackZip emits a well-formed zip (205.5095ms)
  Γ£ö GET /api/agent-packs/builtin returns application/zip (30.5716ms)
Γ£ö agent-packs builtin export (772.0767ms)
Γû╢ agent-packs scan
  Γ£ö valid minimal pack is listed (6.5425ms)
[agent-packs] Skip empty-dir: missing manifest.json
  Γ£ö missing manifest is skipped from valid list (4.3952ms)
  Γ£ö invalid tool name fails validation (7.1482ms)
  Γ£ö path traversal in prompt path is rejected (1.7561ms)
  Γ£ö PATCH enable state persists in agent-packs.json (7.6403ms)
Γ£ö agent-packs scan (68.8003ms)
Γû╢ ensureAgentPacksLayout
  Γ£ö scaffolds template pack on fresh ~/.minnow home (21.9853ms)
  Γ£ö repairs partial template scaffold missing prompt files (61.4069ms)
Γ£ö ensureAgentPacksLayout (99.4952ms)
Γû╢ agent-packs template
  Γ£ö getAgentPackTemplateFileMap includes manifest and prompts (0.8807ms)
  Γ£ö buildAgentPackTemplateZip returns a valid zip archive (0.7228ms)
  Γ£ö buildAgentPackTemplateZip lists its entries (0.6985ms)
  Γ£ö GET /api/agent-packs/template returns application/zip (20.7703ms)
Γ£ö agent-packs template (24.4586ms)
Γû╢ agent-packs upload
  Γ£ö installAgentPackFromZip installs template zip to manifest id folder (23.6082ms)
  Γ£ö installAgentPackFromZip rejects archives without manifest.json (0.8777ms)
  Γ£ö POST /api/agent-packs/upload accepts multipart zip (18.1108ms)
  Γ£ö POST /api/agent-packs/upload rejects non-zip filenames (30.5757ms)
Γ£ö agent-packs upload (77.0825ms)
Γû╢ resolveChatContext
  Γ£ö returns worktreeRoot and groupId from chat.worktreeRoot (1.947ms)
  Γ£ö falls back to task.worktreePath when chat.worktreeRoot absent (0.8652ms)
  Γ£ö returns undefined for unknown chatId (0.5009ms)
Γ£ö resolveChatContext (4.2426ms)
Γû╢ resolveChatContext (SQLite hot path)
  Γ£ö returns worktreeRoot and groupId from SQLite without injectedState (21.1262ms)
Γ£ö resolveChatContext (SQLite hot path) (41.9726ms)
Γû╢ guardCdOutsideWorktree
  Γ£ö redirects a leading absolute Windows cd outside the worktree (0.606ms)
  Γ£ö redirects a leading absolute Unix cd outside the worktree (0.2441ms)
  Γ£ö does NOT redirect a cd that stays inside the worktree (0.1611ms)
  Γ£ö does NOT redirect relative cd (0.1338ms)
  Γ£ö does NOT redirect a non-cd command (0.1123ms)
  Γ£ö does NOT catch mid-command absolute cd (known limitation) (0.1106ms)
  Γ£ö handles command that is only a bare absolute cd (0.0982ms)
Γ£ö guardCdOutsideWorktree (1.7823ms)
Γû╢ board-task-ports
  Γ£ö buildBoardTaskSpawnEnv maps client and API ports (1.2194ms)
  Γ£ö resolveBoardTaskSpawnEnvForCommand injects when chat cwd matches worktree (2.8537ms)
  Γ£ö resolveBoardTaskSpawnEnvForCommand returns undefined for non-board cwd (0.6874ms)
Γ£ö board-task-ports (5.6037ms)
Γû╢ board-task-ports (SQLite hot path)
  Γ£ö resolves ports from board_tasks without injectedState (25.6302ms)
  Γ£ö returns undefined for non-board cwd via SQLite path (0.3942ms)
Γ£ö board-task-ports (SQLite hot path) (45.0178ms)
Γû╢ board-testing API dev gate
  Γ£ö returns 404 when MINNOW_DEBUG and MINNOW_TEST are unset (1.4982ms)
Γ£ö board-testing API dev gate (2.3095ms)
Γû╢ resolveChatCwd
  Γ£ö returns chat.worktreeRoot when set (1.8627ms)
  Γ£ö falls back to board task worktreePath (0.8258ms)
  Γ£ö returns undefined when group or task is missing (0.2814ms)
  Γ£ö returns undefined for unknown chatId (0.1578ms)
  Γ£ö returns undefined when injected state is invalid (0.1689ms)
Γ£ö resolveChatCwd (4.1709ms)
Γû╢ resolveChatCwd (SQLite hot path)
  Γ£ö reads worktreeRoot from chats row without injectedState (24.1955ms)
  Γ£ö falls back to board_tasks.worktree_path via indexed lookup (2.0699ms)
Γ£ö resolveChatCwd (SQLite hot path) (45.9245ms)
Γû╢ create document tools
  Γ£ö rejects paths with wrong extensions (1.5897ms)
  Γ£ö sanitizes forbidden Excel sheet name characters (78.4945ms)
  Γ£ö creates pdf, spreadsheet, and word files (989.4786ms)
  Γ£ö round-trips mixed Unicode PDF body text through extractDocumentText (1135.3357ms)
  Γ£ö paginates long PDF bodies and keeps line baselines above the margin (430.2306ms)
  Γ£ö wraps a 300-character unbroken token instead of overflowing (103.7233ms)
  Γ£ö splits mixed-script lines into latin, emoji, and CJK runs (0.9349ms)
Γ£ö create document tools (2746.8817ms)
(node:52032) [DEP0190] DeprecationWarning: Passing args to a child process with shell option true can lead to security vulnerabilities, as the arguments are not escaped, only concatenated.
(Use `node --trace-deprecation ...` to show where the warning was created)
Γû╢ dep-install
  Γ£ö refreshDependencies runs node install when a manifest/lockfile changed (1843.6725ms)
  Γ£ö refreshDependencies skips install when only unrelated files changed (1.1394ms)
[dep-install] go mod download exited 1: 'go' is not recognized as an internal or external command,
operable program or batch file.
  Γ£ö refreshDependencies never throws when install tooling is unavailable (60.2554ms)
  Γ£ö refreshDependencies materializes seed junction before install (1630.3139ms)
Γ£ö dep-install (3537.931ms)
Γû╢ dep-symlinks
  Γ£ö symlinkDependencyDirs links node_modules when package.json exists (7.8704ms)
  Γ£ö createWorktree links node_modules from integration worktree (seed resolves to main) (647.7314ms)
  Γ£ö createWorktree sees integration-layer installs in node_modules (625.7313ms)
  Γ£ö materializeDepDirs converts seed junction to absent dir without deleting main target (302.7184ms)
Γ£ö dep-symlinks (3333.6151ms)
Γû╢ design annotations middleware
  Γ£ö GET without a page returns 400 (13.6359ms)
  Γ£ö GET for an unknown page returns an empty shapes/pins document (4.9418ms)
  Γ£ö PUT persists a page and GET returns exactly what was written (17.1223ms)
  Γ£ö the JSON file lands under .minnow/design/annotations.json inside the workspace (51.266ms)
  Γ£ö different pages are stored independently under the same file (93.6551ms)
  Γ£ö PUT without a page returns 400 (5.0547ms)
  Γ£ö unsupported method returns 405 (1.5571ms)
Γ£ö design annotations middleware (219.1932ms)
Γû╢ findElementLineInSource (matcher)
  Γ£ö a unique id match is exact (1.6146ms)
  Γ£ö an id repeated on multiple lines is probable (first match wins) (0.2801ms)
  Γ£ö falls back to a distinctive class combo scoped to the tag when there is no id (0.3146ms)
  Γ£ö falls back to a normalized outerHTML slice when id and class both miss (1.0914ms)
  Γ£ö no signal hits anything returns null (0.2896ms)
  Γ£ö a short/generic htmlSnippet (< 8 normalized chars) is never used as a signal (0.1448ms)
Γ£ö findElementLineInSource (matcher) (4.712ms)
Γû╢ GET /api/design/source-map
  Γ£ö unique id match on a static page returns exact file:line (19.1079ms)
  Γ£ö an ambiguous class combo on a static page returns probable (3.797ms)
  Γ£ö no page returns a guess without erroring (1.8033ms)
  Γ£ö a non-HTML page returns a guess (dev-server pages are resolved client-side) (1.8397ms)
  Γ£ö an unknown page returns a guess instead of a 404/500 (2.9121ms)
  Γ£ö a page path outside the workspace returns a guess, not the file contents (2.6747ms)
  Γ£ö an id/class signal that matches nothing on the page returns a guess (4.6112ms)
  Γ£ö unsupported method returns 405 (1.2669ms)
Γ£ö GET /api/design/source-map (73.8165ms)
Γû╢ dev host state
  Γ£ö writeDevHostState round-trips localUrl and port (5.0308ms)
  Γ£ö clearDevHostState removes the file (1.2012ms)
  Γ£ö isDevHostProcessAlive reflects the writer pid (1.9537ms)
Γ£ö dev host state (20.5103ms)
Γû╢ renderDocumentPreviewHtml security
  Γ£ö strips XSS from spreadsheet sheet names and nested SheetJS markup (59.14ms)
  Γ£ö strips javascript: hyperlinks from docx preview HTML (557.6865ms)
Γ£ö renderDocumentPreviewHtml security (618.1854ms)
Γû╢ fake-model-server
  Γ£ö extractRequestContext detects builder seed and nudge history (1.7276ms)
  Γ£ö builder nth=0 emits board_report; nth=1 is prose unless nudge (0.6153ms)
  Γ£ö pickScenarioEmit returns board_report on missing-report nudge after nth=0 (1.1641ms)
  Γ£ö reset clears per-task nth so a second board run gets board_report again (0.328ms)
Γ£ö fake-model-server (4.9439ms)
Γû╢ detectDominantEol
  Γ£ö prefers CRLF when CRLF count is higher (0.8813ms)
  Γ£ö prefers LF when LF count is higher (0.2038ms)
Γ£ö detectDominantEol (2.732ms)
Γû╢ flexibleReplaceAll
  Γ£ö exact match still works (0.3967ms)
  Γ£ö matches CRLF file with LF search (0.3053ms)
  Γ£ö matches trailing-whitespace drift between lines (0.4586ms)
  Γ£ö preserves file EOL on replacement (0.1454ms)
  Γ£ö returns near-miss hint when no match (0.3477ms)
Γ£ö flexibleReplaceAll (1.9747ms)
Γû╢ coerceContentToFileEol
  Γ£ö leaves new-file content unchanged (0.2749ms)
  Γ£ö converts LF write content to match existing CRLF file (0.1766ms)
  Γ£ö converts CRLF append chunk to match existing LF file (0.235ms)
Γ£ö coerceContentToFileEol (0.8903ms)
Γû╢ resolveInsertLineFromAnchor
  Γ£ö before_text resolves to the anchor line (0.321ms)
  Γ£ö after_text resolves to the line after the anchor (0.107ms)
  Γ£ö refuses when anchor is not found (0.1462ms)
  Γ£ö refuses when anchor is ambiguous (0.1313ms)
Γ£ö resolveInsertLineFromAnchor (0.8578ms)
Γû╢ insert trailing newline behavior
  Γ£ö stripping trailing newline avoids an extra blank line when splitting (0.7117ms)
Γ£ö insert trailing newline behavior (0.8017ms)
Γû╢ git API
  Γ£ö status buckets untracked and modified files (376.347ms)
  Γ£ö stage, commit, and log (763.9626ms)
  Γ£ö commit auto-stages all changes when index is empty (511.7425ms)
  Γ£ö diff workingTree includes unstaged and untracked changes (256.4509ms)
  Γ£ö diff and show return patch output (298.894ms)
  Γ£ö branches lists current branch (144.5762ms)
  Γ£ö parseBranchList omits branches checked out in other worktrees (0.7466ms)
  Γ£ö filterUserFacingBranches omits board and locked worktree branches (0.1833ms)
  Γ£ö deleteBranch removes a non-current branch (486.4004ms)
  Γ£ö deleteBranch rejects main and master (202.2049ms)
  Γ£ö worktreeAdd and worktreeRemove manage linked worktrees (593.5257ms)
  Γ£ö worktreeRemove allows deleting the selected linked worktree when cwd is that path (334.6143ms)
  Γ£ö worktreeRemove rejects removing the principal worktree (73.3927ms)
  Γ£ö POST /api/git status honors cwd (125.8897ms)
  Γ£ö rejects unknown git op (1.1412ms)
  Γ£ö merge merges a topic branch (428.1741ms)
  Γ£ö stash push and list (232.0366ms)
  Γ£ö rebase replays branch commits onto main (559.3974ms)
  Γ£ö cherry-pick applies a commit onto main (412.1136ms)
  Γ£ö POST /api/git stashList honors cwd (77.9506ms)
  Γ£ö snapshotCreate makes a dangling commit without touching HEAD or index (425.048ms)
  Γ£ö snapshotRestore rewrites WT without moving HEAD and cleans untracked (1007.3565ms)
  Γ£ö POST /api/git snapshotCreate honors cwd (211.1548ms)
Γ£ö git API (9256.4136ms)
Γû╢ git-change-stats
  Γ£ö parseGitNumstat sums tab-separated rows (1.5882ms)
  Γ£ö parseGitNumstat skips binary placeholders (0.2775ms)
Γ£ö git-change-stats (2.8554ms)
Γû╢ git-diff truncation helpers
  Γ£ö splitDiffByFile separates per-file sections (1.1629ms)
  Γ£ö truncateGitDiff passes through small patches (0.3788ms)
  Γ£ö truncateGitDiff returns stat summary, included hunks, and omitted footer (0.6961ms)
Γ£ö git-diff truncation helpers (3.2949ms)
Γû╢ git_diff integration
  Γ£ö per-file git diff returns full patch when scoped (163.1288ms)
  Γ£ö repo-wide diff is truncated with metadata when changes are huge (2267.5656ms)
Γ£ö git_diff integration (4246.4826ms)
Γû╢ parseLogLine
  Γ£ö parses bare comma-separated refs after relative time (1.728ms)
  Γ£ö parses HEAD and remote refs after relative time (0.4122ms)
  Γ£ö parses commits without decorators (0.209ms)
  Γ£ö parses %x1f-delimited lines with multi-word authors exactly (0.21ms)
  Γ£ö parses %x1f-delimited merge commits and empty fields (0.1462ms)
Γ£ö parseLogLine (3.6483ms)
Γû╢ grep helpers
  Γ£ö isRipgrepMatchLine detects match vs context lines (1.0192ms)
  Γ£ö capGrepOutput caps all emitted lines including context (0.5663ms)
  Γ£ö capGrepOutput supports offset pagination (0.2165ms)
  Γ£ö capGrepOutput caps per-line length (0.2644ms)
  Γ£ö capGrepOutput enforces total output char budget (0.2902ms)
  Γ£ö truncateRipgrepOutput delegates to capGrepOutput (0.2003ms)
  Γ£ö formatGroupedGrepOutput groups path:line rows per file (0.4522ms)
Γ£ö grep helpers (4.1042ms)
Γû╢ grep constants (MIN-196)
  Γ£ö uses conservative default and max head limits (0.1748ms)
Γ£ö grep constants (MIN-196) (0.3085ms)
Γû╢ runGrepSearch fixture workspace
  Γ£ö finds matches under src/ (39.7256ms)
  Γ£ö respects .gitignore for ignored-dir (37.2285ms)
  Γ£ö returns no-match message when pattern is absent (30.7895ms)
  Γ£ö rejects invalid regex (0.3322ms)
  Γ£ö supports literal search (28.8004ms)
  Γ£ö supports case_insensitive search (19.4076ms)
  Γ£ö truncates when head_limit is exceeded (22.8142ms)
  Γ£ö supports output_mode files_with_matches (24.0253ms)
  Γ£ö supports output_mode count (25.519ms)
  Γ£ö supports output_mode grouped (20.8928ms)
  Γ£ö supports offset pagination (45.2495ms)
  Γ£ö rejects paths outside workspace (1.3366ms)
Γ£ö runGrepSearch fixture workspace (1413.2337ms)
Γû╢ runFindFilesSearch fixture workspace
  Γ£ö finds .ts files with forward-slash relative paths (30.2194ms)
  Γ£ö matches a bare basename glob in any directory (37.9563ms)
  Γ£ö respects .gitignore (excludes ignored-dir) (20.1693ms)
  Γ£ö returns a no-match message for an absent pattern (32.7019ms)
  Γ£ö scopes results to a subdirectory (35.8486ms)
Γ£ö runFindFilesSearch fixture workspace (440.6607ms)
Γ£ö blocks image-name kills of the Minnow host (1.9225ms)
Γ£ö blocks freeing the live dev port via common tools (0.462ms)
Γ£ö blocks killing the host node PID (1.2351ms)
Γ£ö allows legitimate commands (0.6723ms)
Γ£ö ignores empty / non-string input (0.1589ms)
Γû╢ host port bind guard
  Γ£ö blocks explicit bind to the live Minnow port (1.3829ms)
  Γ£ö allows Vite default and other ports (0.4783ms)
Γ£ö host port bind guard (3.5956ms)
Γû╢ line-diff-stats
  Γ£ö normalizeDiffText collapses CRLF and trims line ends (0.9643ms)
  Γ£ö countLineChangeStats counts add and remove lines (0.9565ms)
  Γ£ö new file is all additions (0.2228ms)
  Γ£ö countAppendLineStats treats append as additions only (0.7645ms)
  Γ£ö countLinesInText for delete stats (0.1612ms)
  Γ£ö codeChangeFromDiff omits zero stats (0.4963ms)
  Γ£ö buildDiffLines returns add/remove rows (0.2229ms)
  Γ£ö buildAddOnlyDiffLines is add-only (0.2074ms)
Γ£ö line-diff-stats (5.1653ms)
Γû╢ serialized log write concurrency
  Γ£ö should handle 500 rapid concurrent writes to the same file without EMFILE (1343.8199ms)
  Γ£ö should isolate queues across different file paths (339.2624ms)
  Γ£ö should not block future writes after a simulated write failure (4.1533ms)
Γ£ö serialized log write concurrency (1696.0369ms)
Γû╢ minnow port constants
  Γ£ö client, electron, and server defaults stay in sync (208.3147ms)
  Γ£ö ignores legacy PORT=5173 so workspace Vite can keep it (0.4319ms)
Γ£ö minnow port constants (209.7132ms)
Γû╢ resolveOneShotSpawn
  Γ£ö wraps Unix one-shot strings in a login shell (1.4942ms)
  Γ£ö uses cmd.exe for Windows one-shot strings (0.2002ms)
  Γ£ö routes Windows one-shot strings through WSL when profile is wsl (354.0177ms)
  Γ£ö passes argv invocations through unchanged (0.3721ms)
  Γ£ö honors SHELL on macOS when set to zsh (0.3188ms)
Γ£ö resolveOneShotSpawn (357.4614ms)
Γû╢ executeCommandBlocking unix shell strings
  Γ£ö runs shell metacharacters via login shell on Unix (0.2151ms)
Γ£ö executeCommandBlocking unix shell strings (0.3177ms)
Γû╢ orchestrate board-log API
  Γ£ö appends one JSON line per event (20.7038ms)
  Γ£ö rejects missing groupId or event (2.9323ms)
  Γ£ö GET board-log ping returns 204 (1.6796ms)
Γ£ö orchestrate board-log API (50.012ms)
Γû╢ orchestrate board-testing API
  Γ£ö GET status reports fake model stopped by default (723.9232ms)
  Γ£ö fake model start and stop (167.9817ms)
[fake-model] POST /v1/chat/completions (#1) role=builder taskId=W1-A
  Γ£ö configures a running fake-model scenario and exposes only sanitized request tails (82.4721ms)
  Γ£ö seed upserts test board sessions (3551.291ms)
  Γ£ö seed without stable ids creates a new board each time (30.9507ms)
  Γ£ö check-log validates fixture JSONL (8.1349ms)
  Γ£ö tails bounded board logs and rejects paths and escaping symlinks (5.9613ms)
Γ£ö orchestrate board-testing API (6020.8019ms)
Γû╢ orchestrate scenario runner
  Γ£ö validates prepare input and writes a fixed artifact manifest (212.3811ms)
  Γ£ö unsupported live execution is recorded as harness_error (29.0473ms)
  Γ£ö uses deterministic seeds and sanitizes persisted driver artifacts (47.3202ms)
  Γ£ö cooperatively stops an active driver and bounds iteration timeout (118.841ms)
  Γ£ö external API accepts only the next deterministic result and supports replay (4310.8041ms)
  Γ£ö external timeout, fail-fast, and stop all reach bounded terminal states (196.953ms)
  Γ£ö replay preserves the selected iteration seed and API enforces state transitions (42.1129ms)
Γ£ö orchestrate scenario runner (4973.7582ms)
Γû╢ output-cap
  Γ£ö capLineLength adds ellipsis for long lines (0.9901ms)
  Γ£ö capTextOutput truncates with metadata footer (1.5946ms)
  Γ£ö capTextOutput does not flag CRLF text under the cap as truncated (0.2537ms)
  Γ£ö capReadFileOutput hard-truncates a single oversized line (0.2232ms)
  Γ£ö appendWithByteCap stops at byte budget (0.3125ms)
  Γ£ö capReadFileOutput keeps complete lines and suggests read_file_range (0.2801ms)
Γ£ö output-cap (4.8362ms)
Γû╢ resolveModeIdFromToolsBody
  Γ£ö reads modeId string (0.8135ms)
  Γ£ö planMode flag forces plan (0.2231ms)
Γ£ö resolveModeIdFromToolsBody (1.9808ms)
Γû╢ server blockPlanModeWrite
  Γ£ö allows save_file for plan markdown in plan mode (1.1085ms)
  Γ£ö blocks save_file outside plans in plan mode (0.246ms)
  Γ£ö does not block build mode writes (0.1232ms)
  Γ£ö blocks append_file in plan mode (0.1052ms)
Γ£ö server blockPlanModeWrite (1.7982ms)
Γû╢ server plan path helpers
  Γ£ö isUnderDocumentationPlans accepts nested dirs (0.156ms)
  Γ£ö isPlanMarkdownPath rejects non-md under plans (0.2412ms)
Γ£ö server plan path helpers (0.8607ms)
Γû╢ preview middleware
  Γ£ö GET /api/preview/ping returns ok (11.2711ms)
  Γ£ö GET /api/preview/file/index.html serves HTML (4.0706ms)
  Γ£ö GET /api/preview/file/index.html?raw=1 skips base injection for editor loads (9.3666ms)
  Γ£ö GET /api/preview/file/style.css serves CSS (5.3026ms)
  Γ£ö rejects path traversal (2.3861ms)
  Γ£ö blocks node_modules paths (1.3455ms)
Γ£ö preview middleware (1231.6024ms)
Γû╢ preview middleware workspaceRoot override
  Γ£ö GET /api/preview/file serves from desktop workspace when workspaceRoot is set (36.8067ms)
  Γ£ö rejects disallowed workspaceRoot (62.9986ms)
Γ£ö preview middleware workspaceRoot override (938.3007ms)
Γû╢ process-runner output caps
  Γ£ö formatProcessOutput truncates oversized stdout (2.5582ms)
  Γ£ö formatProcessOutput notes subprocess accumulation truncation (0.3559ms)
  Γ£ö runProcess stops accumulating stdout beyond byte ceiling (325.8668ms)
Γ£ö process-runner output caps (329.9617ms)
Γû╢ read-document extensions
  Γ£ö recognizes common office extensions (0.6901ms)
Γ£ö read-document extensions (6.0711ms)
Γû╢ extractDocumentText spreadsheet
  Γ£ö extracts sheet rows from xlsx (45.6688ms)
Γ£ö extractDocumentText spreadsheet (45.8066ms)
Γû╢ toolReadDocument
  Γ£ö rejects unknown extensions (0.6107ms)
  Γ£ö requires path or base64 content (0.2728ms)
  Γ£ö rejects paths outside the workspace (7.8612ms)
  Γ£ö reads workspace documents by path (9.0104ms)
  Γ£ö round-trips PDF and Word documents created in the workspace (2131.7679ms)
  Γ£ö caps output for very wide spreadsheets (23.8702ms)
  Γ£ö errors on corrupt xlsx instead of returning garbage text (2.8342ms)
Γ£ö toolReadDocument (2176.9232ms)
Γû╢ readTerminalShellConfigFromMeta
  Γ£ö reads default and workspace shell profile overrides (1.6547ms)
Γ£ö readTerminalShellConfigFromMeta (2.4732ms)
Γû╢ resolveShellProfileId
  Γ£ö prefers workspace override over global default (272.2217ms)
Γ£ö resolveShellProfileId (272.3477ms)
Γû╢ isHtmlNavigationRequest
  Γ£ö treats extensionless app routes as HTML navigations (0.8428ms)
  Γ£ö skips Vite dev internal paths without file extensions (0.2023ms)
  Γ£ö skips module and asset paths (0.1742ms)
Γ£ö isHtmlNavigationRequest (2.092ms)
Γû╢ resolvePtySessionCwd
  Γ£ö uses project root when no chat or cwd (0.7942ms)
  Γ£ö resolves chat worktree when chatId is set (5.9757ms)
  Γ£ö prefers explicit cwd over chat worktree (2.3815ms)
  Γ£ö falls back to project root when chat has no worktree (0.2877ms)
Γ£ö resolvePtySessionCwd (10.6442ms)
Γû╢ validateSessionState board log
  Γ£ö round-trips valid log events (4.6067ms)
  Γ£ö drops malformed events and strips unknown detail keys (0.39ms)
  Γ£ö round-trips quarantine, nudge, and Phase-2 durable evidence (1.0472ms)
  Γ£ö truncates oversized log on load and long detail strings (3.6672ms)
Γ£ö validateSessionState board log (11.8097ms)
Γû╢ validateSessionState orchestrate board
  Γ£ö preserves autoRunning, sequential mode, and task chat links on save (2.7189ms)
  Γ£ö preserves afk executionMode on save (0.4363ms)
  Γ£ö coerces junk executionMode to manual (0.2963ms)
  Γ£ö preserves pendingAfk on save (0.2825ms)
  Γ£ö quarantined status round-trips through validator (1.0249ms)
  Γ£ö malformed quarantine payload is dropped, task status still accepted (0.3139ms)
  Γ£ö board-level provisioning fields round-trip (0.3327ms)
Γ£ö validateSessionState orchestrate board (6.6078ms)
Γû╢ mergeConfigMeta autopilot
  Γ£ö defaults autopilot block when patch provides empty object (1.488ms)
  Γ£ö clamps autopilot numeric fields (0.3962ms)
  Γ£ö validates execution and isolation mode enums (0.2343ms)
  Γ£ö partial patch updates only provided autopilot fields (0.1916ms)
Γ£ö mergeConfigMeta autopilot (2.5991ms)
Γû╢ normalizeSuperPlanConfig
  Γ£ö defaults match Phase 6 spec (0.3337ms)
  Γ£ö mergeConfigMeta persists planning.superPlan (0.1716ms)
Γ£ö normalizeSuperPlanConfig (0.6102ms)
Γû╢ validateSessionState workspace schema
  Γ£ö accepts v1 input and returns version 6 with workspacePath (2.5407ms)
  Γ£ö accepts v5 input with sidebar groups (0.5043ms)
  Γ£ö preserves Email mode and app scope for Email-owned conversations (0.2165ms)
  Γ£ö preserves MIN-275 worktree isolation fields on chats and board tasks (0.6365ms)
  Γ£ö preserves superPlan on chats across validateSessionState round-trip (0.3277ms)
  Γ£ö preserves activeGoal on chats across validateSessionState round-trip (0.2932ms)
  Γ£ö migrates v5 expertSelection to v6 expertId and expertRuntime (0.3097ms)
  Γ£ö rejects unknown session versions (0.3916ms)
  Γ£ö preserves previously dropped Chat fields and codeChangeTotalsByWorkspace (0.3538ms)
  Γ£ö does not trim chats above the former MAX_CHATS limit (0.5454ms)
Γ£ö validateSessionState workspace schema (7.3202ms)
Γû╢ classifyDdgHtml
  Γ£ö detects HTTP 202 bot challenge (1.5806ms)
  Γ£ö detects anomaly-modal markup (0.1785ms)
  Γ£ö detects bots use DuckDuckGo copy (0.1993ms)
  Γ£ö detects anomaly.js form action (0.2057ms)
  Γ£ö returns results when result__a links exist (0.2636ms)
  Γ£ö returns empty when no results or challenge (0.1242ms)
Γ£ö classifyDdgHtml (3.5161ms)
Γû╢ parseDdgHtmlStructured
  Γ£ö returns structured title, url, and snippet rows (1.1876ms)
Γ£ö parseDdgHtmlStructured (1.343ms)
Γû╢ parseDdgHtmlResults
  Γ£ö formats titles, urls, and snippets (0.6138ms)
Γ£ö parseDdgHtmlResults (0.746ms)
Γû╢ DDG_BOT_CHALLENGE_MESSAGE
  Γ£ö mentions Brave and Tavily configuration (0.2069ms)
Γ£ö DDG_BOT_CHALLENGE_MESSAGE (0.2907ms)
Γû╢ formatTavilySearchResults
  Γ£ö formats non-empty Tavily result rows (0.9265ms)
  Γ£ö returns explicit empty message when results array is empty (0.2617ms)
Γ£ö formatTavilySearchResults (2.0498ms)
Γû╢ assessUnixPipeOnWindows
  Γ£ö flags pipe to tail on win32 (3.274ms)
  Γ£ö allows plain npm test on win32 (0.3338ms)
  Γ£ö allows sort on win32 (exists on Windows) (0.3819ms)
  ∩╣ú returns null on non-Windows platforms (0.1055ms) # SKIP
  Γ£ö ignores empty input (0.2681ms)
Γ£ö assessUnixPipeOnWindows (5.5307ms)
Γû╢ workspace-change-snapshot
  Γ£ö diffNumstatSnapshots subtracts aggregate stats (0.9995ms)
  Γ£ö diffNumstatSnapshots returns zero when unchanged (0.1915ms)
  Γ£ö re-exports parseGitNumstat (0.2162ms)
Γ£ö workspace-change-snapshot (2.3893ms)
Γû╢ worktree allowlist
  Γ£ö isRepoLocalWorktreePath accepts repo-local .worktrees/ (2.4969ms)
  Γ£ö isRegisteredGitWorktreePath accepts sibling git worktree paths (56.826ms)
  Γ£ö validateAllowedWorkspaceRoot resolves registered worktree directory (2.6312ms)
  Γ£ö rejects arbitrary paths outside allowlist (3.9591ms)
Γ£ö worktree allowlist (1946.866ms)
Γû╢ chat worktree ops
  Γ£ö createChatWorktree creates a managed slot under MINNOW_HOME (260.2841ms)
  Γ£ö createChatWorktree is idempotent for an existing slot (1.0656ms)
  Γ£ö removeChatWorktree removes the managed slot (108.9508ms)
Γ£ö chat worktree ops (2123.4936ms)
Γû╢ worktree middleware finish ops
  Γ£ö commit_integration returns HTTP 200 (not ReferenceError 400) (210.0832ms)
  Γ£ö merge_integration_into_workspace returns HTTP 200 (388.1023ms)
Γ£ö worktree middleware finish ops (2794.2976ms)
Γû╢ worktree commit and merge checks
  Γ£ö commitWorktree returns committed:false when there are no changes (106.6276ms)
  Γ£ö checkWorktreeDirty reports clean and dirty task worktrees (115.7382ms)
  Γ£ö commitWorktree captures untracked files and checkMerged is true after merge (438.9902ms)
(node:40884) [DEP0190] DeprecationWarning: Passing args to a child process with shell option true can lead to security vulnerabilities, as the arguments are not escaped, only concatenated.
(Use `node --trace-deprecation ...` to show where the warning was created)
  Γ£ö refreshIntegrationDeps attempts node install after package.json merge (1490.9384ms)
  Γ£ö integrationStats returns numstat for merged integration branch (189.7063ms)
  Γ£ö commitIntegration stages untracked files in integration worktree (161.8013ms)
  Γ£ö pushIntegration soft-fails when no origin remote (43.072ms)
  Γ£ö workspaceLandingStats reports incoming integration diff before landing (244.2618ms)
  Γ£ö mergeIntegrationIntoWorkspace lands integration into workspace checkout (520.7014ms)
Γ£ö worktree commit and merge checks (5474.8747ms)
Γû╢ worktree conflict merge and verification
  Γ£ö mergeIntoIntegration leaves integration mid-merge on conflict (202.9892ms)
  Γ£ö resolve + commit --no-edit yields true merge verified by verifyIntegrationMerge (276.2485ms)
  Γ£ö fake single-parent merge fails verification; restoreIntegration resets tip (847.3988ms)
  Γ£ö cleanupBoardWorktrees keeps integration by default and removes all when includeIntegration (272.7317ms)
Γ£ö worktree conflict merge and verification (2703.7826ms)
Γû╢ windowsPathToWslPath
  Γ£ö maps drive-letter paths to /mnt mounts (1.808ms)
  Γ£ö passes through POSIX paths (0.1962ms)
Γ£ö windowsPathToWslPath (2.8897ms)
Γû╢ wslPathToWindowsPath
  Γ£ö maps /mnt paths back to Windows (0.2414ms)
Γ£ö wslPathToWindowsPath (0.3666ms)
Γû╢ parseWslDistroList
  Γ£ö strips BOM and splits lines (0.8575ms)
Γ£ö parseWslDistroList (0.96ms)
Γû╢ parseDefaultWslDistro
  Γ£ö reads the starred default row (0.2928ms)
Γ£ö parseDefaultWslDistro (0.4003ms)
Γû╢ buildWslOneShotSpawn
  Γ£ö wraps one-shot commands in bash -l -c (0.2696ms)
Γ£ö buildWslOneShotSpawn (0.3878ms)
Γû╢ listWslDistros fixtures
  Γ£ö returns parsed distros and default from fixture output (0.2347ms)
Γ£ö listWslDistros fixtures (0.2989ms)
Γû╢ drainQueue config-load rejection
  Γ£ö rejection is contained and a later drain still dispatches the queued run (66.9224ms)
Γ£ö drainQueue config-load rejection (68.1575ms)
Γû╢ pty-protocol
  Γ£ö parses input message (1.4608ms)
  Γ£ö parses resize message (0.2121ms)
  Γ£ö rejects oversized payload (0.1797ms)
  Γ£ö formats server output (0.1888ms)
Γ£ö pty-protocol (3.038ms)
Γû╢ shell-profiles
  Γ£ö win32 includes powershell and cmd (2.0771ms)
  Γ£ö darwin includes zsh and bash (0.1806ms)
  Γ£ö linux includes bash (0.1205ms)
  Γ£ö win32 adds per-distro WSL profiles when wsl option true (0.6416ms)
  Γ£ö resolvePtySpawnForProfile maps cwd into wsl --cd (300.909ms)
Γ£ö shell-profiles (304.9413ms)
Γû╢ workspace dev-server API
  Γ£ö startup reports no_guide without startup.md (424.0241ms)
  Γ£ö start fails without startup.md (337.4302ms)
  Γ£ö start and stop with node one-shot command (1390.6166ms)
  Γ£ö GET and PUT dev-server settings (164.6003ms)
  Γ£ö start POST body persists port before spawn (472.1832ms)
  Γ£ö stop while starting before health passes (470.3668ms)
  Γ£ö status poll promotes starting to running when health becomes ok (469.5379ms)
  Γ£ö GET /api/workspace/dev-servers lists seeded primary (134.6069ms)
  Γ£ö POST create + DELETE user server (236.1458ms)
  Γ£ö GET /api/workspace/ports returns ports array (987.6086ms)
Γ£ö workspace dev-server API (6381.6848ms)
Γû╢ dev-server manager tools
  Γ£ö startDevServer registers running state when startup.md guide matches (1867.5447ms)
  Γ£ö toolStartBackgroundCommand returns ok for matching startup.md command (462.3013ms)
  Γ£ö toolStartBackgroundCommand skips registration for unrelated commands (219.5038ms)
  Γ£ö legacy flat persisted row migrates to servers.primary (540.7629ms)
Γ£ö dev-server manager tools (4286.1878ms)
Γû╢ dev-server ports
  Γ£ö parseNetstatListening extracts LISTENING rows (1.24ms)
  Γ£ö parseLsofListening extracts listen rows (0.6511ms)
  Γ£ö parseTasklistCsv maps pid to image (0.2572ms)
  Γ£ö findFreePort skips used ports (0.2172ms)
  Γ£ö assessPortOwnerKill refuses process.pid (0.3892ms)
Γ£ö dev-server ports (3.837ms)
Γû╢ dev-server registry
  Γ£ö seeds primary from startup.md when registry empty (268.3707ms)
  Γ£ö startup.md-linked entry re-reads command from disk (224.3179ms)
  Γ£ö CRUD for user-defined servers (427.1367ms)
Γ£ö dev-server registry (2014.7791ms)
Γû╢ manage_dev_servers tool
  Γ£ö create and list registry entries (374.7365ms)
  Γ£ö update user-defined server (283.2724ms)
  Γ£ö delete requires confirmation and blocks startup.md rows (600.9759ms)
  Γ£ö rejects unknown action (0.3541ms)
Γ£ö manage_dev_servers tool (2463.2369ms)
Γû╢ effective dev-server guide
  Γ£ö rewriteHealthUrlForProbe keeps localhost and updates port (0.9168ms)
  Γ£ö augmentDevServerCommand appends vite flags for npm run dev (0.4329ms)
  Γ£ö resolveEffectiveGuide uses settings port and network (1.0361ms)
  Γ£ö buildDevServerSpawnEnv sets HOST for lan (0.221ms)
  Γ£ö isSplitStackDevCommand detects concurrently (0.1401ms)
  Γ£ö augmentConcurrentlyQuotedSegments injects port into client child only (0.5204ms)
  Γ£ö expandPackageDevScript expands npm run dev when package.json uses concurrently (6.8114ms)
  Γ£ö resolveEffectiveGuide augments split-stack npm run dev from package.json (4.6889ms)
  Γ£ö resolveEffectiveGuide honors apiPort from startup guide (12.2253ms)
Γ£ö effective dev-server guide (35.589ms)
Γû╢ GET /api/workspace/loc
  Γ£ö returns line and file counts for the workspace (48.4625ms)
Γ£ö GET /api/workspace/loc (1165.7289ms)
Γû╢ realpathForBoundaryCheck
  Γ£ö resolves existing files through realpath (2.9644ms)
  Γ£ö walks up for missing leaf paths (create operations) (1.2167ms)
Γ£ö realpathForBoundaryCheck (15.071ms)
Γû╢ isResolvedPathUnderRoot
  Γ£ö allows normal paths under workspace (11.5915ms)
  Γ£ö allows non-existent create paths under workspace (0.8324ms)
  Γ£ö blocks symlink that points outside workspace (6.9709ms)
  Γ£ö blocks traversal that only passes string prefix check via symlink dir (2.4521ms)
  Γ£ö rejects paths that resolve outside without symlinks (0.65ms)
Γ£ö isResolvedPathUnderRoot (41.3764ms)
Γû╢ startup.md parse
  Γ£ö parses frontmatter and body (1.2222ms)
  Γ£ö requires command in frontmatter (0.2803ms)
  Γ£ö coerceStartupGuide rejects empty command (0.1451ms)
Γ£ö startup.md parse (2.568ms)
Γû╢ startup cwd resolution
  Γ£ö resolveSafePath keeps cwd under workspace (1023.7433ms)
  Γ£ö startupFilePath is workspace root file (0.4203ms)
Γ£ö startup cwd resolution (1024.4339ms)
Γû╢ workspace API
  Γ£ö GET returns default workspace (app cwd) (60.6083ms)
  Γ£ö PUT sets workspace and persists to config.json (255.1759ms)
  Γ£ö second PUT adds both paths with newer first (179.0599ms)
  Γ£ö PUT same path again dedupes and keeps path first (163.3817ms)
  Γ£ö GET recent includes exists and isCurrent (159.976ms)
  Γ£ö DELETE recent removes entry without changing active path (225.3454ms)
  Γ£ö 11th distinct path caps list at 10 (1517.8883ms)
  Γ£ö PUT rejects missing directory (1.3573ms)
  Γ£ö initWorkspaceRoot reloads saved path (144.6887ms)
  Γ£ö GET browse without path returns quick roots (2.374ms)
  Γ£ö GET browse lists child directories only (1.9655ms)
  Γ£ö GET browse rejects missing directory (0.9563ms)
  Γ£ö POST mkdir creates subfolder under parent (9.1792ms)
  Γ£ö POST mkdir rejects duplicate folder (1.4008ms)
  Γ£ö POST mkdir rejects invalid name (0.6914ms)
  Γ£ö POST mkdir rejects empty parentPath (0.5373ms)
  Γ£ö POST reveal-in-explorer rejects missing path (0.493ms)
  Γ£ö POST reveal-in-explorer rejects path outside workspace (118.6482ms)
Γ£ö workspace API (3619.578ms)
Γä╣ tests 555
Γä╣ suites 136
Γä╣ pass 554
Γä╣ fail 0
Γä╣ cancelled 0
Γä╣ skipped 1
Γä╣ todo 0
Γä╣ duration_ms 10759.5269

Γû╢ tsx-mocks-loader batch 1/4 (300 files)
Γû╢ index.html a11y shell
  Γ£ö model select trigger exposes listbox popup semantics (0.7775ms)
  Γ£ö app loader exposes busy status region (0.2006ms)
  Γ£ö native model select is present as SR fallback (0.1232ms)
Γ£ö index.html a11y shell (1.8547ms)
Γû╢ shell keyboard help
  Γ£ö visible catalog includes shell, chat, and board sections (0.7747ms)
  Γ£ö visible catalog omits release-gated apps (0.1873ms)
  Γ£ö catalog documents question mark shortcut (0.2091ms)
Γ£ö shell keyboard help (1.9411ms)
Γû╢ stream-announcer
  Γ£ö throttles repeated prose announcements (10.363ms)
  Γ£ö cancel clears busy state without completion message (2.4795ms)
Γ£ö stream-announcer (13.8174ms)
Γû╢ controller heartbeat wrapper
  Γ£ö heartbeat tick updates lastHeartbeatAt (1.7758ms)
  Γ£ö bumpProgress increments progressSeq (0.3954ms)
  Γ£ö visibilitychange resets baselines (0.3388ms)
  Γ£ö progress age is frozen while the page is hidden (0.3719ms)
  Γ£ö hidden interval is excluded after the page becomes visible again (0.2596ms)
  Γ£ö progress age resumes counting after the page becomes visible (0.2324ms)
Γ£ö controller heartbeat wrapper (4.385ms)
Γû╢ controller persistence
  Γ£ö resultCommitKey matches server buildResultKey (10.1449ms)
  Γ£ö registry PUT round-trips via API (1387.6603ms)
  Γ£ö reconcile: committed result present finalizes via handler (225.9006ms)
  Γ£ö reconcile: absent committed result routes to interrupted handler (46.2997ms)
  Γ£ö supersedeOlderAttempts marks lower attempt interrupted (154.5012ms)
  Γ£ö mirrorRegistryEntry coalesces multiple updates into one PUT (52.5492ms)
  Γ£ö supersedeOlderAttempts no-ops for first attempt (50.4789ms)
Γ£ö controller persistence (1999.5173ms)
Γû╢ controller registry scheduleRunEviction
  Γ£ö does not throw when global process is undefined (renderer) (1.2403ms)
  Γ£ö skips scheduling when MINNOW_TEST=1 (0.3869ms)
Γ£ö controller registry scheduleRunEviction (2.3883ms)
Γû╢ controller watchdog
  Γ£ö non-mutating explore run is eligible for tier-1 (1.9071ms)
  Γ£ö progress stall on explore triggers tier-1 recovery (440.9978ms)
  Γ£ö progress stall on shell triggers tier-2 surface (431.0169ms)
  Γ£ö mock runner rejection settles failed (873.3148ms)
  Γ£ö AFK board: mutating run stall uses tier2AutoRecover (watchdog_tier2_autorecover: error) (410.9972ms)
  Γ£ö non-AFK mutating run stall uses tier2Surface (watchdog_tier2: error) (418.2256ms)
  Γ£ö repetition detection triggers tier-2 for mutating runs (425.8601ms)
  Γ£ö watchdog does not false-positive after visibility baseline reset (410.6076ms)
  Γ£ö duplicate tool threshold 0 disables repetition detection (433.5389ms)
Γ£ö controller watchdog (3848.23ms)
Γû╢ mergeThinkingIntoCompletionBody
  Γ£ö dropdown models enable thinking when inherited on despite catalog default off (1.5968ms)
  Γ£ö utility off forces reasoning_effort off for level-only catalogs (0.2412ms)
  Γ£ö llama-cpp applies default request budget when feature is supported (0.2305ms)
Γ£ö mergeThinkingIntoCompletionBody (2.9582ms)
Γû╢ orchestrator liveCurrentToolName
  Γ£ö recordToolCallForRun sets liveCurrentToolName (467.139ms)
Γ£ö orchestrator liveCurrentToolName (468.1099ms)
Γû╢ pack-loader
  Γ£ö expands manifest to namespaced agent ids (1.5555ms)
  Γ£ö rejects collision with built-in id (1.2294ms)
  Γ£ö user override wins over pack modelId (0.2369ms)
  Γ£ö mergePackAgentsIntoMap appends without replacing builtins (0.1965ms)
Γ£ö pack-loader (6.1817ms)
Γû╢ resolveSubAgentToolModeId
  Γ£ö maps super-plan and plan to build for nested tool policy (0.7455ms)
  Γ£ö passes through other modes unchanged (0.207ms)
Γ£ö resolveSubAgentToolModeId (1.7509ms)
Γû╢ clampThinkingBudgetTokens
  Γ£ö clamps positive values to [10, 200_000] (0.6616ms)
  Γ£ö zero stays zero and invalid becomes null (0.1445ms)
Γ£ö clampThinkingBudgetTokens (2.0779ms)
Γû╢ resolveThinkingBudgetTokens
  Γ£ö global budget applies when layers inherit (0.4863ms)
  Γ£ö work-agent override beats global (0.1992ms)
  Γ£ö zero at work-agent tier disables inherited global budget (0.1783ms)
  Γ£ö sub-agent type override beats global (0.3078ms)
Γ£ö resolveThinkingBudgetTokens (1.3856ms)
Γû╢ ThinkingBudgetTracker
  Γ£ö feed accumulates and exceeded trips at limit (0.2517ms)
  Γ£ö feed replaces cumulative reasoning instead of double-counting (0.1428ms)
  Γ£ö endSession resets exceeded state (0.1539ms)
  Γ£ö prefill builder wraps partial thinking with nudge (0.2885ms)
Γ£ö ThinkingBudgetTracker (1.0817ms)
Γû╢ resolveThinkingMode
  Γ£ö global default on when layers inherit (2.3791ms)
  Γ£ö work-agent on overrides global off (0.1876ms)
  Γ£ö chat on overrides sub-agent type off (0.1394ms)
  Γ£ö chat inherit uses sub-agent type on (0.1601ms)
Γ£ö resolveThinkingMode (4.677ms)
Γû╢ sampler preset merge
  Γ£ö work agent merges global, role default, and user partial override (1.6369ms)
  Γ£ö passthrough work agent uses global drawer only (0.2957ms)
  Γ£ö sub-agent uses type sampler not drawer temperature (0.8491ms)
  Γ£ö clampSamplerPreset strips invalid values (0.2758ms)
  Γ£ö samplerToCompletionFields omits unset extended params (0.3786ms)
  Γ£ö samplerToCompletionFields omits neutral penalty defaults (0.2592ms)
  Γ£ö applySamplerToBody spreads mapped keys (0.2559ms)
  Γ£ö mergeSamplerLayers is field-level (0.1908ms)
  Γ£ö presence penalty maps to presence_penalty and clamps to [0,2] (0.282ms)
  Γ£ö mergeSamplerLayers overrides presence penalty when defined (0.2636ms)
Γ£ö sampler preset merge (6.0167ms)
Γû╢ server sampler normalization
  Γ£ö normalizeSamplerPreset clamps temperature (0.7728ms)
  Γ£ö normalizeSubAgentsConfig clamps checkInNudgeMs (0.3652ms)
  Γ£ö normalizeSubAgentsConfig clamps types.*.sampler (0.1817ms)
Γ£ö server sampler normalization (2.1061ms)
Γû╢ sub-agent-outcome
  Γ£ö isMaxToolTurnSummary matches exhaustion summary (0.9224ms)
  Γ£ö isMaxToolTurnFailure uses error and summary (0.2226ms)
  Γ£ö isSubAgentRunSuccessful rejects completed max-turn runs (0.187ms)
Γ£ö sub-agent-outcome (2.3343ms)
Γû╢ thinkingToCompletionBody
  Γ£ö openai-v1 on enables thinking without enable_thinking (Kimi compat) (1.5251ms)
  Γ£ö openai-v1 off disables DeepSeek thinking without reasoning_effort none (0.1932ms)
  Γ£ö lm-studio-v0 on includes enable_thinking and medium effort (0.1742ms)
  Γ£ö lm-studio-v0 off includes none effort and best-effort hint (0.1293ms)
  Γ£ö respects reasoningAllowedOptions (0.1556ms)
  Γ£ö level-only allowed options map on to medium effort (0.2521ms)
  Γ£ö anthropic-v1 uses adaptive thinking for sonnet-5 capabilities (0.1837ms)
  Γ£ö anthropic-v1 medium effort maps to adaptive + effort for opus-4-6 (0.1485ms)
  Γ£ö anthropic-v1 off omits thinking (do not send disabled) (0.1652ms)
  Γ£ö anthropic-v1 explicit budget beats effort map with 1024 floor (0.2554ms)
  Γ£ö anthropic adaptive skips explicit budget (0.1736ms)
  Γ£ö openai-v1 emits thinking_budget_tokens when budget set (0.083ms)
Γ£ö thinkingToCompletionBody (4.5862ms)
Γû╢ reasoningEffortToCompletionBody
  Γ£ö openai-v1 off disables thinking without reasoning_effort none (0.1732ms)
  Γ£ö openai-v1 on enables thinking without enable_thinking (0.1237ms)
  Γ£ö openai-v1 low uses top-level reasoning_effort and nested reasoning.effort (0.1129ms)
  Γ£ö openai-v1 medium and high send nested reasoning.effort (0.1153ms)
  Γ£ö openai-v1 on uses adaptive for MiniMax (0.0695ms)
  Γ£ö lm-studio-v0 off sets none effort and disables enable_thinking (0.0668ms)
  Γ£ö lm-studio-v0 on uses medium effort with enable_thinking (0.0681ms)
  Γ£ö lm-studio-v0 low/medium/high map effort fields directly (0.1122ms)
Γ£ö reasoningEffortToCompletionBody (1.0747ms)
Γ£ö resolveDecodeSeconds uses full stream time when first token arrives in a burst (1.2376ms)
Γ£ö resolveDecodeSeconds keeps measured window when throughput is plausible (0.2153ms)
Γ£ö buildClientStats matches chat-style burst correction (0.2031ms)
Γ£ö reconcileCompletionStats does not pin tok/s to 2000 (0.2032ms)
Γû╢ client device token storage
  Γ£ö saveDeviceToken mirrors into localStorage and cookie (6.3818ms)
  Γ£ö getDeviceToken hydrates localStorage from cookie (1.6911ms)
  Γ£ö clearDeviceToken removes localStorage and cookie (1.584ms)
Γ£ö client device token storage (10.6365ms)
Γû╢ installed PWA detection
  Γ£ö detects iOS standalone flag (77.3212ms)
Γ£ö installed PWA detection (77.446ms)
Γû╢ ensure-chat-model-loaded
  Γ£ö chatTurnNeedsModelLoad uses provider-scoped cache rows only (1.5577ms)
Γ£ö ensure-chat-model-loaded (3.0747ms)
Γû╢ POST /api/generations + GET status lifecycle
  Γ£ö creates generationId and transitions pending ├óΓÇáΓÇÖ streaming ├óΓÇáΓÇÖ complete (251.6433ms)
Γ£ö POST /api/generations + GET status lifecycle (1445.1383ms)
Γû╢ parallel stream subscribers
  Γ£ö two GET /stream clients receive identical replay + tail from mock upstream (286.5265ms)
Γ£ö parallel stream subscribers (286.7315ms)
Γû╢ subscriber disconnect does not cancel upstream
  Γ£ö closing one stream mid-flight leaves other complete and status streaming until upstream ends (892.1398ms)
Γ£ö subscriber disconnect does not cancel upstream (892.4098ms)
Γû╢ POST /api/generations/:id/cancel
  Γ£ö sets status to cancelled (469.482ms)
Γ£ö POST /api/generations/:id/cancel (469.6899ms)
Γû╢ extractInlineThinkingFromContent
  Γ£ö MiniMax sample splits reasoning prose from reply (2.7831ms)
  Γ£ö tagged redacted_thinking block (1.3188ms)
  Γ£ö Thinking Process prefix (Qwen3.5-style) (0.6526ms)
  Γ£ö Gemma-style untagged reasoning paragraph (0.2448ms)
  Γ£ö reasoning-only turn stays intact (0.5427ms)
  Γ£ö prose-only instruct model is not split (0.1677ms)
Γ£ö extractInlineThinkingFromContent (6.8106ms)
Γû╢ normalizeThinkingMarkup / Gemma channels
  Γ£ö Gemma thought and response channel wrappers (0.2441ms)
Γ£ö normalizeThinkingMarkup / Gemma channels (0.3704ms)
Γû╢ InlineContentThinkingRouter
  Γ£ö stray closing tag without opener (MiniMax quirk) (1.08ms)
  Γ£ö streams partial open/close tags across chunk boundaries (0.35ms)
Γ£ö InlineContentThinkingRouter (1.6075ms)
Γû╢ HarmonyChannelRouter
  Γ£ö routes gpt-oss analysis vs final channels (0.6807ms)
  Γ£ö suppresses commentary tool-call channel from visible prose (0.3007ms)
Γ£ö HarmonyChannelRouter (1.0928ms)
Γû╢ extractReasoningDelta
  Γ£ö reads delta.thinking SSE field (0.209ms)
Γ£ö extractReasoningDelta (0.2892ms)
Γû╢ apiMessageContentToText
  Γ£ö joins multimodal text parts (0.7575ms)
Γ£ö apiMessageContentToText (1.5737ms)
Γû╢ streamDeltaContentToText
  Γ£ö reads text from structured delta parts (0.2813ms)
  Γ£ö reads text field on part object (0.1353ms)
  Γ£ö reads content field on part object (0.1211ms)
Γ£ö streamDeltaContentToText (0.7346ms)
Γû╢ extractStreamDelta with structured content
  Γ£ö accumulates string deltas across chunks (0.2071ms)
  Γ£ö extracts from array-shaped delta content (0.1488ms)
Γ£ö extractStreamDelta with structured content (0.4961ms)
Γû╢ extractMessageText with structured message content
  Γ£ö joins message content parts (0.1899ms)
Γ£ö extractMessageText with structured message content (0.3211ms)
Γû╢ extractAssistantCompletionText
  Γ£ö reads message.parsed when content is empty (0.2859ms)
  Γ£ö prefers content over parsed (0.1779ms)
  Γ£ö falls back to refusal (0.1639ms)
Γ£ö extractAssistantCompletionText (0.766ms)
Γû╢ StreamingContentAccumulator
  Γ£ö merges string deltas across chunks (0.2598ms)
  Γ£ö replaces cumulative text on the same part index (0.1946ms)
Γ£ö StreamingContentAccumulator (0.566ms)
Γû╢ contentPartsToText
  Γ£ö preserves full prompt text (0.0875ms)
Γ£ö contentPartsToText (0.1352ms)
Γû╢ isModelLoaded
  Γ£ö returns true only for loaded state (0.8892ms)
Γ£ö isModelLoaded (1.7842ms)
Γû╢ providerSupportsModelLoadUnload
  Γ£ö defaults lm-studio-v0 to supported (0.2508ms)
  Γ£ö respects explicit false on profile (0.1351ms)
Γ£ö providerSupportsModelLoadUnload (0.5557ms)
Γû╢ resolveProviderEndpoints load/unload URLs
  Γ£ö exposes Minnow proxy load/unload routes for lm-studio-v0 (0.3649ms)
  Γ£ö omits load/unload URLs for openai-v1 (0.216ms)
Γ£ö resolveProviderEndpoints load/unload URLs (0.7397ms)
Γû╢ fetchModels status pill (feature 12ΓÇô13)
  Γ£ö does not set model inventory count on success (0.9557ms)
Γ£ö fetchModels status pill (feature 12ΓÇô13) (1.7538ms)
Γû╢ foldLeadingAssistantPreamble
  Γ£ö folds assistant greeting before the first user turn into system (1.5355ms)
  Γ£ö leaves normal user-first histories unchanged (0.1842ms)
Γ£ö foldLeadingAssistantPreamble (2.6181ms)
Γû╢ reasoning replay helpers
  Γ£ö modelRequiresReasoningContentReplay matches DeepSeek ids (0.7858ms)
  Γ£ö outboundReasoningReplayFields uses reasoning_content for DeepSeek (0.7547ms)
  Γ£ö outboundReasoningReplayFields uses reasoning for other models (0.141ms)
  Γ£ö outboundReasoningReplayFields includes empty reasoning_content on DeepSeek tool turns (0.1012ms)
Γ£ö reasoning replay helpers (2.6677ms)
Γû╢ parseSseEventBlock
  Γ£ö parses a standard OpenAI SSE event (0.7926ms)
  Γ£ö joins multi-line data fields before JSON.parse (0.1842ms)
  Γ£ö emits every object when two JSON values are glued in one data line (0.263ms)
Γ£ö parseSseEventBlock (1.9793ms)
Γû╢ feedSseEventBuffer
  Γ£ö accumulates glued per-token payloads into full completion text (0.2537ms)
  Γ£ö splits events on blank lines across chunk boundaries (0.1466ms)
Γ£ö feedSseEventBuffer (0.5224ms)
Γû╢ parseCompletionResponseBody
  Γ£ö parses a plain JSON completion object (0.3111ms)
  Γ£ö parses SSE bytes without calling Response.json (0.2117ms)
  Γ£ö does not throw on glued JSON after a valid object (fallback path) (0.1919ms)
  Γ£ö prefers message.parsed over trailing generation end events (0.7782ms)
Γ£ö parseCompletionResponseBody (1.7072ms)
Γû╢ extractFirstJsonValue
  Γ£ö returns null for non-JSON text (0.1976ms)
Γ£ö extractFirstJsonValue (0.2729ms)
Γû╢ reconcileCompletionStats
  Γ£ö rejects implausible LM Studio stats (high tps, tiny gen vs usage) (0.9619ms)
  Γ£ö keeps consistent server stats when they match usage (0.2912ms)
  Γ£ö reconcile uses wall-clock decode when first token arrives in a burst (0.151ms)
  Γ£ö finalizeResponseMeta applies reconciliation (0.1642ms)
Γ£ö reconcileCompletionStats (2.4992ms)
Γû╢ getLatestStreamingToolName
  Γ£ö returns null for empty accumulator (0.7639ms)
  Γ£ö returns highest-index tool with a name (0.3819ms)
  Γ£ö ignores entries with empty names (0.1869ms)
Γ£ö getLatestStreamingToolName (2.226ms)
Γû╢ streaming tool name callback
  Γ£ö fires once per tool after prose then tool_calls delta (0.9262ms)
  Γ£ö updates when a second sequential tool name appears (0.2339ms)
Γ£ö streaming tool name callback (1.3285ms)
Γû╢ appearance agent tools
  Γ£ö get_appearance returns expected shape from localStorage (2372.9737ms)
  Γ£ö update_appearance applies theme family and custom seeds (45.4802ms)
  Γ£ö update_appearance merges custom token map (7.7319ms)
  Γ£ö update_appearance sets wallpaper mode (5.4762ms)
  Γ£ö update_appearance rejects invalid token keys (5.4189ms)
  Γ£ö upload_appearance_asset rejects invalid path traversal (3.5972ms)
  Γ£ö upload_appearance_asset rejects invalid wallpaper extension (3.4535ms)
  Γ£ö upload_appearance_asset happy path with mocked server read (4.1798ms)
Γ£ö appearance agent tools (2451.5147ms)
Γû╢ color-format
  Γ£ö parse hex 6-digit (1.5961ms)
  Γ£ö parse hex 3-digit (0.2415ms)
  Γ£ö parse rgba (0.3526ms)
  Γ£ö format opaque as hex (0.2186ms)
  Γ£ö format translucent as rgba (0.1748ms)
  Γ£ö color input value strips alpha (0.172ms)
Γ£ö color-format (3.87ms)
Γû╢ custom-theme
  Γ£ö setCustomThemeTokens persists and applies when enabled (1.3088ms)
  Γ£ö clearCustomTheme removes inline overrides (0.317ms)
  Γ£ö import and export round-trip (0.4588ms)
  Γ£ö disabled custom theme does not write tokens key on enable toggle off (0.1878ms)
  Γ£ö setCustomThemeAdvanced persists advanced editor flag (0.2544ms)
  Γ£ö import JSON enables advanced editor mode (0.3416ms)
Γ£ö custom-theme (3.7652ms)
Γû╢ appearance fonts
  Γ£ö default fonts are system presets (0.9394ms)
  Γ£ö setAppearanceFonts persists JSON (0.3853ms)
  Γ£ö preset stacks include fallbacks (0.2399ms)
  Γ£ö applyAppearanceFonts does not re-emit to font listeners (0.3551ms)
Γ£ö appearance fonts (2.7665ms)
Γû╢ theme-derive
  Γ£ö deriveThemeTokensFromSeeds returns every core token (1.8025ms)
  Γ£ö dark seeds produce darker shadow than light seeds (0.3878ms)
  Γ£ö success mirrors accent in derived palette (0.2771ms)
  Γ£ö extractSimplifiedSeeds prefers explicit token values (0.7284ms)
  Γ£ö relativeLuminance ranks white above black (0.1457ms)
Γ£ö theme-derive (4.2495ms)
Γû╢ wallpaper prefs
  Γ£ö default wallpaper is underwater (1.2154ms)
  Γ£ö unknown wallpaper migrates to underwater (0.3176ms)
  Γ£ö saveDesktopPref persists minnow mode (0.3053ms)
  Γ£ö catalog includes signature minnow and custom modes (0.2817ms)
  Γ£ö retired mesh and grain aliases migrate on load (0.3043ms)
Γ£ö wallpaper prefs (3.3669ms)
Γû╢ assert-dom-safe guard
  Γ£ö every runner profile preloads the guard (0.9463ms)
  Γ£ö failed element comparison reports a short descriptor, not the node graph (28.8517ms)
  Γ£ö NodeList and Document also get descriptors (3.8407ms)
  Γ£ö passing DOM comparisons still pass (2.7315ms)
  Γ£ö a custom message survives the guard (2.6877ms)
  Γ£ö non-DOM assertions keep their normal diff (1.5428ms)
  Γ£ö array-likes that merely expose item() are not treated as DOM (0.1807ms)
Γ£ö assert-dom-safe guard (42.037ms)
Γû╢ codeRefHistoryBlock
  Γ£ö serializes path and line range (0.753ms)
Γ£ö codeRefHistoryBlock (1.5464ms)
Γû╢ formatCodeRefLabel
  Γ£ö uses basename and line span (0.2669ms)
Γ£ö formatCodeRefLabel (0.3677ms)
Γû╢ addCodeReferenceToComposer
  Γ£ö queues a codeRef attachment (12.1467ms)
  Γ£ö dedupes identical path and range (11.6345ms)
Γ£ö addCodeReferenceToComposer (24.0078ms)
Γû╢ code selection drag payload
  Γ£ö round-trips path and line range (1.3332ms)
Γ£ö code selection drag payload (2.08ms)
Γû╢ initComposerDrop code selection
  Γ£ö queues a codeRef attachment from editor selection drop (37.6109ms)
Γ£ö initComposerDrop code selection (37.8315ms)
Γû╢ document-extensions
  Γ£ö includes Excel and common office types (0.7166ms)
  Γ£ö detects office paths by extension (0.3219ms)
  Γ£ö classifies document preview kinds (0.8958ms)
Γ£ö document-extensions (2.7856ms)
Γû╢ focusComposerInput via addElementRefToComposer
  Γ£ö focuses the registered active composer surface (desktop), not #msgInput (4496.1965ms)
Γ£ö focusComposerInput via addElementRefToComposer (4497.0372ms)
Γû╢ formatElementRefLabel
  Γ£ö uses the last selector segment and the page basename (1.0983ms)
  Γ£ö reads the basename out of a full URL (0.2842ms)
  Γ£ö falls back to the selector alone when there is no page (0.1651ms)
Γ£ö formatElementRefLabel (2.4881ms)
Γû╢ elementRefHistoryBlock
  Γ£ö serializes selector, uid, page, styles and rect attributes (2.0237ms)
  Γ£ö omits the uid attribute when uid is null (0.4701ms)
  Γ£ö adds an image attribute only when imageName is provided (0.2101ms)
  Γ£ö omits source/confidence entirely when sourceMapping is unresolved (MIN-369) (0.2089ms)
  Γ£ö serializes an exact file:line match (0.2194ms)
  Γ£ö serializes a probable dev-server component match without a line (0.2578ms)
  Γ£ö falls back to the component name for source when there is no file (4.2405ms)
  Γ£ö emits confidence="guess" with no source attribute when nothing resolved (3.8526ms)
  Γ£ö places source/confidence between styles and image attributes (0.2731ms)
  Γ£ö renders PATH, ATTRIBUTES, COMPUTED STYLES and POSITION & SIZE sections, HTML last (0.2511ms)
  Γ£ö omits empty rich sections and still ends with the HTML preview (0.1976ms)
Γ£ö elementRefHistoryBlock (19.4042ms)
Γû╢ addElementRefToComposer
  Γ£ö queues an elementRef attachment with the full picker payload (13.8574ms)
  Γ£ö dedupes by page + uid, keeping the first chip (3.2679ms)
  Γ£ö dedupes by page + selector when uid is null (3.2413ms)
  Γ£ö does not dedupe across different pages (6.059ms)
  Γ£ö removal behaves like other attachments (removeAttachment by id) (3.275ms)
  Γ£ö ignores picks with an empty selector (2.6769ms)
Γ£ö addElementRefToComposer (32.698ms)
Γû╢ isElementRefAttachment
  Γ£ö accepts a fully-populated elementRef attachment (0.1727ms)
  Γ£ö rejects other kinds and incomplete elementRef rows (0.0711ms)
Γ£ö isElementRefAttachment (0.3129ms)
Γû╢ external-file-drop
  Γ£ö classifyFileDrag prefers external when Files type is present (1.4574ms)
  Γ£ö classifyFileDrag uses workspace MIME for internal tree drags (0.2355ms)
  Γ£ö hasWorkspaceFileDrag accepts plain single-line paths (0.2276ms)
  Γ£ö hasWorkspaceFileDrag rejects code-like single lines (0.1887ms)
  Γ£ö classifyFileDrag prefers code selection MIME (0.1846ms)
  Γ£ö hasExternalFileDrag detects Files type (0.1697ms)
  Γ£ö filesFromDataTransfer collects File objects (1.0093ms)
  Γ£ö isLikelyDirectoryDrop flags extensionless names (0.2875ms)
Γ£ö external-file-drop (4.9994ms)
Γû╢ formatAttachmentBytes
  Γ£ö formats bytes, kilobytes, and megabytes (0.718ms)
Γ£ö formatAttachmentBytes (1.5159ms)
Γû╢ getFileCardMeta
  Γ£ö classifies code, pdf, office, and generic files (1.0303ms)
Γ£ö getFileCardMeta (1.1665ms)
Γû╢ formatFileCardSizeLabel
  Γ£ö shows Workspace for unresolved workspace refs (0.2156ms)
Γ£ö formatFileCardSizeLabel (0.3229ms)
Γû╢ inferFileKindFromName
  Γ£ö detects pdf extension (0.1551ms)
Γ£ö inferFileKindFromName (0.2368ms)
Γû╢ estimateTextByteSize
  Γ£ö counts utf-8 bytes (0.1827ms)
Γ£ö estimateTextByteSize (0.3133ms)
Γû╢ isImageFilePath
  Γ£ö matches common image extensions (0.7961ms)
  Γ£ö rejects non-image paths (0.1798ms)
Γ£ö isImageFilePath (1.7577ms)
Γû╢ mimeTypeForImagePath
  Γ£ö maps extensions to image MIME types (0.2024ms)
  Γ£ö falls back for unknown image extension (0.1151ms)
Γ£ö mimeTypeForImagePath (0.4458ms)
Γû╢ processFile office routing
  Γ£ö routes xlsx through read_document instead of unsupported (1.732ms)
  Γ£ö still blocks oversize office files (6.2729ms)
Γ£ö processFile office routing (8.9383ms)
Γû╢ workspace text read
  Γ£ö parseGetFileMetadataSize reads byte size from metadata (0.8895ms)
  Γ£ö parseGetFileMetadataSize returns null when size line is missing (0.213ms)
Γ£ö workspace text read (1.9646ms)
Γû╢ benchmark workspace API
  Γ£ö GET /api/benchmark-workspace returns path (9.6196ms)
Γ£ö benchmark workspace API (197.022ms)
Γû╢ benchmark workspace allowlist
  Γ£ö isAllowedWorkspaceRoot accepts code, chats, benchmark, and scheduler workspaces (15.5591ms)
  Γ£ö executeServerTool honors workspaceRoot override under benchmark sandbox (129.2786ms)
Γ£ö benchmark workspace allowlist (774.6801ms)
Γû╢ benchmark abort helpers
  Γ£ö assertNotAborted throws when signal is aborted (1.1284ms)
  Γ£ö isAbortError recognizes DOMException AbortError (0.2514ms)
  Γ£ö rethrowIfAborted propagates abort errors (0.1825ms)
  Γ£ö rethrowIfAborted ignores non-abort errors (0.1726ms)
  Γ£ö raceWithAbort rejects when signal aborts before work finishes (0.3845ms)
Γ£ö benchmark abort helpers (3.0595ms)
Γû╢ active benchmark session
  Γ£ö save and load round-trip (1.884ms)
  Γ£ö remainingSuiteIds skips completed suites (0.4574ms)
  Γ£ö clear removes persisted session (0.4005ms)
Γ£ö active benchmark session (3.8266ms)
Γû╢ campaign aggregates
  Γ£ö aggregateFromRun uses integration score as total (1.1056ms)
  Γ£ö buildModelScoreIndex keeps latest campaign per model (10.5198ms)
  Γ£ö pickCampaignInsight finds fastest and quality leaders (0.2758ms)
Γ£ö campaign aggregates (12.9283ms)
Γû╢ isVisionModel (BUG-004)
  Γ£ö cached type vlm without regex tokens in id (2.218ms)
  Γ£ö cached type llm is not vision (0.6827ms)
  Γ£ö capabilities.vision true overrides type llm (1.5919ms)
  Γ£ö catalogVision true on llm row is vision (0.4585ms)
  Γ£ö catalog fallback finds vlm row when cache is cold (0.5572ms)
  Γ£ö catalog llm row skips vision without cache (0.2776ms)
  Γ£ö catalog id regex fallback when row missing (0.2972ms)
  Γ£ö no catalog and cache miss is not vision (0.1711ms)
Γ£ö isVisionModel (BUG-004) (7.4751ms)
Γû╢ scoreMultimodalProbe (BUG-004)
  Γ£ö non-empty response passes with snippet details (0.2ms)
  Γ£ö empty text fails with empty vision response (0.1207ms)
  Γ£ö error message fails with error details (0.0641ms)
Γ£ö scoreMultimodalProbe (BUG-004) (0.5324ms)
Γû╢ multimodal probe fixture
  Γ£ö buildMultimodalProbeMessages includes image_url part (0.2344ms)
Γ£ö multimodal probe fixture (0.2945ms)
Γû╢ benchmark test catalog coverage
  Γ£ö full battery resolves every emitted testId (2.1413ms)
  Γ£ö quick preset suites resolve (0.2644ms)
  Γ£ö full preset matches all-suite list (0.3251ms)
Γ£ö benchmark test catalog coverage (3.6561ms)
Γû╢ coding code extract and verify
  Γ£ö extractJavaScriptFromModelText reads fenced block (0.8579ms)
  Γ£ö fizzBuzzLinePasses accepts correct stdout (0.2256ms)
  Γ£ö jsonStdoutPasses parses swapped keys (0.1361ms)
  Γ£ö parseRunJavascriptToolOutput reads stdout and exit code (0.2154ms)
Γ£ö coding code extract and verify (2.2236ms)
Γû╢ applyBenchmarkSystemPrompt
  Γ£ö prepends system message when none exists (0.8834ms)
  Γ£ö merges with existing system message (0.2619ms)
Γ£ö applyBenchmarkSystemPrompt (1.9183ms)
Γû╢ benchmark execute-tool sandbox
  Γ£ö ask_question is stubbed and does not open UI (0.9414ms)
  Γ£ö spawn_sub_agent returns benchmark stub JSON (0.2255ms)
  Γ£ö request_browser_origin_access is stubbed during benchmarks (0.182ms)
  Γ£ö benchmarkAutonomous skips permission approval gate (0.3562ms)
Γ£ö benchmark execute-tool sandbox (2.6924ms)
Γû╢ file tool probe order
  Γ£ö starts with save_file and ends with delete_path (0.804ms)
  Γ£ö includes every file-category tool exactly once (0.3525ms)
Γ£ö file tool probe order (2.0744ms)
Γû╢ gsm8k harness
  Γ£ö extractGsm8kAnswer prefers #### marker (0.9631ms)
  Γ£ö extractGsm8kAnswer falls back to last number (0.2166ms)
  Γ£ö normalizeGsm8kNumber strips commas and integer .0 (0.1249ms)
  Γ£ö scoreGsm8k matches normalized ground truth (0.1947ms)
Γ£ö gsm8k harness (2.397ms)
Γû╢ humaneval integration
  ∩╣ú scoreHumanEval runs check() via run_python when server is up (61.7665ms) # tool server not reachable (npm start)
Γ£ö humaneval integration (62.7893ms)
Γû╢ humaneval harness
  Γ£ö derivePromptPrefix strips completion instruction (1.0393ms)
  Γ£ö assembleHumanEvalProgram normalizes body-only indentation (0.69ms)
  Γ£ö assembleHumanEvalProgram accepts full def in completion (0.2439ms)
  Γ£ö scoreHumanEval passes when mock run_python exits 0 (2.2121ms)
  Γ£ö scoreHumanEval surfaces stderr on failure (0.42ms)
Γ£ö humaneval harness (5.8788ms)
Γû╢ mcq harness
  Γ£ö scoreMcq matches letter answers (1.1599ms)
  Γ£ö scoreMcq uses final letter when reasoning lists all options (0.3395ms)
  Γ£ö scoreMcq flags out-of-range extracted letters when choices provided (0.4311ms)
Γ£ö mcq harness (2.8571ms)
Γû╢ appendAssistantToMessages
  Γ£ö includes assistant content in returned messages (0.7733ms)
  Γ£ö includes tool_calls when present (0.3414ms)
Γ£ö appendAssistantToMessages (2.0987ms)
Γû╢ benchmark SSE accumulation (streamTurn pattern)
  Γ£ö reasoning-only stream uses reasoning as completion text (1.1025ms)
  Γ£ö content stream produces prose (0.2835ms)
Γ£ö benchmark SSE accumulation (streamTurn pattern) (2.2767ms)
Γû╢ preserveLastToolCalls
  Γ£ö keeps prior batch when final turn has no tool calls (0.9867ms)
  Γ£ö replaces when a later turn emits new calls (0.2837ms)
Γ£ö preserveLastToolCalls (7.236ms)
Γû╢ mergeBenchmarkRunSummaries
  Γ£ö prefers server row when ids collide (0.7892ms)
  Γ£ö merges distinct ids and sorts newest startedAt first (10.0276ms)
Γ£ö mergeBenchmarkRunSummaries (11.8281ms)
Γû╢ runBenchmark cancellation
  Γ£ö pre-aborted signal rejects with run-cancelled and no run-done (2826.145ms)
Γ£ö runBenchmark cancellation (2827.1246ms)
Γû╢ benchmark scoring
  Γ£ö exactMatch trims whitespace (0.764ms)
  Γ£ö toolNameMatch finds expected tool (0.2017ms)
  Γ£ö parseJudgeJson extracts verdict (0.2172ms)
  Γ£ö aggregateSuiteScore averages scores (0.145ms)
  Γ£ö aggregateRunScore weights by test count (0.204ms)
  Γ£ö computeSuiteResultStats matches pass rate among non-skipped tests (0.2068ms)
Γ£ö benchmark scoring (2.735ms)
Γû╢ skill probes
  Γ£ö manifest built-ins each have an explicit probe (1.5235ms)
  Γ£ö ask-user passes on valid ask_question tool call (0.4746ms)
  Γ£ö ask-user fails on acknowledgment prose only (0.1535ms)
  Γ£ö code-review passes on skill output sections (0.207ms)
  Γ£ö code-review fails on bare acknowledgment (0.1639ms)
  Γ£ö git-commit passes on conventional subject in text (0.2447ms)
  Γ£ö regex probes fail on empty text (0.2284ms)
Γ£ö skill probes (3.9932ms)
Γû╢ scoreSpeedCompletion (BUG-003)
  Γ£ö empty text fails with explicit details and no timing samples (0.7484ms)
  Γ£ö whitespace-only text fails like empty completion (0.1542ms)
  Γ£ö non-empty text passes and contributes timing samples (0.1278ms)
Γ£ö scoreSpeedCompletion (BUG-003) (1.8399ms)
Γû╢ speedCompletionDetails helper
  Γ£ö empty text yields fail message (0.1287ms)
  Γ£ö non-empty text yields char count (0.1242ms)
Γ£ö speedCompletionDetails helper (0.3752ms)
Γû╢ standard pack-loader tier resolution
  Γ£ö mini tier uses bundled sample items (2.0143ms)
  Γ£ö full tier uses bundled full dataset items (1.0268ms)
  Γ£ö imported full pack overrides bundled full (0.9344ms)
  Γ£ö full tier returns empty when no bundled or imported pack exists (1.39ms)
  Γ£ö hasFullTierPack reflects bundled or imported items (1.44ms)
  Γ£ö getStandardPack uses tier for scoring metadata (1.0508ms)
Γ£ö standard pack-loader tier resolution (8.9423ms)
Γû╢ standard scorers
  Γ£ö scoreMcq matches letter answers (1.2186ms)
  Γ£ö scoreMcq uses final letter when reasoning lists all options (0.4058ms)
  Γ£ö scoreGsm8k extracts final number via fallback (0.3767ms)
  Γ£ö scoreRegex matches pattern (0.656ms)
Γ£ö standard scorers (3.9377ms)
Γû╢ accumulateBenchmarkStreamDelta
  Γ£ö content-only delta (0.9239ms)
  Γ£ö reasoning-only delta is ignored (0.185ms)
  Γ£ö mixed content and reasoning returns prose only (0.1618ms)
  Γ£ö usage-only terminal chunk yields empty (0.1547ms)
Γ£ö accumulateBenchmarkStreamDelta (2.4215ms)
Γû╢ completionTextFromMessage
  Γ£ö prose only (0.2089ms)
  Γ£ö reasoning only yields empty (0.1209ms)
  Γ£ö prose wins when both prose and reasoning present (0.1512ms)
Γ£ö completionTextFromMessage (0.6952ms)
Γû╢ completionTextFromFallback
  Γ£ö reads message content only from completion chunk (0.2851ms)
  Γ£ö uses reasoning when content is empty (0.1643ms)
Γ£ö completionTextFromFallback (0.6237ms)
Γû╢ resolveBenchmarkCompletionText
  Γ£ö prefers content over reasoning (0.2256ms)
  Γ£ö falls back to reasoning when content empty (0.1016ms)
Γ£ö resolveBenchmarkCompletionText (0.4481ms)
Γû╢ resolveEditorCompletionText
  Γ£ö returns trimmed content only (0.155ms)
  Γ£ö ignores reasoning channel (empty content) (0.1058ms)
Γ£ö resolveEditorCompletionText (0.365ms)
Γû╢ streamCompletionTestDetails
  Γ£ö pass returns text preview (0.18ms)
  Γ£ö fail returns finish and usage hint (0.2369ms)
Γ£ö streamCompletionTestDetails (0.5083ms)
Γû╢ resolveTestDescription
  Γ£ö cap-stream static entry (0.9172ms)
  Γ£ö speed-short-2 uses timing-only pass criteria (0.2943ms)
  Γ£ö tool-read_file dynamic entry mentions benchmark workspace (0.2615ms)
  Γ£ö cap-usage documents skip semantics (0.1622ms)
  Γ£ö formatTestCardDescription includes pass line (0.2154ms)
  Γ£ö unknown testId returns null (0.2468ms)
Γ£ö resolveTestDescription (3.0738ms)
Γû╢ SUITE_INTROS
  Γ£ö every suite has intro copy (0.1562ms)
Γ£ö SUITE_INTROS (0.2636ms)
Γû╢ announceTestStart
  Γ£ö invokes onTestStart with probe metadata (1.3433ms)
Γ£ö announceTestStart (2.1756ms)
Γû╢ reportTest
  Γ£ö appends result and invokes onTestDone in order (0.3082ms)
  Γ£ö does not throw when onTestDone is omitted (0.1637ms)
Γ£ö reportTest (0.6052ms)
Γû╢ buildTestResult
  Γ£ö maps driver messages to transcript with finishReason meta (0.347ms)
  Γ£ö truncates large system and tool content for persistence (0.339ms)
Γ£ö buildTestResult (0.8164ms)
Γû╢ prepareBenchmarkRunForPersistence
  Γ£ö round-trips transcript fields when under size cap (0.3968ms)
Γ£ö prepareBenchmarkRunForPersistence (0.5319ms)
Γû╢ whenAppStylesReady
  Γ£ö resolves immediately when there are no stylesheet links (8.0273ms)
  Γ£ö resolves when a stylesheet link is already loaded (40.203ms)
  Γ£ö ignores third-party stylesheet links (4.1336ms)
  Γ£ö waits for a bundled stylesheet link load event (4.1253ms)
  Γ£ö resolves when a bundled link is already loaded before listeners attach (3.617ms)
Γ£ö whenAppStylesReady (61.1768ms)
Γû╢ isAppShellStyled
  Γ£ö returns true once the app CSS sentinel resolves (6.2702ms)
  Γ£ö returns false before app CSS is applied (1.9709ms)
  Γ£ö ignores shell chrome that the active route hides (2.8099ms)
Γ£ö isAppShellStyled (11.3627ms)
Γû╢ whenAppShellStyled
  Γ£ö resolves immediately when app CSS is already applied (2.1662ms)
  Γ£ö resolves once app CSS lands while polling (36.516ms)
  Γ£ö gives up at its own deadline when the probe never succeeds (69.8341ms)
Γ£ö whenAppShellStyled (108.8191ms)
Γû╢ boot budget (CI harness)
  Γ£ö scheduleMarkAppReady completes within startup harness ceiling (68.0809ms)
Γ£ö boot budget (CI harness) (69.0594ms)
Γû╢ boot metrics
  Γ£ö records app-ready delta from inline boot origin (8.1356ms)
  Γ£ö markAppReady stores metrics on window (3.0567ms)
  Γ£ö readBootOriginMs falls back to now when unset (2.0565ms)
Γ£ö boot metrics (14.2819ms)
Γû╢ renderer diagnostics dedupe
  Γ£ö firstStackFrame extracts first at-line (0.7606ms)
  Γ£ö shouldSurface suppresses duplicate UI within 10s but always logs (0.2765ms)
  Γ£ö shouldSurface rolls suppression card after global cap (0.2065ms)
Γ£ö renderer diagnostics dedupe (2.1778ms)
Γû╢ brain archive API
  Γ£ö bundles turns with extractive fallback and idempotent re-run (4255.5059ms)
  Γ£ö status reports bundled range (18.7936ms)
  Γ£ö scoped retrieve returns only this chat archive (874.3915ms)
  Γ£ö delete removes chat archive folder (182.5708ms)
  Γ£ö delete rebuilds catalog so archive pages are not listed (2.4101ms)
Γ£ö brain archive API (5469.7246ms)
Γû╢ brain wiki tools
  Γ£ö brain_write_page creates a facts page and brain_search returns it (3136.9065ms)
  Γ£ö brain_read_page resolves basename to full path (831.5149ms)
  Γ£ö brain_read_page accepts page id from brain_search (162.9358ms)
  Γ£ö brain_read_page returns page content by path (313.4797ms)
  Γ£ö brain_list returns a JSON tree (258.1311ms)
  Γ£ö brain_append_log appends to log.md (436.124ms)
  Γ£ö manage_brain requires confirmed for destructive actions (284.5723ms)
  Γ£ö manage_brain accepts confirmed as string true (575.2091ms)
  Γ£ö manage_brain clear_wiki removes pages after confirmation (831.4478ms)
Γ£ö brain wiki tools (7311.3602ms)
Γû╢ brain capture
  Γ£ö chat capture with extractiveOnly creates page at stable path (222.6004ms)
  Γ£ö second chat capture updates same path with same pageId (100.1472ms)
  Γ£ö research capture from fixture markdown (227.587ms)
  Γ£ö POST /api/brain/capture/chat round-trip (236.5705ms)
  Γ£ö POST /api/brain/capture/research round-trip (283.1975ms)
  Γ£ö POST /api/brain/capture/chat rejects empty dialogue (2.0897ms)
  Γ£ö POST /api/brain/capture/research returns 404 for missing id (13.7029ms)
Γ£ö brain capture (1296.5691ms)
Γû╢ brain catalog rebuild
  Γ£ö rebuildCatalog restores metadata after catalog.json is deleted (99.8033ms)
Γ£ö brain catalog rebuild (1093.8447ms)
Γû╢ MIN-B9 bridge anchors
  Γ£ö explain_symbol reverse lookup returns anchoring wiki page (180.3431ms)
  Γ£ö anchor drift flags page stale after symbol content_hash changes (732.1115ms)
  Γ£ö cross-repo anchors resolve via read_symbol (88.4273ms)
  Γ£ö moving a page keeps anchors keyed by stable page_id (67.7317ms)
  Γ£ö normalizeIndexableRelPath strips duplicated Windows root prefixes (0.2732ms)
[lsp] fake exited on signal SIGTERM
Γ£ö MIN-B9 bridge anchors (2220.3107ms)
Assertion failed: !(handle->flags & UV_HANDLE_CLOSING), file src\win\async.c, line 76
Γ£û test\brain\code\anchors-bridge.test.mjs (9306.4542ms)
Γû╢ MIN-B10 cascade propagation
  Γ£ö reindex through cascade marks anchored page stale when symbol span changes (1314.78ms)
[lsp] fake exited on signal SIGTERM
Γ£ö MIN-B10 cascade propagation (3325.8043ms)
Γû╢ MIN-B10 cascade
  Γ£ö merkle root changes only when a leaf hash changes (10.4096ms)
  Γ£ö incremental reindex updates only the changed file branch (839.7225ms)
  Γ£ö lazy hash-check refreshes stale slice before find_symbol answers (548.027ms)
  Γ£ö git-hook path reindexes exactly the provided changed files (766.306ms)
  Γ£ö cadence gating skips automatic triggers when disabled (0.2777ms)
  Γ£ö installs and removes the post-commit hook block (169.9094ms)
  Γ£ö getChangedFilesFromGit returns paths from HEAD (188.0493ms)
[lsp] fake exited on signal SIGTERM
Γ£ö MIN-B10 cascade (4160.5144ms)
Γû╢ extractCodeMapFocusHints
  Γ£ö collects attachment paths and path-like tokens from the message (1.7933ms)
  Γ£ö uses a single path stem as focus when only one file is hinted (0.3976ms)
  Γ£ö does not use the full user message as focus when ambiguous (0.1721ms)
Γ£ö extractCodeMapFocusHints (3.1971ms)
Γû╢ resolveCodeMapInjectionEnabled
  Γ£ö inherit follows global default off (1.4763ms)
  Γ£ö inherit follows global default on (0.4196ms)
  Γ£ö chat on overrides global off (0.2161ms)
  Γ£ö chat off overrides global on (0.1614ms)
Γ£ö resolveCodeMapInjectionEnabled (3.2503ms)
Γû╢ resolveCodeMapInjectionTriState
  Γ£ö defaults to inherit (0.3194ms)
  Γ£ö normalizes invalid values to inherit (0.2211ms)
Γ£ö resolveCodeMapInjectionTriState (0.7058ms)
Γû╢ fetchCodeMapInjectionDefault
  Γ£ö returns false when unset (0.2954ms)
  Γ£ö reads features.codeMapInjectionDefault (0.2196ms)
Γ£ö fetchCodeMapInjectionDefault (0.6843ms)
Γû╢ saveCodeMapInjectionDefault
  Γ£ö PUTs updated features flag (0.3284ms)
Γ£ö saveCodeMapInjectionDefault (0.3913ms)
Γû╢ shouldInjectCodeMap
  Γ£ö returns false for desktop sandbox workspace chats (0.6598ms)
Γ£ö shouldInjectCodeMap (0.7265ms)
Γû╢ retrieveCodeMapBlock
  Γ£ö wraps map text with code-map source fence (2.6708ms)
Γ£ö retrieveCodeMapBlock (3.4762ms)
Γû╢ normalizeBrainCodeConfig
  Γ£ö clamps repoMapTokenBudget to the supported range (1.7961ms)
  Γ£ö clamps repoMapInjectionTokenBudget to the supported range (0.2016ms)
Γ£ö normalizeBrainCodeConfig (2.9149ms)
Γû╢ clampRepoMapTokenBudget
  Γ£ö floors fractional values and rejects non-finite input (0.1593ms)
Γ£ö clampRepoMapTokenBudget (0.268ms)
Γû╢ clampRepoMapInjectionTokenBudget
  Γ£ö defaults to injection budget when input is invalid (0.1645ms)
Γ£ö clampRepoMapInjectionTokenBudget (0.268ms)
Γû╢ resolveRepoKey
  Γ£ö rejects invalid slug characters (1.2041ms)
  Γ£ö lowercases valid keys (0.3257ms)
Γ£ö resolveRepoKey (2.4629ms)
Γû╢ code indexer helpers
  Γ£ö buildSymbolId uses repo:qualified.name without line numbers (1.1702ms)
  Γ£ö flattenDocumentSymbols produces hierarchical ids and content hashes (1.078ms)
  Γ£ö elideSignature truncates very long signatures (0.3027ms)
Γ£ö code indexer helpers (3.5239ms)
Γû╢ listIndexableFiles
  Γ£ö returns empty array when no files match include globs (ripgrep exit 1) (49.4108ms)
Γ£ö listIndexableFiles (62.6622ms)
Γû╢ code index integration
  Γ£ö reindex stores symbols with stable ids (523.1632ms)
  Γ£ö who_calls returns graph callers for callee (37.8756ms)
  Γ£ö read_symbol returns live source lines (48.0069ms)
  Γ£ö incremental reindex updates file hash after content change (293.501ms)
  Γ£ö find_symbol tool formats matches (432.0788ms)
  Γ£ö find_symbol matches file-path fragments on warm index (383.7308ms)
  Γ£ö find_symbol matches signature tokens on warm index (SQLite only) (386.4143ms)
  Γ£ö find_symbol warm index with no match does not claim cold or No Project (463.5399ms)
  Γ£ö read_symbol resolves a file path to the top symbol in that file (474.0469ms)
  Γ£ö migrates legacy 2-column symbols_fts to searchable file and signature columns (39.3895ms)
Γ£ö code index integration (3495.5808ms)
Γû╢ brain index project scaffold
  Γ£ö buildBrainJsConfig includes parent include paths and marker (1.57ms)
  Γ£ö creates .minnow/jsconfig.json when JS exists and no project config (230.4716ms)
  Γ£ö skips when tsconfig.json already exists (41.8758ms)
  Γ£ö skips when auto scaffold disabled (1.772ms)
  Γ£ö does not overwrite custom .minnow/jsconfig.json (4.3496ms)
  Γ£ö migrates legacy .minnow/brain-jsconfig.json to jsconfig.json (6.7468ms)
Γ£ö brain index project scaffold (297.2961ms)
Γû╢ code index rank
  Γ£ö personalizedPageRank is deterministic for the same graph (1.1508ms)
  Γ£ö buildPersonalizationVector boosts focus files (0.26ms)
  Γ£ö renderRepoMap walks symbols in rank order (not alphabetical files) (0.4223ms)
  Γ£ö renderRepoMap respects the token budget (0.4524ms)
  Γ£ö renderRepoMap returns symbol ids for UI navigation (0.1921ms)
Γ£ö code index rank (3.4517ms)
Γû╢ MIN-B11 repo-map benchmark
  Γ£ö rank-ordered map surfaces high-value symbols within token budget (1.3159ms)
  Γ£ö alphabetical file sort misses late-file high-rank symbols at the same budget (0.4332ms)
Γ£ö MIN-B11 repo-map benchmark (2.688ms)
Γû╢ injection repo-map profile
  Γ£ö injection filtering surfaces navigation needles within budget (14.1621ms)
Γ£ö injection repo-map profile (14.297ms)
Γû╢ repo-map symbols
  Γ£ö excludes property noise and omits test paths (1.206ms)
  Γ£ö formatRepoMapSymbolLine adds kind tags and nesting indent (0.2899ms)
  Γ£ö isRepoMapTestPath recognizes test and spec files (0.2058ms)
  Γ£ö rendered map prefers src symbols over test properties at same budget (0.4484ms)
  Γ£ö injection profile drops nested constants, callbacks, and vitest setup paths (0.4724ms)
  Γ£ö formatRepoMapInjectionLine includes path and line anchor (0.2307ms)
  Γ£ö isRepoMapInjectionTestPath covers vitest setup and vitest test files (0.1461ms)
Γ£ö repo-map symbols (4.026ms)
Γû╢ MIN-B11 workspace code-index cache
  Γ£ö warmCodeIndexForPath opens persisted index without reindexing (1783.9653ms)
[lsp] fake exited on signal SIGTERM
[lsp] fake exited on signal SIGTERM
  Γ£ö switching workspaces reuses separate cached databases (1875.3908ms)
  Γ£ö LRU evicts oldest open handles beyond MAX_OPEN_CODE_DBS (120.5923ms)
  Γ£ö warmRecentWorkspaceCodeIndexes opens active and MRU workspace handles (593.047ms)
Γ£ö MIN-B11 workspace code-index cache (4405.3679ms)
Γ£ö buildPageGraph creates page nodes and wikilink edges (1.3756ms)
Γ£ö buildPageGraph adds tag nodes when enabled (0.2957ms)
Γ£ö buildCallGraph links callers and callees to center symbol (0.3282ms)
Γ£ö filterGraphByQuery keeps matching pages only (0.2569ms)
Γ£ö neighborIds returns adjacent node ids (0.2017ms)
Γû╢ brain ingest helpers
  Γ£ö parseIngestPagesJson extracts page plans from LLM JSON (1.0895ms)
  Γ£ö sources directory exists after brain bootstrap (1.3406ms)
Γ£ö brain ingest helpers (278.7144ms)
Γû╢ brain lint
  Γ£ö findMissingLinkTargets flags unresolved wikilinks (0.9765ms)
  Γ£ö lintBrainWiki returns structured report without LLM (230.7284ms)
  Γ£ö lintBrainWiki apply=true marks orphan stale on first pass (474.1399ms)
  Γ£ö lintBrainWiki apply=true deletes stale orphan on second pass (234.1685ms)
Γ£ö brain lint (1278.5004ms)
Γû╢ brain memory migration
  Γ£ö migrates entries preserving ids, timestamps, and vectors (536.7444ms)
  Γ£ö running migration twice is a no-op (16.2192ms)
Γ£ö brain memory migration (627.2175ms)
Γû╢ brain path sandbox
  Γ£ö accepts a valid nested relative path (7.9723ms)
  Γ£ö accepts nested project paths under pages root (4.6132ms)
  Γ£ö rejects absolute paths (4.6841ms)
  Γ£ö rejects parent directory segments (0.4251ms)
  Γ£ö rejects leading slash or backslash (0.2284ms)
  Γ£ö rejects drive letters on Windows-style paths (0.2276ms)
  Γ£ö rejects null bytes (0.1494ms)
  Γ£ö rejects non-.md extensions (0.5476ms)
  Γ£ö rejects symlink that escapes the pages root (21.6118ms)
Γ£ö brain path sandbox (92.5435ms)
Γû╢ scopePagesToWorkspace
  Γ£ö returns all global pages plus matching workspace subtree (1.9941ms)
  Γ£ö excludes other workspace pages for a different key (0.2739ms)
  Γ£ö excludes all workspace pages when workspaceKey is empty (0.1507ms)
Γ£ö scopePagesToWorkspace (3.3014ms)
Γû╢ brain API
  Γ£ö ping returns ok (10.5215ms)
  Γ£ö page CRUD via HTTP enforces sandbox paths (1095.6569ms)
  Γ£ö retrieve respects workspaceKey scoping (2609.6065ms)
  Γ£ö clear routes require confirmed (158.5776ms)
  Γ£ö proposals and sources clear round-trip (187.0993ms)
Γ£ö brain API (4228.2679ms)
Γû╢ brain store bootstrap
  Γ£ö ensureBrainStore seeds index, log, schema, and catalog (36.5195ms)
Γ£ö brain store bootstrap (1115.032ms)
Γû╢ brain page CRUD
  Γ£ö create read update delete round-trip in nested paths (474.8817ms)
Γ£ö brain page CRUD (475.1224ms)
Γû╢ wikilinks backlinks orphans
  Γ£ö extracts path-based wikilinks and computes backlinks (0.8511ms)
  Γ£ö similarTo edges keep both endpoints out of the orphan list (0.2987ms)
Γ£ö wikilinks backlinks orphans (1.7996ms)
Γû╢ isDuplicateMemory
  Γ£ö threshold is meaningfully high (0.8103ms)
  Γ£ö embeddings off: distinct fact is not a duplicate (0.3835ms)
  Γ£ö embeddings off: contained fact is a duplicate (0.157ms)
  Γ£ö embeddings on: dissimilar vector is NOT a duplicate (regression) (0.3541ms)
  Γ£ö embeddings on: near-identical vector is a duplicate (0.2136ms)
  Γ£ö embeddings on but embedder unavailable: falls back to keyword check (0.2406ms)
  Γ£ö embeddings on with incompatible store: falls back to keyword check (0.2039ms)
Γ£ö isDuplicateMemory (3.3769ms)
Γû╢ titlesAreSameTopic
  Γ£ö one shared generic word is not the same topic (0.9826ms)
  Γ£ö two shared keywords with majority overlap is the same topic (0.1983ms)
  Γ£ö two-keyword titles need both words to match (0.1232ms)
  Γ£ö single-keyword titles match on that keyword (0.1011ms)
  Γ£ö empty or stop-word-only titles never match (0.1215ms)
Γ£ö titlesAreSameTopic (2.5524ms)
Γû╢ findRelatedPagePaths
  Γ£ö one shared title keyword does not qualify (1.3309ms)
  Γ£ö two shared title keywords qualify (0.9216ms)
  Γ£ö returns [] rather than linking to whatever exists (0.3451ms)
  Γ£ö cosine above the floor qualifies without shared keywords (0.5477ms)
  Γ£ö cosine below the floor does not qualify (0.2843ms)
  Γ£ö caps at maxLinks, highest scoring first (0.293ms)
  Γ£ö respects a custom linking block (0.1917ms)
  Γ£ö empty fact links to nothing (0.1248ms)
Γ£ö findRelatedPagePaths (4.4617ms)
Γû╢ routeSynthesisFact
  Γ£ö below the confidence floor is dropped (0.8845ms)
  Γ£ö between the floor and the auto-write bar becomes a proposal (0.196ms)
  Γ£ö at or above the auto-write bar is written directly (0.1554ms)
  Γ£ö requireConfirmation forces review even at full confidence (0.1353ms)
  Γ£ö requireConfirmation does not rescue a low-confidence fact (0.121ms)
  Γ£ö missing confidence is treated as zero (0.1171ms)
  Γ£ö falls back to shipped defaults when config is empty (0.1276ms)
Γ£ö routeSynthesisFact (2.809ms)
Γû╢ synthesis config defaults
  Γ£ö auto-write bar sits above the confidence floor (0.2371ms)
  Γ£ö confirmation is off by default (0.1246ms)
Γ£ö synthesis config defaults (0.5255ms)
Γû╢ normalizeExtractedFact
  Γ£ö accepts project-track categories (0.831ms)
  Γ£ö project categories default to workspace scope (0.1304ms)
  Γ£ö personal categories default to personal scope (0.0999ms)
  Γ£ö explicit scope wins over the category default (0.1152ms)
  Γ£ö unknown category falls back to fact/personal (0.1353ms)
  Γ£ö body is capped, not truncated to one sentence (0.1201ms)
  Γ£ö still rejects secrets (0.0635ms)
Γ£ö normalizeExtractedFact (1.7143ms)
Γû╢ synthesisFactDir
  Γ£ö personal-scope facts go to the shared tree (0.1226ms)
  Γ£ö unscoped facts go to the shared tree (0.0551ms)
  Γ£ö workspace-scope resolves to a workspaces/ path or falls back to facts (0.2319ms)
Γ£ö synthesisFactDir (0.5143ms)
Γû╢ formatMessagesForExtraction
  Γ£ö defaults preserve the original window (0.2534ms)
  Γ£ö a wider window is honored, not re-sliced (regression) (0.1097ms)
  Γ£ö per-message truncation is configurable (0.0899ms)
  Γ£ö role filter drops other roles (0.102ms)
  Γ£ö empty input yields an empty transcript (0.0784ms)
Γ£ö formatMessagesForExtraction (0.7677ms)
Γû╢ brain synthesis defaults
  Γ£ö default synthesis config writes freely (requireConfirmation false) (235.1015ms)
  Γ£ö writeSynthesisFactPage creates facts page with source synthesis (711.7381ms)
Γ£ö brain synthesis defaults (1117.9518ms)
Γû╢ brain tool config back-fill
  Γ£ö inserts missing brain wiki tool ids at full permission (5.1574ms)
  Γ£ö does not override explicitly stored brain tool permissions (0.6185ms)
  Γ£ö inserts manage_brain at ask permission on back-fill (0.54ms)
Γ£ö brain tool config back-fill (7.5409ms)
Γû╢ isoWeekKey
  Γ£ö formats as YYYY-Www with a zero-padded week (0.9095ms)
  Γ£ö days in the same ISO week share a bucket (0.1918ms)
  Γ£ö adjacent weeks land in different buckets (0.1877ms)
  Γ£ö a week spanning New Year is not split (0.1505ms)
Γ£ö isoWeekKey (135.2687ms)
Γû╢ pruneWeeks
  Γ£ö keeps only the most recent buckets (0.3163ms)
  Γ£ö leaves a short history untouched (0.7759ms)
Γ£ö pruneWeeks (1.3171ms)
Γû╢ recordBrainUsage
  Γ£ö increments the current week bucket (23.0091ms)
  Γ£ö separates counts across weeks (118.0438ms)
  Γ£ö ignores unknown kinds instead of recording them (3.9705ms)
  Γ£ö never throws when the store is unwritable (11.9515ms)
  Γ£ö reads an empty report when nothing was ever recorded (2.8629ms)
Γ£ö recordBrainUsage (160.7866ms)
Γû╢ caldav ssrf validation
  Γ£ö rejects private IP URLs (1.8316ms)
  Γ£ö rejects localhost hostnames (0.2358ms)
  Γ£ö accepts public https URLs when host resolves publicly (32.6561ms)
  Γ£ö allows local http when explicitly enabled (0.3144ms)
Γ£ö caldav ssrf validation (36.0118ms)
Γû╢ calendar ics feed
  Γ£ö fetchIcsContentFromUrl downloads and validates ICS text (8.8713ms)
  Γ£ö fetchIcsContentFromUrl rejects private targets (0.7075ms)
  Γ£ö importIcsFromUrl creates a calendar and imports events (24.2248ms)
  Γ£ö POST /api/calendar/import/ics-url imports from a remote feed (1219.3938ms)
Γ£ö calendar ics feed (1264.0242ms)
Γû╢ calendar ics
  Γ£ö icsEscape matches RFC 5545 TEXT escaping (0.7786ms)
  Γ£ö parseIcsContent reads timed, all-day, and RRULE events (39.7184ms)
  Γ£ö import then export preserves core event fields (24.1082ms)
Γ£ö calendar ics (68.5228ms)
Γû╢ calendar recurrence
  Γ£ö expands weekly RRULE occurrences inside range (4.5409ms)
  Γ£ö includes non-recurring overlap without expansion (0.2375ms)
Γ£ö calendar recurrence (5.6613ms)
Γû╢ calendar reset API
  Γ£ö POST /api/calendar/reset without confirmed returns 400 (1888.74ms)
  Γ£ö POST /api/calendar/reset with confirmed wipes data (126.9448ms)
Γ£ö calendar reset API (2026.5101ms)
Γû╢ calendar store
  Γ£ö creates default Personal calendar on first open (20.7046ms)
  Γ£ö creates, updates, and deletes an event with fixed ISO timestamps (1.4519ms)
  Γ£ö rejects events where endsAt is not after startsAt (0.5948ms)
  Γ£ö lists events in a date range (0.9525ms)
  Γ£ö resetCalendarData leaves one Personal calendar and zero events (1.6482ms)
Γ£ö calendar store (28.8147ms)
Γû╢ manage_calendar list
  Γ£ö reports truncation with offset hint when more than default limit (39.1978ms)
  Γ£ö returns full count header when not truncated (1.4614ms)
  Γ£ö honors offset for pagination (0.4752ms)
Γ£ö manage_calendar list (45.6161ms)
Γû╢ buildArchivePreludeBlock
  Γ£ö empty hits yields no content (0.8787ms)
  Γ£ö formats entity hit with quote (0.254ms)
  Γ£ö dedupes and caps topK (0.1243ms)
Γ£ö buildArchivePreludeBlock (2.1303ms)
Γû╢ validateArchiveBundle
  Γ£ö accepts anchored facts (1.1509ms)
  Γ£ö rejects non-substring quote (0.2365ms)
  Γ£ö rejects zero facts (0.131ms)
Γ£ö validateArchiveBundle (2.5666ms)
Γû╢ splitRangeForBundling
  Γ£ö returns single range when under budget (1.6706ms)
  Γ£ö splits oversized range into consecutive sub-ranges (0.3301ms)
Γ£ö splitRangeForBundling (2.9189ms)
Γû╢ archive policy + lazy history (C.2)
  Γ£ö applyArchivePolicy throws when history is not loaded (1.4192ms)
  Γ£ö applyArchivePolicy sees absolute indices against the full loaded history (0.7286ms)
Γ£ö archive policy + lazy history (C.2) (3.1042ms)
Γû╢ partitionHistoryTurns
  Γ£ö groups assistant and tool messages with preceding user (1.1827ms)
Γ£ö partitionHistoryTurns (1.8766ms)
Γû╢ detectStaleTurnRanges
  Γ£ö respects minRecentTurns floor (0.3586ms)
  Γ£ö archives turns older than stalenessTurns (0.275ms)
  Γ£ö pressure trigger marks old turns stale (0.1557ms)
Γ£ö detectStaleTurnRanges (0.9764ms)
Γû╢ groupStaleTurnsIntoRanges
  Γ£ö merges consecutive stale turns (0.1367ms)
Γ£ö groupStaleTurnsIntoRanges (0.2161ms)
Γû╢ ask-question-display
  Γ£ö isAskQuestionDomVisible is false for inactive chat on Code foreground (2905.7438ms)
  Γ£ö isAskQuestionDomVisible is false when Brain covers the shell (17.7253ms)
  Γ£ö isAskQuestionDomVisible is true for desktop chat (12.9938ms)
  Γ£ö Email questions are visible only for an Email-scoped chat with an open dock (17.6508ms)
  Γ£ö waitForAskQuestionDisplayContext resolves when chat becomes active surface (27.7155ms)
  Γ£ö waitForAskQuestionDisplayContext resolves when code overview overlay closes (18.5093ms)
Γ£ö ask-question-display (3007.8885ms)
Γû╢ tokenizeQuery
  Γ£ö lowercases and splits on whitespace (1.6574ms)
  Γ£ö empty query yields no tokens (0.2179ms)
Γ£ö tokenizeQuery (3.0148ms)
Γû╢ matchText
  Γ£ö substring match scores higher at word starts (1.6033ms)
  Γ£ö fuzzy subsequence matches with gaps (0.2063ms)
  Γ£ö all tokens must match (AND semantics) (0.2109ms)
  Γ£ö subsequence with oversized gaps does not match (0.1858ms)
Γ£ö matchText (2.5229ms)
Γû╢ searchChats
  Γ£ö empty query returns no results (0.2882ms)
  Γ£ö finds keywords in titles and messages, ranking titles first (0.4753ms)
  Γ£ö message hits carry a snippet around the match (0.4988ms)
  Γ£ö multi-word query needs every keyword in one text (0.2841ms)
  Γ£ö fuzzy query tolerates missing characters (0.1612ms)
  Γ£ö empty placeholder drafts are excluded (0.1044ms)
  Γ£ö equal scores rank by recent activity (0.1351ms)
  Γ£ö respects the result limit (0.3697ms)
Γ£ö searchChats (2.6432ms)
Γû╢ filterChatsByWorkspacePath
  Γ£ö keeps chats whose workspacePath matches after normalization (0.3718ms)
  Γ£ö returns all chats when workspace path is empty (0.0988ms)
Γ£ö filterChatsByWorkspacePath (0.5565ms)
Γû╢ chat-turn-guard
  Γ£ö beginChatTurnSetup claims once per chat (1.1146ms)
  Γ£ö endChatTurnSetup releases the claim (0.246ms)
  Γ£ö beginChatTurnSetup fails when chat is already streaming (0.2085ms)
Γ£ö chat-turn-guard (2.5962ms)
Γû╢ parseCompressSlashInput
  Γ£ö accepts /compress (1.5285ms)
  Γ£ö accepts /summarize alias (0.2391ms)
  Γ£ö rejects partial commands (0.1688ms)
Γ£ö parseCompressSlashInput (2.9107ms)
Γû╢ concurrent streaming registry
  Γ£ö two chats can stream simultaneously (0.9417ms)
  Γ£ö stopping one chat leaves the other streaming (0.2407ms)
  Γ£ö per-chat abort controllers are isolated (0.2454ms)
  Γ£ö background send is not blocked (0.2175ms)
Γ£ö concurrent streaming registry (2.5456ms)
Γû╢ resolveContextBudget
  Γ£ö effectiveLimit is 90% of model limit (0.7914ms)
  Γ£ö unknown model limit yields no effective limit (0.2021ms)
Γ£ö resolveContextBudget (1.8179ms)
Γû╢ applyContextBudget truncate
  Γ£ö drops oldest history after system block (0.7218ms)
  Γ£ö does not remove leading system messages (0.4535ms)
Γ£ö applyContextBudget truncate (1.3195ms)
Γû╢ applyContextBudget slide
  Γ£ö removes oldest turns and keeps minRecentTurns (0.373ms)
  Γ£ö drops assistant and tool messages as one turn (0.2579ms)
Γ£ö applyContextBudget slide (0.7644ms)
Γû╢ applyContextBudget dropMiddle
  Γ£ö compresses board-task tool loops after a single user seed (0.823ms)
  Γ£ö injects summary and stays under limit (0.4138ms)
  Γ£ö summarize policy defers to async path (no sync trim) (0.2168ms)
Γ£ö applyContextBudget dropMiddle (1.6492ms)
Γû╢ hard truncate single message
  Γ£ö adds truncation marker on oversized user line (0.3383ms)
Γ£ö hard truncate single message (0.4252ms)
Γû╢ applyContextBudget preserves tool-call pairing (sub-agent single turn)
  Γ£ö dropMiddle never orphans a tool result after system (0.3756ms)
  Γ£ö truncate policy keeps the most recent assistant/tool pair intact (0.3462ms)
Γ£ö applyContextBudget preserves tool-call pairing (sub-agent single turn) (0.8176ms)
Γû╢ formatContextTrimStatus
  Γ£ö includes policy and drop count (0.2587ms)
Γ£ö formatContextTrimStatus (0.3376ms)
Γû╢ applyContextBudget archive
  Γ£ö archive policy uses slide behavior (0.2285ms)
Γ£ö applyContextBudget archive (0.3065ms)
Γû╢ context documents config
  Γ£ö default presets include agents-md and context-md (2.7023ms)
  Γ£ö resolveEnabledDocumentPaths unions presets and custom paths (0.6749ms)
  Γ£ö isValidContextDocumentPath rejects absolute and parent segments (0.9007ms)
  Γ£ö dedupeCustomPathsAgainstPresets removes preset collisions (2.7188ms)
Γ£ö context documents config (8.3753ms)
Γû╢ summarizeDroppedTurns
  Γ£ö falls back to extractive summary without provider ids (0.9642ms)
  Γ£ö returns empty for blank input (0.1956ms)
Γ£ö summarizeDroppedTurns (2.0307ms)
Γû╢ context notice
  Γ£ö contextNoticeAction and outcome format transcript row copy (0.9301ms)
  Γ£ö appendContextNoticeIfNeeded dedupes identical consecutive notices (0.2502ms)
  Γ£ö historyToApiMessagesForEstimate skips context notices (0.8823ms)
Γ£ö context notice (3.009ms)
Γû╢ estimateAttachmentTokens
  Γ£ö sums text attachment bodies (1.453ms)
  Γ£ö skips error chips (0.3452ms)
  Γ£ö caps image dataUrl at fixed per-image budget (not full base64) (0.1517ms)
Γ£ö estimateAttachmentTokens (4.5396ms)
Γû╢ estimateInFlightOverlayTokens
  Γ£ö counts only pending tool-call JSON (not streaming completion) (0.9487ms)
  Γ£ö returns zero when only streaming prose or reasoning is present (0.3527ms)
Γ£ö estimateInFlightOverlayTokens (1.5797ms)
Γû╢ buildContextUsageBreakdown
  Γ£ö includes in-flight row when non-zero (0.7215ms)
  Γ£ö includes composer and attachments when non-zero (1.0585ms)
  Γ£ö splits code map from system and shows loading row when injection is on (0.4134ms)
Γ£ö buildContextUsageBreakdown (2.4271ms)
Γû╢ computeContextUsagePercent
  Γ£ö caps at 100 (0.5136ms)
  Γ£ö returns null when limit unknown (0.6081ms)
Γ£ö computeContextUsagePercent (1.5915ms)
Γû╢ contextLengthFromModelRow
  Γ£ö uses loaded_context_length when model is loaded (0.4258ms)
  Γ£ö ignores loaded_context_length when model is not loaded (0.1317ms)
  Γ£ö falls back to known table when row has id but no context fields (0.4492ms)
Γ£ö contextLengthFromModelRow (1.2045ms)
Γû╢ resolveContextLimit
  Γ£ö prefers configured loaded_context_length over catalog max (21.7492ms)
  Γ£ö prefers live cache over persisted modelInfo when they differ (MIN-183) (20.8841ms)
  Γ£ö falls back to last-turn model_info when cache has no context length (2.3916ms)
  Γ£ö falls back to max when model is not loaded (0.587ms)
  Γ£ö uses known table for openai-v1 model without row context fields (0.7077ms)
Γ£ö resolveContextLimit (46.5612ms)
Γû╢ assembleContextBudget
  Γ£ö static fixture totals match bucket sum (0.4207ms)
  Γ£ö marks non-estimate when API prompt tokens exist (0.1494ms)
Γ£ö assembleContextBudget (0.6682ms)
Γû╢ create-expert parse helpers
  Γ£ö buildExpertMarkdown round-trip (1.7686ms)
Γ£ö create-expert parse helpers (2.5446ms)
Γû╢ create-expert-slug
  Γ£ö slugifyExpertLabel produces valid ids (0.9971ms)
  Γ£ö dedupeExpertId appends suffix on collision (0.1829ms)
  Γ£ö reserved ids are invalid (0.1431ms)
Γ£ö create-expert-slug (2.2772ms)
Γû╢ deleteUserExpert
  Γ£ö calls DELETE entity endpoint and clears registry (23.2228ms)
Γ£ö deleteUserExpert (24.11ms)
Γû╢ expert ownership
  Γ£ö user-owned when not in builtin set (0.6306ms)
  Γ£ö builtin override is not user-owned for Lab delete (0.2941ms)
Γ£ö expert ownership (1.8655ms)
Γû╢ resolveAuthoredGreeting
  Γ£ö prefers authored greeting from frontmatter (0.7943ms)
  Γ£ö falls back to deterministic label/description template (0.1982ms)
Γ£ö resolveAuthoredGreeting (1.8475ms)
Γû╢ resolveExpertChatSeed
  Γ£ö inherits source chat binding when no profile override (2.4615ms)
  Γ£ö applies valid model and mode overrides (0.6797ms)
Γ£ö resolveExpertChatSeed (4.0589ms)
Γû╢ resolveExpertToolNames
  Γ£ö intersects allowlist and subtracts denylist (0.2021ms)
Γ£ö resolveExpertToolNames (0.3276ms)
Γû╢ migrateSessionV5ToV6
  Γ£ö copies manual expertSelection into expertId and drops Auto state (1.8234ms)
Γ£ö migrateSessionV5ToV6 (2.544ms)
Γû╢ stopped assistant affordance
  Γ£ö markMessageStopped adds chip to assistant row (10.7969ms)
Γ£ö stopped assistant affordance (11.5002ms)
Γû╢ shouldRunFirstTurnInjections
  Γ£ö runs when no user messages yet (token estimate path) (3.2101ms)
  Γ£ö skips after first user message without firstUserSend flag (0.2714ms)
  Γ£ö firstUserSend true forces inject even with user in history (0.1608ms)
  Γ£ö firstUserSend false forces skip on pending first user (0.151ms)
  Γ£ö skips when lazy history is unloaded but messageCount shows prior turns (0.1841ms)
Γ£ö shouldRunFirstTurnInjections (7.1638ms)
Γû╢ fork-from-run helpers
  Γ£ö mergeSnapshotOverrides applies model and provider (0.7367ms)
Γ£ö fork-from-run helpers (1.4216ms)
Γû╢ listChatsWithGenerationId
  Γ£ö keeps only chats with a non-empty currentGenerationId (1.3644ms)
Γ£ö listChatsWithGenerationId (2.1973ms)
Γû╢ bootGenerationResumeForChats ownership
  Γ£ö first resumable chat owns global streaming flag (0.2899ms)
Γ£ö bootGenerationResumeForChats ownership (0.388ms)
[chat-turn-failed] localStorage is not defined ReferenceError: localStorage is not defined
    at writeLocal (C:\Users\dukky\Documents\Development\Minnow\src\config\tool-calls-meta.ts:41:3)
    at loadToolCallsMeta (C:\Users\dukky\Documents\Development\Minnow\src\config\tool-calls-meta.ts:56:3)
    at async runChatTurn (C:\Users\dukky\Documents\Development\Minnow\src\tools\loop.ts:1702:5)
    at async TestContext.<anonymous> (C:\Users\dukky\Documents\Development\Minnow\test\chat\generation-resume.test.mts:125:5)
    at async Test.run (node:internal/test_runner/test:1113:7)
    at async Promise.all (index 0)
    at async Suite.run (node:internal/test_runner/test:1518:7)
    at async Test.processPendingSubtests (node:internal/test_runner/test:788:7)
Γû╢ runChatTurn resumeGenerationId errors
  Γ£ö clears currentGenerationId when subscribe returns 404 (1799.0923ms)
Γ£ö runChatTurn resumeGenerationId errors (1799.3217ms)
Γû╢ handleGoalCommand
  Γ£ö returns null for unrelated text (5.6231ms)
  Γ£ö set stores goal and returns set (2.3762ms)
  Γ£ö status is handled without mutating goal (1.0949ms)
  Γ£ö clear removes goal (1.5796ms)
Γ£ö handleGoalCommand (14.3423ms)
Γû╢ extractGoalEvalCompletionText
  Γ£ö uses assistant content when present (2.4819ms)
  Γ£ö falls back to reasoning when content is empty (0.5955ms)
  Γ£ö falls back to thinking channel (0.1451ms)
  Γ£ö strips inline thinking tags and keeps reply verdict (0.1085ms)
  Γ£ö uses thinking block when reply is empty (0.121ms)
Γ£ö extractGoalEvalCompletionText (4.5633ms)
Γû╢ runGoalEvalAgent
  Γ£ö uses goal-eval provider binding when configured (6.4257ms)
  Γ£ö falls back to chat provider when goal-eval provider is unset (1.342ms)
  Γ£ö reads reasoning channel when content is empty (0.7979ms)
  Γ£ö re-prompts when evaluator returns analysis without YES or NO (0.8803ms)
Γ£ö runGoalEvalAgent (10.567ms)
Γû╢ goal eval session
  Γ£ö startGoalEvalSession creates a running session per chat (1.5448ms)
  Γ£ö patchGoalEvalSession updates live fields and notifies subscribers (0.4573ms)
  Γ£ö finishGoalEvalSession marks the session completed with verdict (0.3432ms)
Γ£ö goal eval session (3.2505ms)
Γû╢ evaluateGoal
  Γ£ö gate forces NO when agent returns YES with low verification tool count (3.1386ms)
  Γ£ö allows YES when agent returns sufficient verification tool calls (0.6931ms)
Γ£ö evaluateGoal (5.1013ms)
Γû╢ shouldEvaluateGoalAfterTurn
  Γ£ö returns true for persisted active goal after reload (goalDriven false) (0.4525ms)
  Γ£ö returns false when goal is achieved (0.3124ms)
  Γ£ö returns false when chat has no goal (0.2684ms)
Γ£ö shouldEvaluateGoalAfterTurn (1.2492ms)
Γû╢ parseGoalSlashInput
  Γ£ö returns null for non-goal commands (0.9422ms)
  Γ£ö status when /goal has no args (0.8115ms)
  Γ£ö clear aliases (0.3058ms)
  Γ£ö set with condition text (0.1511ms)
  Γ£ö truncates very long conditions (0.1395ms)
Γ£ö parseGoalSlashInput (3.331ms)
Γû╢ parseGoalEvalResponse
  Γ£ö parses YES with reason (1.2763ms)
  Γ£ö parses NO with reason (0.4111ms)
  Γ£ö malformed response is treated as not met (0.4266ms)
  Γ£ö empty response is treated as not met (0.134ms)
  Γ£ö parses YES on trailing line after reasoning prose (0.2247ms)
  Γ£ö parses markdown-bold YES verdict (0.16ms)
  Γ£ö parses Answer: NO embedded verdict (0.1241ms)
  Γ£ö parses JSON met/reason payload (0.112ms)
  Γ£ö parses bullet-list YES verdict (0.1483ms)
  Γ£ö isGoalEvalVerdictResponse is false for analysis without verdict (0.2274ms)
Γ£ö parseGoalEvalResponse (4.4324ms)
Γû╢ enforceGoalPassGates
  Γ£ö passes through NO verdicts unchanged (0.8302ms)
  Γ£ö blocks YES when turn count is below minimum (0.2823ms)
  Γ£ö blocks YES when verification tool calls are below minimum (0.1599ms)
  Γ£ö allows YES when all gates pass (0.1556ms)
Γ£ö enforceGoalPassGates (2.3458ms)
Γû╢ buildGoalTranscriptExcerpt
  Γ£ö includes assistant tool_calls with function names (1.6765ms)
  Γ£ö skips goalAchieved and evaluator continuation rows (0.4731ms)
  Γ£ö truncates long tool output previews at 2000 chars (0.5215ms)
  Γ£ö keeps tail of transcript when total exceeds 48k chars (0.2612ms)
Γ£ö buildGoalTranscriptExcerpt (4.2622ms)
Γû╢ hidden transcript user messages
  Γ£ö isSubAgentResumeUserMessage matches completion and check-in prefixes (1.3113ms)
  Γ£ö hiddenFromTranscript flag hides programmatic resume rows (0.221ms)
  Γ£ö legacy sub-agent rows without hiddenFromTranscript still hide via prefix (0.1565ms)
Γ£ö hidden transcript user messages (2.8804ms)
Γû╢ history-truncate
  Γ£ö expandAtomicRange includes tool tail for assistant tool_calls (0.9375ms)
  Γ£ö expandAtomicRange snaps tool index to parent assistant (0.2601ms)
  Γ£ö sliceHistoryAtTurn inclusive at user keeps user row only (0.2427ms)
  Γ£ö sliceHistoryAtTurn exclusive at assistant removes block and after (0.1404ms)
  Γ£ö normalizeHistoryTail drops incomplete tool chain (0.197ms)
  Γ£ö findToolResultRange returns assistant index when no tools yet (0.1577ms)
Γ£ö history-truncate (2.8858ms)
Γû╢ chat/history (MIN-184)
  Γ£ö copyHistoryForOutboundApi drops incomplete assistant tool_calls tail (0.9725ms)
  Γ£ö rollbackFailedTurnHistory keeps user row and drops partial tool loop (0.298ms)
  Γ£ö rollbackFailedTurnHistory is false when nothing to remove (0.146ms)
  Γ£ö repairSessionHistoryTail drops only incomplete tool chains (0.1476ms)
  Γ£ö clearPostToolTailBeforeSend removes answered tool tail before reprompt (0.1707ms)
Γ£ö chat/history (MIN-184) (2.6865ms)
Γû╢ incomplete-tool-batch
  Γ£ö findIncompleteToolBatchAtTail returns pending ask_question at tail (1.1683ms)
  Γ£ö findIncompleteToolBatchAtTail returns remaining tools after partial results (0.2408ms)
  Γ£ö findIncompleteToolBatchAtTail returns null when tool batch is complete (0.1833ms)
  Γ£ö chatAwaitingUserInputTool is false when only non-interactive tools are pending (0.1433ms)
  Γ£ö chatAwaitingUserInputTool is false when history is not loaded (0.1383ms)
Γ£ö incomplete-tool-batch (2.9154ms)
Γû╢ injection notice
  Γ£ö injectionNoticeLabel uses ellipsis copy (0.8542ms)
  Γ£ö injectionNoticeAction and outcome format transcript row copy (0.1972ms)
  Γ£ö appendInjectionNoticesForTurn adds rows when blocks are non-empty (0.2409ms)
  Γ£ö appendInjectionNoticesForTurn skips empty blocks (0.113ms)
  Γ£ö appendInjectionNoticesForTurn dedupes identical consecutive notices (0.1352ms)
  Γ£ö historyToApiMessagesForEstimate skips injection notices (0.8628ms)
Γ£ö injection notice (3.4437ms)
Γû╢ markIssuesReviewForBoardComplete
  Γ£ö matches by boardChatId and moves to review (6.8411ms)
  Γ£ö matches by planPath when boardChatId differs (8.1633ms)
  Γ£ö skips done / canceled / already review (0.4293ms)
Γ£ö markIssuesReviewForBoardComplete (18.8966ms)
Γû╢ slugifyIssueTitle
  Γ£ö lowercases and hyphenates (1.0017ms)
  Γ£ö falls back when empty (0.2386ms)
  Γ£ö truncates long titles (0.1905ms)
Γ£ö slugifyIssueTitle (2.3124ms)
Γû╢ issueBranchName
  Γ£ö Linear-style issue/iss-n-slug (0.1594ms)
Γ£ö issueBranchName (0.2732ms)
Γû╢ issueCommitGrepNeedle
  Γ£ö wraps id in brackets (0.149ms)
Γ£ö issueCommitGrepNeedle (0.227ms)
Γû╢ parseGitLogOneline
  Γ£ö parses sha and subject (0.514ms)
  Γ£ö skips Error lines (0.7079ms)
Γ£ö parseGitLogOneline (1.4025ms)
Γû╢ normalizeCommitSha
  Γ£ö accepts short and full hex (0.2666ms)
  Γ£ö rejects junk (0.1353ms)
Γ£ö normalizeCommitSha (0.5009ms)
Γû╢ parseGitHubIssueOrPrUrl
  Γ£ö parses pull request URL (0.4242ms)
  Γ£ö parses issue URL with hash fragment (0.1328ms)
  Γ£ö rejects non-GitHub hosts (0.0735ms)
Γ£ö parseGitHubIssueOrPrUrl (0.7158ms)
Γû╢ buildIssueCommitGrepCommand
  Γ£ö uses fixed-strings grep (0.1849ms)
Γ£ö buildIssueCommitGrepCommand (0.2264ms)
Γû╢ PR title and body
  Γ£ö title includes id (0.0824ms)
  Γ£ö body includes description and plan (0.1541ms)
Γ£ö PR title and body (0.2975ms)
Γû╢ parseGhVersionAvailable
  Γ£ö true for gh version exit 0 (0.1952ms)
  Γ£ö false for missing command (0.1085ms)
Γ£ö parseGhVersionAvailable (0.3741ms)
Γû╢ extractFirstHttpUrl
  Γ£ö pulls PR URL from gh output (0.1744ms)
Γ£ö extractFirstHttpUrl (0.2366ms)
Γû╢ issues pipeline builders
  Γ£ö canExpandIssueWithAgent only in triage (1.0296ms)
  Γ£ö buildIssueExpandTask includes id and triage constraint (0.3968ms)
  Γ£ö resolveIssueSubAgentChatId prefers persisted subAgentRuns on linked chats (1.0222ms)
Γ£ö issues pipeline builders (3.4353ms)
Γû╢ issues workflow seeds
  Γ£ö issuePlanPathForId uses documentation/plans/issues/ (1.0622ms)
  Γ£ö formatIssueCodeRefLine and issueCodeRefsToLaunch (0.481ms)
  Γ£ö buildIssueInvestigateTask includes context (0.2971ms)
  Γ£ö buildIssuePlanSeed and background task point at issues plan path (0.3928ms)
  Γ£ö buildIssueDebugSeed carries full context (0.2829ms)
  Γ£ö foreground mode lists and seeds (1.0371ms)
  Γ£ö canSendIssueToBoard requires planPath (0.196ms)
  Γ£ö canInvestigateIssue / canRunIssueWorkflow respect closed statuses (0.3536ms)
  Γ£ö resolveIssuePlanPath prefers existing planPath (0.1896ms)
  Γ£ö issueActivityChip for board / planning / investigating (0.3695ms)
  Γ£ö issueActivityTarget for sub-agent and board chips (0.2727ms)
Γ£ö issues workflow seeds (6.2867ms)
Γû╢ handleLoopCommand
  Γ£ö returns null for unrelated text (1.7574ms)
  Γ£ö arms interval loop and returns handled (2.5926ms)
  Γ£ö list and stop subcommands are rejected for chat UI (1.6817ms)
  Γ£ö rejects nested /loop or /goal prompt (0.4609ms)
  Γ£ö goal exclusivity both directions (2.2966ms)
  Γ£ö interval without prompt errors (0.3832ms)
Γ£ö handleLoopCommand (10.4373ms)
Γû╢ loop pacing
  Γ£ö digest is stable for equivalent whitespace (3.1724ms)
  Γ£ö delay halves on change and doubles on same, with clamps (0.4876ms)
  Γ£ö maybeRescheduleLoopsAfterTurn doubles delay when output unchanged (5.0048ms)
  Γ£ö maybeRescheduleLoopsAfterTurn halves delay when output changes (3.7843ms)
  Γ£ö ignores chats with no pending pace marker (1.4425ms)
Γ£ö loop pacing (15.1566ms)
Γû╢ parseLoopSlashInput
  Γ£ö returns null for non-loop commands (1.0396ms)
  Γ£ö bare /loop arms maintenance auto loop (0.7955ms)
  Γ£ö interval forms with prompt (0.4094ms)
  Γ£ö sub-minute intervals round up to 1m (0.1697ms)
  Γ£ö auto-paced prompt without interval (0.1383ms)
  Γ£ö reserved subcommands point users to chat panel (0.2679ms)
  Γ£ö truncates very long prompts (0.1648ms)
  Γ£ö isLoopSlashCommand detects token (0.1299ms)
  Γ£ö nested /loop or /goal prompts are detected (0.2179ms)
Γ£ö parseLoopSlashInput (4.4402ms)
Γû╢ loop pause
  Γ£ö pause freezes remaining time and resume restores dueAt (5.4598ms)
  Γ£ö ticker skips paused loops even when due (2.889ms)
Γ£ö loop pause (9.2655ms)
Γû╢ loop skip
  Γ£ö skip sets dueAt to now for running loops (4.7012ms)
  Γ£ö skip unpauses and marks due immediately (2.6686ms)
  Γ£ö ticker fires immediately after skip (3.2658ms)
Γ£ö loop skip (11.612ms)
Γû╢ loop ticker
  Γ£ö isLoopDue / isLoopExpired (1.4799ms)
  Γ£ö advanceLoopSchedule bumps dueAt and runCount (1.5755ms)
  Γ£ö fires due loop when idle and advances schedule (17.3302ms)
  Γ£ö skips when not idle (keeps dueAt) (2.0744ms)
  Γ£ö removes expired loops (2.9504ms)
  Γ£ö one fire per chat per tick (3.6024ms)
  Γ£ö not-due loops are skipped (1.4846ms)
  Γ£ö findNextLoopWakeAt ignores paused and expired loops (3.1013ms)
  Γ£ö computeLoopWakeDelayMs returns retry when overdue (0.2127ms)
  Γ£ö wake timer fires when dueAt arrives (not only on 15s poll) (504.9103ms)
Γ£ö loop ticker (540.6976ms)
Γû╢ message-queue helpers
  Γ£ö ensurePendingMessageQueue validates persisted rows (10.2821ms)
  Γ£ö enqueueComposerMessage appends follow-ups (9.5682ms)
  Γ£ö removeQueuedMessage deletes one item (4.7121ms)
  Γ£ö updateQueuedMessage edits text in place (2.7249ms)
  Γ£ö pushQueuedMessageNow promotes to steer while streaming (2.419ms)
  Γ£ö pushQueuedMessageNow promotes to steer during turn setup before streaming flag (2.2141ms)
Γ£ö message-queue helpers (36.0277ms)
Γû╢ listComposerModes
  Γ£ö excludes surface-specific modes from the composer strip (0.8508ms)
Γ£ö listComposerModes (1.6331ms)
Γû╢ orchestrate OOM recovery
  Γ£ö probeOomPauseFromElectron returns true when marker reason is oom (2.9883ms)
  Γ£ö resolveEffectiveMaxConcurrent caps concurrency during OOM recovery (0.4434ms)
Γ£ö orchestrate OOM recovery (8.8384ms)
Γû╢ boot orchestrate board resume
  Γ£ö resumeBoardExecutionAfterReload keeps board running for stalled in_progress task (6.2321ms)
  Γ£ö bootOrchestrateBoardResume skips boards that are not running (0.9198ms)
  Γ£ö bootOrchestrateBoardResume resumes each running board with a planner (1.2803ms)
  Γ£ö OOM boot pauses boards and reconciles dead merge fixers (2315.7638ms)
Γ£ö boot orchestrate board resume (2325.2296ms)
Γû╢ board setup helpers (MIN-340)
  Γ£ö isBoardSetupIncomplete is true when plan exists without board store (2.2955ms)
  Γ£ö isBoardSetupIncomplete is false after board store exists (0.4157ms)
  Γ£ö shouldShowBoardSetupReturnBanner when chat view and setup incomplete (0.403ms)
  Γ£ö isBoardOnboardingBusy tracks kickoff state (0.2318ms)
  Γ£ö getIncompleteBoardSetupGroup resolves linked folder (0.3199ms)
  Γ£ö resolveBoardOnboardingQuestionHost exposes ask_question slot during git setup (2379.2771ms)
Γ£ö board setup helpers (MIN-340) (2384.2835ms)
Γû╢ findLastPlanSavePath
  Γ£ö returns undefined for empty history (0.8978ms)
  Γ£ö returns latest save_file plan path when multiple saves exist (0.5824ms)
  Γ£ö reads path from tool result when args omit path (0.2946ms)
  Γ£ö ignores save_file outside documentation/plans (0.1516ms)
  Γ£ö ignores non-save_file tools (0.2527ms)
  Γ£ö normalizes backslashes in saved path (0.2775ms)
Γ£ö findLastPlanSavePath (3.5383ms)
Γû╢ parsePlanFrontMatter
  Γ£ö parses name, overview, and todo objects (2.2814ms)
  Γ£ö returns empty todos when front matter has no todos block (0.3165ms)
Γ£ö parsePlanFrontMatter (3.4114ms)
Γû╢ splitPlanMarkdown
  Γ£ö separates body after closing fence (0.3979ms)
Γ£ö splitPlanMarkdown (0.5149ms)
Γû╢ planMarkdownForDisplay
  Γ£ö uses markdown body when present (not front-matter scalars) (0.3565ms)
  Γ£ö synthesizes markdown when file has only front matter (0.3264ms)
Γ£ö planMarkdownForDisplay (0.8915ms)
Γû╢ readPlanArtifactMarkdown
  Γ£ö loads full file via preview API (not read_file cap) (9.1725ms)
  Γ£ö returns empty string for blank path or failed fetch (0.5704ms)
Γ£ö readPlanArtifactMarkdown (9.963ms)
Γû╢ mountPlanPreviewContent
  Γ£ö shows empty placeholder for blank markdown (9.8653ms)
Γ£ö mountPlanPreviewContent (9.9798ms)
Γû╢ buildPlanPreviewDom
  Γ£ö wraps markdown in plan-preview body with assistant bubble classes (3.6971ms)
Γ£ö buildPlanPreviewDom (3.7745ms)
Γû╢ planner-chat-title
  Γ£ö planBasenameForTitle strips directory and .md extension (1.0391ms)
  Γ£ö orchestratorPlannerChatTitle formats with and without plan path (0.2124ms)
  Γ£ö isManagedOrchestratorPlannerTitle detects placeholder and managed names (0.2434ms)
  Γ£ö syncOrchestratorPlannerChatTitle sets managed title for orchestrate mode (0.941ms)
  Γ£ö syncOrchestratorPlannerChatTitle preserves custom renames (0.2851ms)
  Γ£ö syncOrchestratorPlannerChatTitle ignores non-orchestrate chats (0.232ms)
Γ£ö planner-chat-title (4.1539ms)
Γû╢ deriveTaskCardActivity
  Γ£ö streaming tool phase uses describeToolInvocation label (3.3335ms)
  Γ£ö idle task chat surfaces last tool label (0.4628ms)
  Γ£ö no task chat with queued sub-agent shows run task summary (0.2776ms)
  Γ£ö returns null when nothing to show (0.1496ms)
Γ£ö deriveTaskCardActivity (5.8598ms)
Γû╢ deriveTaskCategoryBadge
  Γ£ö build task in Run with no test failures shows build (1.4691ms)
  Γ£ö build task in Run after failed testing shows fix (0.1971ms)
  Γ£ö build task in Testing after failed attempt keeps build (0.1317ms)
  Γ£ö build task complete after retries keeps build (0.118ms)
Γ£ö deriveTaskCategoryBadge (2.8536ms)
Γû╢ listTaskRelatedChats
  Γ£ö returns primary chat first and dedupes (0.9946ms)
  Γ£ö discovers chat by boardTaskId without chatId on task (0.2624ms)
Γ£ö listTaskRelatedChats (2.1526ms)
Γû╢ estimateTokensFromText
  Γ£ö empty string returns 0 (0.943ms)
  Γ£ö four characters rounds to 1 token (0.2243ms)
  Γ£ö 4000 characters rounds to 1000 tokens (0.1525ms)
  Γ£ö unicode uses UTF-16 code unit length (0.1259ms)
Γ£ö estimateTokensFromText (2.473ms)
Γû╢ historyToApiMessagesForEstimate
  Γ£ö omits assistant thinking segments from API-shaped rows (0.2752ms)
Γ£ö historyToApiMessagesForEstimate (0.3922ms)
Γû╢ estimateHistoryTokens
  Γ£ö sums user and assistant string content (0.3144ms)
  Γ£ö assistant thinking segments are excluded from serialized content (0.1777ms)
  Γ£ö assistant tool_calls include JSON in serialized content (0.3654ms)
Γ£ö estimateHistoryTokens (1.0893ms)
Γû╢ estimateToolsTokens
  Γ£ö empty tools array returns 0 (0.2213ms)
  Γ£ö JSON schema size is estimated (0.2481ms)
Γ£ö estimateToolsTokens (0.5836ms)
Γû╢ formatTokenEstimateLabel
  Γ£ö formats sub-thousand with locale grouping (17.1563ms)
  Γ£ö formats thousands as k suffix (0.2424ms)
Γ£ö formatTokenEstimateLabel (17.5432ms)
Γû╢ computeOutboundPromptEstimateFromParts
  Γ£ö total equals sum of buckets (0.267ms)
  Γ£ö legacy fallback flag is preserved (0.1332ms)
  Γ£ö empty inputs yield zero total (0.1111ms)
Γ£ö computeOutboundPromptEstimateFromParts (0.6398ms)
Γû╢ computePromptConfigTokenTotal
  Γ£ö sums system, rules, and tools but excludes history (0.2146ms)
Γ£ö computePromptConfigTokenTotal (0.2881ms)
Γû╢ pending-mode (MIN-191)
  Γ£ö executeSetChatMode defers when streaming (18.1589ms)
  Γ£ö flushPendingMode applies mode after stream ends (27.0885ms)
  Γ£ö clearPendingMode drops queued mode (4.7041ms)
  Γ£ö executeSetChatMode no-op when already on target mode (2.4567ms)
Γ£ö pending-mode (MIN-191) (53.6627ms)
Γû╢ resend-from-index helpers
  Γ£ö parseSkillTagFromHistory extracts skill footer (0.9319ms)
  Γ£ö sliceHistoryAtTurn before resend leaves user row at cut (0.3561ms)
Γ£ö resend-from-index helpers (2.1805ms)
Γû╢ resolveContextEnforcementPolicy
  Γ£ö accepts dropMiddle policy value (0.8337ms)
  Γ£ö user override beats global and shipped (0.1958ms)
  Γ£ö global beats shipped when no user override (0.1231ms)
  Γ£ö falls back to shipped then default (0.1373ms)
Γ£ö resolveContextEnforcementPolicy (2.1932ms)
Γû╢ work agent context policy
  Γ£ö inherits global when user has no override (1.7161ms)
  Γ£ö per-agent user override wins over global (0.7544ms)
  Γ£ö settings select uses inherit without user override (0.4763ms)
Γ£ö work agent context policy (3.2203ms)
Γû╢ sub-agent type context policy
  Γ£ö inherits global when type has no user override (0.9167ms)
  Γ£ö per-type user override wins over global (0.3864ms)
  Γ£ö settings select uses inherit without user override (0.2667ms)
Γ£ö sub-agent type context policy (1.9469ms)
Γû╢ runs-store
  Γ£ö createRun supersedes prior run at same fork (1.4457ms)
  Γ£ö activateBranch persists continuation before switching away (0.5197ms)
  Γ£ö activateBranch swaps suffix from stored outputMessages (0.2842ms)
  Γ£ö pruneSupersededRunsAfterTruncate keeps outputMessages for redo (0.3208ms)
  Γ£ö truncate then activateBranch restores undone reply (undo/redo) (0.2227ms)
  Γ£ö finalizeRun stores errorMessage on failed runs (0.1791ms)
Γ£ö runs-store (4.0021ms)
Γû╢ slash command registry
  Γ£ö includes goal commands (2.2973ms)
  Γ£ö filterSlashCommands matches partial token (1.5059ms)
Γ£ö slash command registry (5.4021ms)
Γû╢ slash picker catalog
  Γ£ö merges commands with skills without duplicate skill ids (39.3523ms)
  Γ£ö filters commands by query (0.6339ms)
Γ£ö slash picker catalog (40.1966ms)
Γû╢ steer at tool-loop boundary
  Γ£ö consumed steer is in history before the next model round (2.1805ms)
Γ£ö steer at tool-loop boundary (3.0511ms)
Γû╢ steer-message helpers
  Γ£ö formatSteerHistoryContent trims whitespace (7.104ms)
  Γ£ö consumePendingSteer no-op when pending empty (2.943ms)
  Γ£ö consumePendingSteer pushes user row with steer flag and clears pending (5.001ms)
  Γ£ö enqueueSteerMessage last write wins (2.5033ms)
  Γ£ö clearPendingSteer removes queued text (2.3664ms)
Γ£ö steer-message helpers (21.0759ms)
Γû╢ stop-all-agent-activity
  Γ£ö hasStopAllAgentActivityTargets is false when idle (2383.1624ms)
  Γ£ö hasStopAllAgentActivityTargets is true when a chat is streaming (4.6272ms)
  Γ£ö hasStopAllAgentActivityTargets is true when a title job is inflight (4.9226ms)
  Γ£ö stopAllAgentActivity aborts streaming chats and clears title jobs (7.5707ms)
Γ£ö stop-all-agent-activity (2401.4992ms)
Γû╢ stopGeneration
  Γ£ö calls abort() when chat abort controller is set (2363.026ms)
  Γ£ö no-op when chatFetchAbort is null (4.373ms)
Γ£ö stopGeneration (2368.4535ms)
Γû╢ isStreamDomVisible desktop surface
  Γ£ö stream DOM stays visible on desktop even when Code board chrome is mounted (2341.794ms)
Γ£ö isStreamDomVisible desktop surface (2342.481ms)
Γû╢ streaming-state helpers
  Γ£ö getStreamingChatId is null when idle (132.1674ms)
  Γ£ö isChatStreaming tracks streamingChatId (139.6618ms)
  Γ£ö isActiveChatStreaming when active matches stream (124.6679ms)
  Γ£ö Email stream DOM is visible only while the scoped assistant dock is open (140.9258ms)
  Γ£ö isStreamDomVisible false for build task chat during full board view (124.4096ms)
  Γ£ö isStreamDomVisible false during orchestrate board init split (141.3417ms)
  Γ£ö isBackgroundStreamBlockingSend allows concurrent sends (136.4427ms)
  Γ£ö expert thread streams in chat shell when Experts hub is closed (123.7431ms)
Γ£ö streaming-state helpers (1065.0754ms)
Γû╢ buildLiveStreamUsage
  Γ£ö estimates completion tokens from partial assistant text (1.0083ms)
  Γ£ö does not estimate completion from thinking text (provider reports it) (0.2333ms)
  Γ£ö prefers provider usage from stream meta when present (0.1968ms)
  Γ£ö sums prior tool-loop segments with the live round (0.5802ms)
  Γ£ö does not sum prompt tokens across completed tool-loop rounds (0.1831ms)
Γ£ö buildLiveStreamUsage (3.2162ms)
Γû╢ buildLiveStreamStats
  Γ£ö computes tok/s during an in-flight stream (0.4005ms)
Γ£ö buildLiveStreamStats (0.5136ms)
Γû╢ buildLiveStreamMeta
  Γ£ö returns both usage and timing stats for the strip (0.2262ms)
Γ£ö buildLiveStreamMeta (0.3855ms)
Γû╢ LIVE_STREAM_STATS_THROTTLE_MS
  Γ£ö uses a small throttle to limit strip repaint churn (0.1447ms)
Γ£ö LIVE_STREAM_STATS_THROTTLE_MS (0.2336ms)
(node:66924) ExperimentalWarning: Module mocking is an experimental feature and might change at any time
(Use `node --trace-warnings ...` to show where the warning was created)
Γû╢ planInvolvesUi heuristic
  Γ£ö returns false for backend-only text (1.8106ms)
  Γ£ö returns true for component and route mentions (0.2708ms)
  Γ£ö returns true for src/ui and CSS paths (0.2266ms)
  Γ£ö returns true for index.html (0.3047ms)
  Γ£ö returns false when all inputs empty (0.127ms)
Γ£ö planInvolvesUi heuristic (3.784ms)
Γû╢ shouldRunImpeccableStage
  Γ£ö mirrors planInvolvesUi on context fields (0.2638ms)
Γ£ö shouldRunImpeccableStage (0.3628ms)
Γû╢ buildPlanReviewerTask
  Γ£ö pass 1 task includes draft plan and spec (0.3945ms)
  Γ£ö pass 2 task includes prior critique from pass 1 (0.1601ms)
  Γ£ö SUPER_PLAN_REVIEW_PASSES is two sequential passes (1.0053ms)
Γ£ö buildPlanReviewerTask (1.7932ms)
Γû╢ assertPlanReviewerAggregate (Fix 2: timeout aggregate mapping)
  Γ£ö maps a cancelled aggregate with error "timeout" to the friendly timeout message (0.6811ms)
  Γ£ö other cancellation reasons still fall through to the generic failure message (0.1725ms)
  Γ£ö a completed aggregate with real content passes through unchanged (0.1472ms)
Γ£ö assertPlanReviewerAggregate (Fix 2: timeout aggregate mapping) (1.1332ms)
Γû╢ runReviewStage pause handling (Fix 3)
  Γ£ö returns paused instead of the aggregate outcome when paused while awaiting the reviewer (1.6924ms)
Γ£ö runReviewStage pause handling (Fix 3) (1.8148ms)
Γû╢ finalizeStreamStage draft (Fix 7: scoped to this run's own turn)
  Γ£ö errors when no save happened in the newest run's window, even though an older draft file exists (0.635ms)
  Γ£ö succeeds when this run's own window contains the save (0.7952ms)
Γ£ö finalizeStreamStage draft (Fix 7: scoped to this run's own turn) (1.5467ms)
Γû╢ finalizeStreamStage spec_confirm (Fix 8: near-miss filename adoption)
  Γ£ö adopts a near-miss spec filename saved this turn into state.specPath (0.5651ms)
  Γ£ö errors when no spec save happened this turn, even if the canonical file exists (0.2755ms)
Γ£ö finalizeStreamStage spec_confirm (Fix 8: near-miss filename adoption) (0.9431ms)
Γû╢ turn-snapshot
  Γ£ö sha256Hex is stable for fixed input (10.1176ms)
  Γ£ö buildTurnSnapshot captures mode and tools (4.1266ms)
  Γ£ö resolveForkHistoryIndex respects pushUser (0.4931ms)
Γ£ö turn-snapshot (15.9404ms)
Γû╢ turn-snapshots
  Γ£ö shouldCaptureTurnSnapshots blocks board / worktree / orchestrate (1.3846ms)
  Γ£ö capturePreTurnSnapshot annotates run fields (1.8019ms)
  Γ£ö capturePostTurnSnapshot annotates post sha (0.7664ms)
  Γ£ö capture skips when git create fails (0.7992ms)
  Γ£ö resolveTurnSnapshotCwd returns undefined for worktree chats (0.563ms)
Γ£ö turn-snapshots (6.6144ms)
Γû╢ undo-turn file restore
  Γ£ö restores pre snapshot after confirm (3.5715ms)
  Γ£ö cancel confirm leaves chat history intact (0.5021ms)
  Γ£ö divergence sets divergentHead on confirm info (0.5239ms)
  Γ£ö restoreFiles false skips git restore (1.3704ms)
  Γ£ö chat undo still works when run has no snapshot SHAs (1.3331ms)
  Γ£ö confirmAndRestoreTurnSnapshot restores post on redo (1.0166ms)
  Γ£ö soft-fails restore after chat rewind when git restore errors (0.631ms)
  Γ£ö formatSnapshotRestoreConfirm caps path list and labels diverge as danger (0.5283ms)
Γ£ö undo-turn file restore (10.7268ms)
Γû╢ undo-turn
  Γ£ö getUndoEligibility blocks streaming (5.021ms)
  Γ£ö getUndoEligibility blocks orchestrate mode (0.5811ms)
  Γ£ö getUndoEligibility blocks board-linked chats (0.5808ms)
  Γ£ö getUndoEligibility blocks worktree-isolated chats (0.3993ms)
  Γ£ö getUndoEligibility reports no_turn when history has no reply (1.5269ms)
  Γ£ö undoLastAgentTurn truncates inclusive and keeps redo branch (3.8753ms)
  Γ£ö undoLastAgentTurn does not auto-regenerate (no history growth) (0.5975ms)
  Γ£ö multi-turn undo rewinds newest turn first (0.5949ms)
  Γ£ö undo persists follow-up suffix for redo (0.7142ms)
Γ£ö undo-turn (15.7213ms)
Γû╢ parseHistoryUserContent
  Γ£ö extracts prose without file bodies (1.9686ms)
  Γ£ö extracts image placeholders (0.909ms)
  Γ£ö extracts code-ref blocks for link UI (0.2185ms)
  Γ£ö extracts design-ref blocks (element-anchored) with the co-emitted image placeholder (12.1932ms)
  Γ£ö extracts design-ref blocks (page-anchored, no image) (0.3868ms)
  Γ£ö extracts element-ref source/confidence (MIN-369) and still parses blocks without it (7.2329ms)
  Γ£ö extracts element-ref a11y attrs (MIN-370) and strips block from visible prose (0.3726ms)
  Γ£ö recovers just the HTML preview from an enriched element-ref body (0.333ms)
  Γ£ö detects attachment markers (0.2132ms)
Γ£ö parseHistoryUserContent (25.1846ms)
Γû╢ chats workspace API
  Γ£ö GET /api/chats-workspace returns path and fileCount (20.0781ms)
  Γ£ö GET /api/chats-workspace/list lists files under chats root (16.3855ms)
  Γ£ö GET /api/chats-workspace/download streams a file (4.8434ms)
  Γ£ö rejects traversal outside chats root (3.1058ms)
Γ£ö chats workspace API (746.9629ms)
Γû╢ chats workspace allowlist
  Γ£ö isAllowedWorkspaceRoot accepts code workspace, chats workspace, benchmark workspace, and scheduler workspace (18.9842ms)
  Γ£ö executeServerTool honors workspaceRoot override under chats sandbox (88.7092ms)
Γ£ö chats workspace allowlist (727.7318ms)
Γû╢ compare blind session store
  Γ£ö public session hides provider and model ids before vote (85.9745ms)
  Γ£ö randomization can swap column models with deterministic rng (45.135ms)
  Γ£ö generation ids stay aligned with screen columns when not swapped (129.8863ms)
  Γ£ö multi-model sessions assign letter aliases in parallel mode (41.4495ms)
  Γ£ö sequential mode uses numeric aliases and deferred slot activation (48.0819ms)
  Γ£ö double vote is rejected (51.8153ms)
  Γ£ö history returns revealed votes with slot refs (174.0917ms)
  Γ£ö slot-index winner resolves for multi-model votes (49.5302ms)
Γ£ö compare blind session store (1715.5404ms)
Γû╢ buildCompareChatHistory
  Γ£ö seeds user prompt and selected assistant response (4.5339ms)
  Γ£ö omits reference block when only one column has text (0.269ms)
  Γ£ö throws when selected column has no response text (0.5018ms)
Γ£ö buildCompareChatHistory (6.7329ms)
Γû╢ buildCompareChatName
  Γ£ö includes blind label and model name (0.3215ms)
Γ£ö buildCompareChatName (0.4339ms)
Γû╢ compare persistence merge
  Γ£ö server row wins over local duplicate id (0.8449ms)
Γ£ö compare persistence merge (1.7076ms)
Γû╢ compare win rates
  Γ£ö aggregates wins and losses with fixed fixtures (0.5048ms)
  Γ£ö aggregates n-way slot-index winners (0.1962ms)
Γ£ö compare win rates (0.8516ms)
Γû╢ normalizeCompareVote
  Γ£ö builds slots from legacy left/right when slots missing (0.7666ms)
Γ£ö normalizeCompareVote (1.6015ms)
Γû╢ formatCompareWinnerLabel
  Γ£ö does not throw for numeric winner on legacy votes without slots (0.25ms)
Γ£ö formatCompareWinnerLabel (0.3529ms)
Γû╢ aggregateWinRates
  Γ£ö aggregates slot-index winners after legacy normalization (0.4115ms)
Γ£ö aggregateWinRates (0.5143ms)
Γû╢ issues-taxonomy config API
  Γ£ö GET returns default taxonomy when file is missing (1129.5255ms)
  Γ£ö PUT round-trips custom taxonomy (337.8631ms)
Γ£ö issues-taxonomy config API (1473.8599ms)
Γû╢ mergeGlobalSamplerWithLibraryModel
  Γ£ö applies alias lookup over global preset (1.0805ms)
  Γ£ö returns global when no alias matches (0.4233ms)
Γ£ö mergeGlobalSamplerWithLibraryModel (2.2933ms)
Γû╢ sampler global meta
  Γ£ö parseSamplerGlobalBlock merges defaults when persisted block is sparse (1.133ms)
  Γ£ö parseSamplerGlobalBlock returns full defaults when sampler missing (0.2257ms)
Γ£ö sampler global meta (2.2036ms)
Γû╢ validateSessionState activeLoops
  Γ£ö round-trips activeLoops and nextLoopId on chats (2.1685ms)
Γ£ö validateSessionState activeLoops (2.9691ms)
Γû╢ session shape parity (kitchen-sink)
  Γ£ö server validateSessionState and client parseSessionStateFromJson deep-equal (6.049ms)
  Γ£ö previously dropped Chat fields survive server validateSessionState (1.0946ms)
Γ£ö session shape parity (kitchen-sink) (8.0374ms)
Γû╢ healAnnotations (pure classification)
  Γ£ö element anchor whose element moved is healed and rect updates (1.7835ms)
  Γ£ö element anchor whose element is gone (uid AND selector fail) is classified dead and left as-is (0.3042ms)
  Γ£ö element anchor resolving to the same rect is unchanged (no badge, no quiet update noise) (0.2423ms)
  Γ£ö page anchors are never dead and never healed (0.3139ms)
  Γ£ö pins heal/die the same way as shapes, tracked separately from shapes (0.3699ms)
  Γ£ö uid match wins over a dead selector fallback (mirrors reanchorElementAnchor) (0.4572ms)
  Γ£ö links survive healing untouched (0.226ms)
Γ£ö healAnnotations (pure classification) (5.0013ms)
Γû╢ healPageAnnotations (persisting wrapper)
  Γ£ö heals, persists the healed rects, and returns the classification (1.5804ms)
  Γ£ö empty pageKey is a no-op (no fetches) (0.4466ms)
Γ£ö healPageAnnotations (persisting wrapper) (2.2872ms)
Γû╢ repickAnnotation
  Γ£ö moves a dead rect shape onto the newly picked element and keeps its links (1.233ms)
  Γ£ö pen/arrow shapes move anchor but keep their original points untouched (0.7457ms)
  Γ£ö moves a pin to the new anchor position (0.8278ms)
  Γ£ö returns null and does not persist when the annotation id does not exist (0.5161ms)
Γ£ö repickAnnotation (3.6072ms)
Γû╢ linkAnnotationsToTurn
  Γ£ö stamps the target shape with a link and persists it (2.7347ms)
  Γ£ö a shape linked from two different sends keeps both links, newest first (0.7009ms)
  Γ£ö leaves shapes not in the target id list untouched (0.9439ms)
  Γ£ö returns null and does not persist when there are no target ids (0.5781ms)
Γ£ö linkAnnotationsToTurn (6.3376ms)
Γû╢ linkSentAttachmentsToTurn
  Γ£ö links every designRef attachment shape to the turn, grouped by page (1.3814ms)
  Γ£ö ignores non-designRef attachments (elementRef picks have no annotation-store entry) (0.3402ms)
  Γ£ö two shapes sent in the same turn both link to it (acceptance: "send two annotated regions") (0.5971ms)
Γ£ö linkSentAttachmentsToTurn (2.6331ms)
Γû╢ isAnchorDead
  Γ£ö resolves by uid match (0.2566ms)
  Γ£ö falls back to selector match when uid misses (0.1506ms)
  Γ£ö dead when uid AND selector both fail to resolve (0.1587ms)
  Γ£ö dead when there are no candidates at all (0.15ms)
  Γ£ö page-anchored items are never dead (0.098ms)
Γ£ö isAnchorDead (1.0843ms)
Γû╢ annotation-store persistence
  Γ£ö loadPageAnnotations returns empty state for an unknown page without an empty pageKey call (2.0635ms)
  Γ£ö loadPageAnnotations short-circuits (no fetch) for an empty page key (0.4773ms)
  Γ£ö addShape persists via PUT and round-trips through GET on a fresh load (0.7113ms)
  Γ£ö addPin + addNoteToPin thread notes with timestamps and persist (0.7846ms)
  Γ£ö addNoteToPin is a no-op for an unknown pin id or blank text (0.3454ms)
  Γ£ö eraseShape removes the shape and persists; erasePin removes the pin and its thread (0.5135ms)
  Γ£ö undoPage restores the prior snapshot (per-page stack) and persists it (0.3085ms)
  Γ£ö undoPage returns null once the per-page stack is exhausted (0.2004ms)
  Γ£ö undo stacks are independent per page (0.6146ms)
  Γ£ö clearPageAnnotations wipes shapes and pins and persists an empty page (3.9134ms)
Γ£ö annotation-store persistence (11.2246ms)
Γû╢ re-anchoring on load
  Γ£ö reanchorShape re-fits a rect/label shape to the matched element by uid (0.2735ms)
  Γ£ö reanchorShape falls back from uid to selector match (0.1311ms)
  Γ£ö reanchorShape keeps the last-known rect when no candidate matches (rect fallback) (0.1081ms)
  Γ£ö page-anchored shapes are untouched by re-anchoring (0.1204ms)
  Γ£ö reanchorPin moves the pin to the matched element position (0.1392ms)
Γ£ö re-anchoring on load (0.9298ms)
Γû╢ annotations panel (MIN-368)
  Γ£ö renders one row per shape/pin (20.5131ms)
  Γ£ö shows "moved/removed" badge only for a dead element anchor (uid AND selector both fail) (7.5384ms)
  Γ£ö filters the list to marks linked to the selected chat (12.0013ms)
  Γ£ö clicking a link chip jumps to that chat turn (5.5378ms)
  Γ£ö clicking highlight invokes onHighlight with the item (5.4486ms)
  Γ£ö bulk delete: selecting rows enables the button; clicking sends shape+pin id lists (5.0708ms)
  Γ£ö collapse toggle flips the collapsed class and aria-expanded (3.4145ms)
  Γ£ö empty state renders when there are no marks (or the filter matches none) (2.8692ms)
Γ£ö annotations panel (MIN-368) (63.9787ms)
Γû╢ renderBeforeAfterCard
  Γ£ö starts on "after" and toggling flips to "before" and back (15.3178ms)
  Γ£ö single file shows the path as the label; multiple files show a count (4.3545ms)
  Γ£ö missing before capture disables the toggle and shows the after image (9.0752ms)
  Γ£ö missing after capture falls back to showing before (3.8083ms)
  Γ£ö root carries the pair id for later lookup/removal (3.4872ms)
Γ£ö renderBeforeAfterCard (37.2632ms)
Γû╢ createBeforeAfterPairing
  Γ£ö a single save then reload-settled produces one finalized pair (2.4715ms)
  Γ£ö multiple saves in the same turn before reload settles fold into one pair with all paths (0.4563ms)
  Γ£ö a new turn id starts a fresh pair even for the same chat (0.3626ms)
  Γ£ö reload-settled with nothing pending is a no-op (0.2723ms)
  Γ£ö ring buffer keeps only the last N pairs per chat, oldest evicted first (0.5168ms)
  Γ£ö pairs are tracked independently per chat (0.4001ms)
  Γ£ö reset clears pending and finalized state (0.3162ms)
  Γ£ö null capture results (e.g. capture unavailable) are preserved on the finalized pair (0.3198ms)
Γ£ö createBeforeAfterPairing (6.3497ms)
Γû╢ CDP picking routing + lifecycle (MIN-370)
  Γ£ö shouldUseCdpPicker is false without window.minnow (npm start / non-Electron) (9.3611ms)
  Γ£ö shouldUseCdpPicker is false for same-origin pages even in Electron (3.3159ms)
  Γ£ö shouldUseCdpPicker is false for workspace (static HTML) pages (2.8768ms)
  Γ£ö shouldUseCdpPicker is true for cross-origin URLs in Electron (2.6474ms)
  Γ£ö shouldUseCdpPicker is false while Design Mode uses the iframe guest (Draw/Comment on cross-origin) (2.3998ms)
  Γ£ö createCdpElementPicker: enable subscribes and forwards picks to onPick (2.447ms)
  Γ£ö createCdpElementPicker: enable failure surfaces onError and does not mark enabled (3.2978ms)
  Γ£ö createCdpElementPicker: disable unsubscribes and stops forwarding picks (2.214ms)
  Γ£ö createCdpElementPicker: no window.minnow surfaces a clear error instead of throwing (2.0408ms)
  Γ£ö createBestElementPicker routes to CDP for cross-origin Electron guests (3.153ms)
  Γ£ö createBestElementPicker falls back to execJs/iframe for same-origin pages (2.8646ms)
Γ£ö CDP picking routing + lifecycle (MIN-370) (38.3558ms)
Γû╢ design-meta normalize
  Γ£ö normalizeDesignMeta returns empty instances for missing/invalid input (1.6652ms)
  Γ£ö normalizeDesignMeta clamps a bogus diffHistoryLimit to the default (0.1928ms)
  Γ£ö normalizeDesignMeta fills defaults for a partial instance entry (0.1835ms)
  Γ£ö normalizeDesignMeta rejects unknown tool/viewport values (0.1231ms)
  Γ£ö normalizeDesignMeta accepts a valid tool/viewport combination (0.1442ms)
  Γ£ö normalizeDesignMeta drops entries keyed by blank ids (0.1349ms)
Γ£ö design-meta normalize (3.3502ms)
Γû╢ design-meta load/save round trip
  Γ£ö loadDesignMeta returns defaults when nothing persisted (0.6562ms)
  Γ£ö saveDesignInstanceMeta persists a patch and loadDesignInstanceMeta reads it back (0.543ms)
  Γ£ö saveDesignInstanceMeta merges with existing instance state instead of clobbering it (0.39ms)
  Γ£ö saveDesignInstanceMeta keeps other instances untouched (0.3815ms)
  Γ£ö getDesignInstanceMetaCached falls back to defaults for an unknown instance before load (0.2077ms)
  Γ£ö saveDesignMeta rejects fetch failures without throwing on the caller (0.4478ms)
Γ£ö design-meta load/save round trip (2.961ms)
Γû╢ design-mode mount/unmount + pointer capture
  Γ£ö enableDesignMode mounts overlay, capture layer and strip into the host (30.0648ms)
  Γ£ö disableDesignMode unmounts everything and leaves the host otherwise empty (9.1191ms)
  Γ£ö capture layer is pointer-events:none until a capture-mode tool is armed (7.9609ms)
  Γ£ö select is a passthrough tool ΓÇö the guest keeps receiving clicks for the picker (8.3803ms)
  Γ£ö armed tool receives pointer events in host-space coordinates (11.1105ms)
  Γ£ö switching armed tools disarms the previous one (9.8832ms)
  Γ£ö toggling Design Mode off then on again re-mounts cleanly (13.4086ms)
  Γ£ö relocateDesignModeStrip moves the strip between host elements (6.709ms)
Γ£ö design-mode mount/unmount + pointer capture (98.1971ms)
Γû╢ design-mode keyboard shortcuts
  Γ£ö "v" arms select and Escape disarms it, when focus is inside the pane (8.3684ms)
  Γ£ö "p" arms draw and "c" arms comment (12.9719ms)
  Γ£ö shortcuts are ignored when focus is outside the preview pane (5.0944ms)
  Γ£ö shortcuts work when nothing is focused (keydown targets <body>) (4.8137ms)
Γ£ö design-mode keyboard shortcuts (31.5673ms)
Γû╢ design-mode tool strip
  Γ£ö strip shows select/draw/comment tool buttons (no dead inspect button) (4.5359ms)
  Γ£ö strip positioning is CSS-owned (no inline position that overrides the chrome variant) (4.1666ms)
  Γ£ö draw sub-tools are hidden until draw is armed, then reflect the shape kind (5.3666ms)
  Γ£ö exit button invokes onExit when provided (4.2771ms)
  Γ£ö exit button falls back to disableDesignMode without onExit (4.9957ms)
  Γ£ö strip includes a Clear all marks button (4.8409ms)
  Γ£ö Clear all invokes onClearAll after wiping marks (5.1424ms)
Γ£ö design-mode tool strip (33.6955ms)
Γû╢ buildHistoryUserContent ΓÇö designRef send serialization
  Γ£ö emits a <design-ref> block plus an [image: name] placeholder for the composited crop (0.9076ms)
  Γ£ö omits the image placeholder when there is no composited crop (0.2421ms)
Γ£ö buildHistoryUserContent ΓÇö designRef send serialization (1.9884ms)
Γû╢ buildVlmUserApiContent ΓÇö designRef send serialization
  Γ£ö text part carries the structured intent; image_url part carries the composited crop (0.4886ms)
  Γ£ö no image_url part when the shape has no composited crop (0.1548ms)
Γ£ö buildVlmUserApiContent ΓÇö designRef send serialization (0.7837ms)
Γû╢ formatDesignRefLabel
  Γ£ö uses the shape kind and the page basename (1.1296ms)
  Γ£ö labels pen strokes as "sketch" (0.3098ms)
  Γ£ö falls back to the kind alone when there is no page (0.1887ms)
Γ£ö formatDesignRefLabel (2.6324ms)
Γû╢ designRefHistoryBlock
  Γ£ö serializes an element-anchored shape with kind/page/anchor attributes (0.6311ms)
  Γ£ö serializes a page-anchored shape with anchorX/anchorY attributes (0.186ms)
  Γ£ö adds an image attribute only when imageName is provided (0.2006ms)
Γ£ö designRefHistoryBlock (1.2774ms)
Γû╢ addDesignRefToComposer
  Γ£ö queues a designRef attachment with the shape, page, and composited image (14.6014ms)
  Γ£ö never dedupes ΓÇö a second shape is always a second chip, even on the same page (3.8767ms)
  Γ£ö works without a composited image (capture failure still queues the intent text) (2.8866ms)
Γ£ö addDesignRefToComposer (21.6968ms)
Γû╢ isDesignRefAttachment
  Γ£ö accepts a fully-populated designRef attachment (0.326ms)
  Γ£ö rejects other kinds and incomplete designRef rows (0.1093ms)
Γ£ö isDesignRefAttachment (0.5428ms)
Γû╢ DesignTool registry
  Γ£ö registerDesignTool + getDesignTool round trip (0.9553ms)
  Γ£ö registerDesignTool replaces a prior registration for the same id (0.3557ms)
  Γ£ö unregisterDesignTool removes the tool (0.2385ms)
  Γ£ö registerBuiltinPlaceholderDesignTools registers all four strip tool ids exactly once (0.9582ms)
Γ£ö DesignTool registry (3.5895ms)
Γû╢ stub DesignTool contract
  Γ£ö arm() receives context and flips isArmed() (0.3072ms)
  Γ£ö disarm() clears context and flips isArmed() back off (5.6644ms)
  Γ£ö pointer handlers receive overlay-space coordinates while armed (0.2912ms)
  Γ£ö render() hook is callable and logs an event (0.1538ms)
Γ£ö stub DesignTool contract (6.6768ms)
Γû╢ Draw & Comment design tools (MIN-367)
  Γ£ö id/label match the strip button contract (13.2005ms)
  Γ£ö default kind is rect; drawing a rect pushes a designRef chip anchored to the page (127.1405ms)
  Γ£ö a tiny drag (< 4px) is ignored ΓÇö no accidental shapes from a plain click (138.9591ms)
  Γ£ö setShapeKind(arrow) produces a move/motion intent chip (139.9879ms)
  Γ£ö setShapeKind(pen) accumulates + thins a freehand stroke (138.2044ms)
  Γ£ö eraseShape removes the shape from the overlay and persists the erasure (216.4101ms)
  Γ£ö undo restores the previous shape list via the per-page undo stack (279.4006ms)
  Γ£ö disarm clears the shape overlay layer (139.4511ms)
  Γ£ö comment tool: pointer up drops a numbered pin and renders it in the pin layer (123.8143ms)
  Γ£ö addNote threads a plain-text note with a timestamp onto the pin (138.6365ms)
  Γ£ö erasePin removes the pin and its thread (201.1157ms)
  Γ£ö draw shows a live draft while dragging and clears it on pointer up (123.9966ms)
  Γ£ö clicking an existing pin reopens its thread instead of stacking a duplicate pin (231.7201ms)
  Γ£ö clicking elsewhere while a thread is open dismisses it instead of dropping a pin (215.2766ms)
  Γ£ö Enter in the popover input adds a note to the thread (216.9484ms)
  Γ£ö comment pins do not push composer attachments (comments are markup, not chat turns) (140.3998ms)
  Γ£ö clearAllDesignModeMarks wipes draw shapes, comment pins, and composer design refs for the page (357.8581ms)
Γ£ö Draw & Comment design tools (MIN-367) (2944.6975ms)
Γû╢ parseCssColor
  Γ£ö parses rgb() (1.4821ms)
  Γ£ö parses rgba() with alpha (0.2583ms)
  Γ£ö parses 6-digit hex (0.1667ms)
  Γ£ö parses 3-digit hex (0.2082ms)
  Γ£ö returns null for transparent (0.1436ms)
  Γ£ö returns null for unparseable input (0.1809ms)
Γ£ö parseCssColor (3.3925ms)
Γû╢ relativeLuminance / contrastRatioOf
  Γ£ö black vs white is the maximum ~21:1 ratio (0.2625ms)
  Γ£ö identical colors have a 1:1 ratio (0.1475ms)
  Γ£ö ratio is symmetric regardless of argument order (0.1628ms)
Γ£ö relativeLuminance / contrastRatioOf (0.7691ms)
Γû╢ computeContrastRatioFromStylesDigest
  Γ£ö computes ratio from a well-formed digest (0.4635ms)
  Γ£ö returns null when the background is fully transparent (0.1975ms)
  Γ£ö returns null when the digest has no color/bg segments (0.1328ms)
Γ£ö computeContrastRatioFromStylesDigest (0.9871ms)
Γû╢ computeAccessibleNameForElement
  Γ£ö prefers aria-label (9.1641ms)
  Γ£ö falls back to alt (3.3862ms)
  Γ£ö falls back to trimmed, collapsed text content (2.4614ms)
  Γ£ö caps at 160 characters (2.0004ms)
Γ£ö computeAccessibleNameForElement (17.2499ms)
Γû╢ design element picker selector
  Γ£ö isStablePickerClass rejects css-/sc-/hash noise (1.1108ms)
  Γ£ö unique id selector round-trips (9.6403ms)
  Γ£ö stable class chain with nth-of-type when ambiguous (4.7006ms)
  Γ£ö hash-like classes are skipped in the chain (2.5172ms)
  Γ£ö depth cap stays at six ancestors (3.2666ms)
  Γ£ö always stamps data-mn-uid fallback for browser_click (2.9333ms)
Γ£ö design element picker selector (25.2849ms)
Γû╢ load_aesthetics_reference tool
  Γ£ö returns the bundled frontend-aesthetics markdown body (7.6247ms)
  Γ£ö returns Error when reference file is missing (0.644ms)
Γ£ö load_aesthetics_reference tool (9.2586ms)
Γû╢ design annotation overlay
  Γ£ö render creates rect outlines and numbered badges (21.591ms)
  Γ£ö mapGuestRect is identity at DPR 1 without host transform (6.0121ms)
  Γ£ö mapGuestRect divides by host CSS scale when transformed (5.6527ms)
  Γ£ö clear removes markers and destroy removes svg (3.5399ms)
  Γ£ö free-draw emits coordinate-only rect (6.6014ms)
Γ£ö design annotation overlay (49.2115ms)
Γû╢ design picker payload
  Γ£ö enable polls guest and forwards full PickedElement (171.0894ms)
  Γ£ö buildDomPathForElement walks the ancestor chain, id-preferred then class (8.8483ms)
  Γ£ö attributesForElement returns all attributes minus the data-mn-uid stamp (6.1183ms)
  Γ£ö computedStylesForElement returns curated camelCase style keys (8.2722ms)
  Γ£ö disable stops polling and runs DISABLE_SCRIPT (314.7757ms)
  Γ£ö enable is silent when same-origin guest is not readable yet (iframe still loading) (4.4823ms)
Γ£ö design picker payload (514.6886ms)
Γû╢ design picker transport
  Γ£ö electron transport when execJs is present and unwraps __execError (14.9683ms)
  Γ£ö iframe transport in Electron Design Mode even though execJs exists (targets the visible iframe, not the hidden native guest) (8.8978ms)
  Γ£ö iframe transport when only #previewFrame exists (8.488ms)
  Γ£ö canReadGuest is false for cross-origin iframe (5.7929ms)
Γ£ö design picker transport (39.2ms)
Γû╢ captureRegionWithOverlay
  Γ£ö composites the overlay SVG onto the crop when a real crop is produced (8.6748ms)
  Γ£ö falls back to the plain crop when compositing reports taint (2.3666ms)
  Γ£ö skips compositing (and the base capture stays untouched) when there is no svg markup (2.4666ms)
  Γ£ö does not attempt to composite over an uncropped (full-page fallback) capture (2.2149ms)
Γ£ö captureRegionWithOverlay (16.6872ms)
Γû╢ region-capture computeCropRect
  Γ£ö dpr=1 identity mapping (1.3614ms)
  Γ£ö dpr=2 scales guest CSS rect to device pixels (0.1854ms)
  Γ£ö clamps overflow so sw equals pageW - sx and dimensions stay >= 1 (0.1806ms)
  Γ£ö rounds fractional dpr to integer device pixels (0.1294ms)
Γ£ö region-capture computeCropRect (2.7422ms)
Γû╢ region-capture captureRegion
  Γ£ö Electron Design Mode iframe guest: never calls the hanging native capturePage (6.2263ms)
  Γ£ö inline path returns a cropped data URL (2.586ms)
  Γ£ö tainted fallback uploads full page and records server url (13.7657ms)
  Γ£ö missing preview capture reports an error without crashing (3.7659ms)
  Γ£ö capturePage rejection is surfaced as an error result (2.8787ms)
Γ£ö region-capture captureRegion (30.8139ms)
Γû╢ Select design tool (MIN-366)
  Γ£ö id/label match the strip button contract (17.3421ms)
  Γ£ö click on the guest pushes an elementRef chip with the full payload shape (121.5545ms)
  Γ£ö the chip is pushed without a sourceMapping, then upgraded in place once resolution lands (MIN-369) (216.3831ms)
  Γ£ö picking the same element twice dedupes to one chip and one marker (185.034ms)
  Γ£ö refreshGuestBinding re-attaches after the iframe guest reloads (371.75ms)
  Γ£ö rapid refreshGuestBinding serializes picker teardown and re-enable (138.2663ms)
  Γ£ö disarm clears overlay markers and disables the picker (200.3117ms)
Γ£ö Select design tool (MIN-366) (1251.7236ms)
Γû╢ thinPoints
  Γ£ö keeps points at least minDistance apart, always keeping first and last (1.5443ms)
  Γ£ö passes through arrays of length <= 2 unchanged (0.2348ms)
Γ£ö thinPoints (2.7168ms)
Γû╢ boundingRectOfPoints / boundingRectOfShape
  Γ£ö computes the axis-aligned bounding box of a point set (0.345ms)
  Γ£ö empty points collapses to a zero rect (0.1496ms)
  Γ£ö shape.rect wins over points when both are present (0.197ms)
  Γ£ö arrow/pen shapes derive bounding rect from points (0.1638ms)
Γ£ö boundingRectOfPoints / boundingRectOfShape (1.1454ms)
Γû╢ resolveShapeAnchor
  Γ£ö anchors to the tagged element with the largest overlap ratio (0.3799ms)
  Γ£ö falls back to a page anchor when no candidate clears the overlap threshold (0.1973ms)
  Γ£ö falls back to a page anchor when there are no candidates at all (0.1742ms)
  Γ£ö a barely-overlapping candidate below minOverlapRatio does not win (0.3173ms)
Γ£ö resolveShapeAnchor (1.3218ms)
Γû╢ structuredIntentForShape
  Γ£ö arrow: move/motion intent with rounded endpoints (0.2975ms)
  Γ£ö arrow with a label appends the caption (0.1164ms)
  Γ£ö rect: region of interest (0.1412ms)
  Γ£ö label: instruction text (0.1013ms)
  Γ£ö pen: freehand annotation with a point count (0.0897ms)
Γ£ö structuredIntentForShape (0.9571ms)
Γû╢ resolveElementSourceMapping ΓÇö static HTML workspace ladder step
  Γ£ö exact match: fetch resolves with a file:line and exact confidence, transport is never consulted (1.9612ms)
  Γ£ö probable match: server reports ambiguous confidence, passed through unchanged (0.5007ms)
  Γ£ö non-HTML page skips the static step entirely (no fetch call) (0.3286ms)
  Γ£ö fetch failure (network error) falls through to the dev-server step instead of throwing (0.3905ms)
  Γ£ö server 200s with confidence guess and no file ΓÇö falls through to dev-server step (0.4035ms)
Γ£ö resolveElementSourceMapping ΓÇö static HTML workspace ladder step (4.52ms)
Γû╢ resolveElementSourceMapping ΓÇö framework dev-server ladder step
  Γ£ö React fiber _debugSource resolves to a probable file:line + component (0.3817ms)
  Γ£ö transport throwing (guest navigated away) falls through to guess, never rejects (0.2947ms)
  Γ£ö null transport (no execJs / iframe) falls straight to guess for a dev-server page (0.1919ms)
Γ£ö resolveElementSourceMapping ΓÇö framework dev-server ladder step (1.0841ms)
Γû╢ resolveElementSourceMapping ΓÇö never blocks the pick
  Γ£ö resolves (does not reject) even when every step fails (0.2772ms)
Γ£ö resolveElementSourceMapping ΓÇö never blocks the pick (0.3619ms)
Γû╢ desktop workspace API
  Γ£ö GET /api/desktop-workspace returns path and fileCount (10.0599ms)
  Γ£ö desktop workspace path is in tool workspaceRoot allowlist (2.8248ms)
  Γ£ö PUT /api/desktop-workspace changes the active desktop workspace path (653.0509ms)
Γ£ö desktop workspace API (1685.6419ms)
Γû╢ diagnostics middleware
  Γ£ö GET /api/diagnostics/ping (13.2323ms)
  Γ£ö GET /api/diagnostics/errors returns grouped errors (11.5207ms)
  Γ£ö POST /api/diagnostics/report captures renderer errors (8.0947ms)
  Γ£ö GET /api/diagnostics/report returns redacted markdown (18.6637ms)
  Γ£ö POST /api/diagnostics/clear removes stored errors (23.651ms)
  Γ£ö GET /api/diagnostics/health marks idle on-demand LSP as ok (7.6652ms)
Γ£ö diagnostics middleware (107.6153ms)
Γû╢ diagnostics prefs
  Γ£ö fileErrorsToIssues defaults to false (2531.9025ms)
  Γ£ö saveDiagnosticsPref persists fileErrorsToIssues (5.0451ms)
Γ£ö diagnostics prefs (2537.8185ms)
Γû╢ read_diagnostics tool
  Γ£ö returns JSON summary with errors (126.3547ms)
  Γ£ö report format returns markdown without home paths (54.1335ms)
Γ£ö read_diagnostics tool (207.4826ms)
Γû╢ diagnostics redact
  Γ£ö redactPaths replaces home directory (1.1522ms)
  Γ£ö redactDiagnosticText strips bearer tokens and URLs (4.9173ms)
  Γ£ö formatDiagnosticReportMarkdown contains no raw home paths (0.5301ms)
Γ£ö diagnostics redact (7.5433ms)
Γû╢ diagnostics ring-log
  Γ£ö appendDiagnosticEntry writes JSONL under MINNOW_HOME/logs (13.3811ms)
  Γ£ö readDiagnosticEntries returns tail in chronological order (8.9328ms)
  Γ£ö rotates when file exceeds size cap (16.4436ms)
  Γ£ö clearDiagnosticLogs removes diagnostics and crash JSONL files (10.265ms)
Γ£ö diagnostics ring-log (50.4064ms)
Γû╢ crash-log
  Γ£ö resolveCrashLogDir uses MINNOW_HOME/logs (3.5163ms)
  Γ£ö resolveCrashLogDir honors explicit override (3.1366ms)
  Γ£ö logCrash appends JSONL lines with ts and pid (4.9566ms)
  Γ£ö logCrash never throws on invalid path (2.588ms)
  Γ£ö last crash marker round-trip and clear (3.9206ms)
  Γ£ö clearLastCrashMarker ignores ENOENT (2.5815ms)
  Γ£ö OOM pause marker round-trip and expiry (6.4507ms)
Γ£ö crash-log (28.5025ms)
Γû╢ electron build freshness
  Γ£ö detects a source newer than compiled output (4.677ms)
Γ£ö electron build freshness (5.5358ms)
Γû╢ electron launch fallback (MIN-264)
  Γ£ö server.js does not treat launcher exit code as Electron failure (0.8671ms)
  Γ£ö launcher opens the system browser only on its own failure path (0.1891ms)
Γ£ö electron launch fallback (MIN-264) (1.9284ms)
Γû╢ preview guest actions
  Γ£ö previewExecJs calls executeJavaScript with userGesture true (1.3094ms)
  Γ£ö previewExecJs returns guest JS errors instead of throwing (0.8508ms)
  Γ£ö previewCapturePageBase64 returns base64 PNG (0.2974ms)
  Γ£ö previewGetGuestInfo returns url title loading (0.2216ms)
  Γ£ö previewNavigateAwait resolves on successful loadURL (0.2774ms)
  Γ£ö previewNavigateAwait returns error when loadURL rejects (0.2531ms)
  Γ£ö isNavigationAbortedError detects ERR_ABORTED (0.1831ms)
  Γ£ö previewClearGuest skips when guest is already blank (0.2145ms)
  Γ£ö previewClearGuest loads about:blank (0.2441ms)
  Γ£ö previewClearGuest ignores ERR_ABORTED from loadURL (0.3381ms)
  Γ£ö previewClearGuest rethrows non-abort loadURL errors (0.5745ms)
Γ£ö preview guest actions (6.068ms)
Γû╢ adaptCdpRawPick
  Γ£ö id attribute produces an id selector (2.422ms)
  Γ£ö falls back to tag + class selector when no id (0.4697ms)
  Γ£ö drops unstable hashed/css-in-js classes from the fallback selector (0.2528ms)
  Γ£ö bare tag selector when there is no id or stable class (0.2022ms)
  Γ£ö quad ΓåÆ axis-aligned bounding rect (1.0112ms)
  Γ£ö missing/invalid devicePixelRatio falls back to 1 (0.2288ms)
  Γ£ö styles digest includes font/color/spacing/layout fields (0.3182ms)
  Γ£ö aria-label wins over alt and text content for accessible name (0.225ms)
  Γ£ö falls back to stripped outerHTML text when no aria-label/alt (0.2196ms)
  Γ£ö contrast ratio computed from color vs background-color (0.3729ms)
  Γ£ö contrast ratio is null when background is transparent (0.1719ms)
  Γ£ö shiftKey passes through (0.1517ms)
  Γ£ö uid passes through unchanged (stamped by the CDP orchestrator, not the adapter) (0.137ms)
  Γ£ö outerHTMLPreview is capped at 200 chars with whitespace collapsed (0.1895ms)
Γ£ö adaptCdpRawPick (7.6953ms)
Γû╢ contrastRatioOfCdp
  Γ£ö black on white is the maximum 21:1 (0.1112ms)
  Γ£ö same color on itself is 1:1 (0.0739ms)
Γ£ö contrastRatioOfCdp (0.2872ms)
Γû╢ fetchCdpNodeAsPicked
  Γ£ö returns adaptCdpRawPick shape with selector + rect (3.3466ms)
Γ£ö fetchCdpNodeAsPicked (4.3478ms)
Γû╢ resolveElementAtPoint
  Γ£ö attaches, resolves, and detaches when debugger was free (0.7465ms)
  Γ£ö refuses when Design Mode pick session is active (0.3718ms)
  Γ£ö does not detach when debugger was already attached (0.4081ms)
  Γ£ö returns error when no backend node at location (0.3437ms)
Γ£ö resolveElementAtPoint (2.1686ms)
Γû╢ enableCdpPicking lifecycle
  Γ£ö requests the document before arming inspect mode (1.378ms)
  Γ£ö a click resolves the node and forwards a pick without the "requested first" error (4.6935ms)
  Γ£ö outlines the picked node in-page as the selection indicator (3.2415ms)
  Γ£ö clears in-page selection outlines on disable (0.3941ms)
  Γ£ö re-arms inspect mode after each pick (searchForNode is one-shot) (0.9566ms)
  Γ£ö re-requests the document when it is invalidated (SPA route swap) (13.2309ms)
  Γ£ö disable turns off inspect mode and detaches (0.3724ms)
Γ£ö enableCdpPicking lifecycle (26.1204ms)
Γû╢ buildPreviewContextMenuItems
  Γ£ö always includes navigation + Inspect + Send to chat (1.6653ms)
  Γ£ö enables Back/Forward from navigation flags (0.1848ms)
  Γ£ö adds link actions when linkURL is set (0.1312ms)
  Γ£ö adds image actions when mediaType is image (0.1479ms)
  Γ£ö disables image address/save when srcURL is empty (0.1295ms)
  Γ£ö adds edit actions for editable fields (0.1646ms)
  Γ£ö adds spellcheck suggestions + add to dictionary (0.1962ms)
Γ£ö buildPreviewContextMenuItems (3.582ms)
Γû╢ splitPreviewBounds
  Γ£ö closed DevTools leaves the guest with the full rect (1.3122ms)
  Γ£ö open DevTools docks the bottom slice at the ratio and tiles exactly (0.3034ms)
  Γ£ö open DevTools docks the right slice at the ratio and tiles exactly (0.2109ms)
  Γ£ö short panes clamp so DevTools never squeezes the page below its minimum (0.1533ms)
  Γ£ö narrow panes clamp so side DevTools never squeezes the page below its minimum (0.1381ms)
  Γ£ö DevTools grows to its minimum height before the ratio kicks in (0.1718ms)
  Γ£ö DevTools grows to its minimum width before the ratio kicks in on side dock (0.1523ms)
  Γ£ö panes too short to dock usefully suppress the slice but keep the guest whole (0.1486ms)
  Γ£ö popout mode keeps the guest full-size with no embedded slices (0.1753ms)
  Γ£ö panes too narrow to dock usefully suppress the side slice but keep the guest whole (0.2094ms)
Γ£ö splitPreviewBounds (4.1962ms)
Γû╢ PreviewInstanceRegistry
  Γ£ö resolveInstanceId defaults undefined/empty to workspace-preview (1.0861ms)
  Γ£ö two named instances hold different URLs simultaneously without cross-contamination (0.6246ms)
  Γ£ö omitting instanceId on ensure/get always targets the default workspace-preview instance (0.2533ms)
  Γ£ö instances are isolated per window id even when instance ids collide (0.1501ms)
  Γ£ö delete removes one instance and returns its state; sibling instance is untouched (0.1843ms)
  Γ£ö deleteWindow clears every instance for a window and returns [id, state] pairs (0.9158ms)
  Γ£ö LRU-evicts the least-recently-touched hidden instance once over the cap (0.2849ms)
  Γ£ö visible instances are never evicted even when over the soft cap (0.1899ms)
  Γ£ö MAX_LIVE_PREVIEW_INSTANCES default is used when no override is passed (0.1883ms)
  Γ£ö listInstanceIds returns most-recently-touched first (0.2769ms)
Γ£ö PreviewInstanceRegistry (5.3863ms)
Γû╢ preview session headers
  Γ£ö removes X-Frame-Options (0.8981ms)
  Γ£ö removes entire CSP when present (0.2238ms)
  Γ£ö removes cross-origin embedder policy (0.2286ms)
Γ£ö preview session headers (3.2441ms)
Γû╢ shouldHideWindowOnClose
  Γ£ö hides when close-to-tray is enabled and quit is not in progress (1.1003ms)
  Γ£ö does not hide on explicit quit (0.2228ms)
  Γ£ö does not hide when preference is off (0.1396ms)
Γ£ö shouldHideWindowOnClose (2.619ms)
Γû╢ shouldQuitOnWindowAllClosed
  Γ£ö skips auto-quit when close-to-tray keeps the process alive (0.1948ms)
  Γ£ö quits when close-to-tray is disabled (0.1683ms)
Γ£ö shouldQuitOnWindowAllClosed (0.5904ms)
Γû╢ resolveTrayIconPath
  Γ£ö darwin uses menu-bar template asset (0.8499ms)
  Γ£ö linux uses panel tray asset (0.211ms)
  Γ£ö win32 uses taskbar ico (0.1415ms)
  Γ£ö unknown platforms fall back to linux tray asset (0.1385ms)
Γ£ö resolveTrayIconPath (2.2331ms)
Γû╢ resolveTrayIconFallbackPath
  Γ£ö points at the 32px logo ladder PNG (0.1743ms)
Γ£ö resolveTrayIconFallbackPath (0.2946ms)
Γû╢ shouldUseTemplateTrayIcon
  Γ£ö darwin template asset is marked as template (0.2204ms)
  Γ£ö darwin fallback ladder PNG is not a template (0.1744ms)
  Γ£ö linux never uses template rendering (0.1436ms)
Γ£ö shouldUseTemplateTrayIcon (0.7217ms)
Γû╢ tray status labels
  Γ£ö formats agent count (0.8476ms)
  Γ£ö formats model count without names (0.2005ms)
  Γ£ö formats model names with overflow (0.1967ms)
Γ£ö tray status labels (2.1181ms)
Γû╢ createInitialUpdaterStatus
  Γ£ö supported installs start idle (0.8321ms)
  Γ£ö unsupported installs carry a reason (0.1829ms)
Γ£ö createInitialUpdaterStatus (1.901ms)
Γû╢ reduceUpdaterStatus
  Γ£ö happy path: check ΓåÆ available ΓåÆ progress ΓåÆ downloaded (0.4427ms)
  Γ£ö up-to-date check returns to idle and records the time (0.1715ms)
  Γ£ö background failure is silent: idle, no error message (0.1481ms)
  Γ£ö manual failure surfaces inline (0.128ms)
  Γ£ö a downloaded update survives later failed and empty checks (0.1612ms)
  Γ£ö progress clamps to 0ΓÇô100 (0.1857ms)
  Γ£ö unsupported installs ignore everything but channel changes (0.261ms)
  Γ£ö scheduling updates nextCheckAt only (0.1815ms)
Γ£ö reduceUpdaterStatus (2.0507ms)
Γû╢ normalizeUpdaterChannel
  Γ£ö beta passes through, everything else is stable (0.1689ms)
Γ£ö normalizeUpdaterChannel (0.2442ms)
Γû╢ releaseNotesToText
  Γ£ö flattens strings, arrays, and HTML (0.2919ms)
Γ£ö releaseNotesToText (0.362ms)
Γû╢ waitForMinnowDev
  Γ£ö resolves when /api/config/ping accepts the session token (49.7163ms)
  Γ£ö keeps waiting when the session token is missing (432.6ms)
Γ£ö waitForMinnowDev (483.7005ms)
Γ£ö waitForVite resolves when the dev server returns 200 (52.6104ms)
Γ£ö waitForVite times out when nothing is listening (334.1237ms)
Γû╢ validateAccountInput
  Γ£ö rejects invalid IMAP port (1.2011ms)
  Γ£ö accepts valid account fields (0.4026ms)
Γ£ö validateAccountInput (7.4282ms)
Γû╢ account API redaction
  Γ£ö create and list never return password fields (23.3556ms)
Γ£ö account API redaction (23.6079ms)
Γû╢ deleteEmailAccount
  Γ£ö removes credentials, cache, and automations for the account (82.6211ms)
Γ£ö deleteEmailAccount (82.895ms)
Γû╢ prioritizeAgentBatch
  Γ£ö returns newest UIDs first and caps batch size (1.7489ms)
  Γ£ö default limit matches MAX_AGENT_MESSAGES_PER_SYNC (0.277ms)
Γ£ö prioritizeAgentBatch (2.9733ms)
Γû╢ shouldSkipTriageRetry
  Γ£ö skips when triage summary already exists (0.272ms)
  Γ£ö skips during cooldown after failure (0.1461ms)
  Γ£ö allows retry after cooldown expires (0.1716ms)
  Γ£ö processes messages with no triage metadata (0.1577ms)
Γ£ö shouldSkipTriageRetry (0.9965ms)
Γû╢ recordTriageFailure
  Γ£ö writes failedAt and failureReason to the message cache (3.762ms)
Γ£ö recordTriageFailure (38.0624ms)
Γû╢ parseReplyVariantsJson
  Γ£ö parses variant array fixture (1.572ms)
  Γ£ö returns null for invalid payload (0.2353ms)
Γ£ö parseReplyVariantsJson (2.8092ms)
Γû╢ filterMessagesForAgentProcessing
  Γ£ö includes new UIDs and rows missing triage (2.8524ms)
Γ£ö filterMessagesForAgentProcessing (3.038ms)
Γû╢ attention dismissals
  Γ£ö dismissed message ids are excluded from inbox highlights (28.9417ms)
  Γ£ö attention_dismissals table is created on fresh mail db (17.1018ms)
Γ£ö attention dismissals (49.9662ms)
Γû╢ shouldDeferBackgroundEmailTriage
  Γ£ö defers while a chat-bound generation is active (1.8424ms)
  Γ£ö defers for 60s after agent activity ends (2.5083ms)
  Γ£ö does not defer for utility background generations (0.4323ms)
  Γ£ö defers for sub-agent generations (typed fallback role) (0.346ms)
Γ£ö shouldDeferBackgroundEmailTriage (6.248ms)
Γû╢ isSocialDomain
  Γ£ö matches seed domains and subdomains (0.9031ms)
Γ£ö isSocialDomain (1.8533ms)
Γû╢ deriveBulkSignals / isBulk
  Γ£ö reads list and precedence headers from a Map (0.4039ms)
  Γ£ö treats Auto-Submitted: no as non-bulk (0.2105ms)
Γ£ö deriveBulkSignals / isBulk (0.805ms)
Γû╢ classifyCategory precedence
  Γ£ö user pin wins over everything (1.094ms)
  Γ£ö priority high override beats social (0.1752ms)
  Γ£ö social domain beats bulk headers (0.1792ms)
  Γ£ö replied contact beats bulk headers (0.2279ms)
  Γ£ö bulk headers classify as other (0.1657ms)
  Γ£ö AI bucket only when ambiguous (0.1761ms)
  Γ£ö AI bucket ignored when bulk already decided (0.2725ms)
  Γ£ö triage category fallback maps newsletter ΓåÆ other (0.1636ms)
  Γ£ö triage category fallback maps needs_reply ΓåÆ primary (0.195ms)
  Γ£ö default is primary (0.1122ms)
  Γ£ö headerless backfill (bulkSignals null) still uses domain / triage (0.1675ms)
Γ£ö classifyCategory precedence (3.4321ms)
Γû╢ rollupThreadCategory
  Γ£ö primary wins over social and other (0.2431ms)
Γ£ö rollupThreadCategory (0.3421ms)
Γû╢ Email assistant panel
  Γ£ö mounts closed with shared chat hosts and updates its context label (2961.4588ms)
Γ£ö Email assistant panel (2962.1066ms)
Γû╢ Email assistant context
  Γ£ö sanitizes controls and fences metadata without persisting a body (4.8099ms)
  Γ£ö buildApiMessages injects context ephemerally outside chat history (1.8677ms)
Γ£ö Email assistant context (7.1725ms)
Γû╢ Email digest review UI
  Γ£ö renders suggested actions as counted review rows (3.65ms)
  Γ£ö hides digest chips already covered by a pending review row (1.7768ms)
  Γ£ö shows only pending actions with explicit Apply and Dismiss controls (1.6969ms)
  Γ£ö Apply keeps working after the review mount replaces its children (6.5608ms)
  Γ£ö Dismiss removes the review row before refresh completes (4.4885ms)
Γ£ö Email digest review UI (18.4348ms)
Γû╢ email panel resize
  Γ£ö clampEmailRailWidth enforces bounds and defaults (1.1443ms)
  Γ£ö clampEmailReaderDockWidth enforces bounds and defaults (0.3061ms)
  Γ£ö clampEmailAssistantDockWidth enforces bounds and defaults (0.2759ms)
  Γ£ö resolved widths fall back to defaults when nothing is stored (0.2964ms)
  Γ£ö resolved widths read persisted localStorage values (0.2621ms)
Γ£ö email panel resize (3.279ms)
Γû╢ normalizeSender
  Γ£ö reduces a From header to a bare comparable address (0.826ms)
Γ£ö normalizeSender (1.6122ms)
Γû╢ image allowlist
  Γ£ö starts empty and blocks every sender (18.9725ms)
  Γ£ö allowing a sender persists and matches regardless of header form (14.0773ms)
  Γ£ö allowing twice does not duplicate the entry (9.5017ms)
  Γ£ö blocking removes the sender again (37.3884ms)
  Γ£ö an empty sender is rejected rather than stored (41.5309ms)
  Γ£ö trusting one sender does not trust another (104.4229ms)
Γ£ö image allowlist (227.4ms)
Γû╢ image proxy URL validation
  Γ£ö refuses loopback and link-local addresses (6.2784ms)
  Γ£ö refuses RFC1918 ranges (0.4097ms)
  Γ£ö refuses non-http schemes (0.3088ms)
  Γ£ö refuses malformed and empty input (0.3457ms)
  Γ£ö refuses hosts that do not resolve (23.737ms)
Γ£ö image proxy URL validation (32.2208ms)
Γû╢ imapFlagsToObject
  Γ£ö maps Seen and Flagged (0.9515ms)
  Γ£ö defaults unseen unflagged (0.1914ms)
Γ£ö imapFlagsToObject (2.0333ms)
Γû╢ resolveMailFolder
  Γ£ö resolves Gmail archive role (0.4101ms)
  Γ£ö resolves trash role (0.1613ms)
  Γ£ö returns preferred when present (0.1597ms)
Γ£ö resolveMailFolder (0.931ms)
Γû╢ formatImapError
  Γ£ö maps imapflow auth failure to Gmail app-password guidance (1.0219ms)
  Γ£ö maps Microsoft basic-auth failures to actionable guidance (0.9743ms)
  Γ£ö uses responseText instead of generic Command failed (0.2648ms)
  Γ£ö formats connection refused errors (0.2335ms)
Γ£ö formatImapError (3.5166ms)
Γû╢ mail store identity
  Γ£ö assigns folder:uid ids and keeps them stable across a move (30.5183ms)
  Γ£ö same uid in two folders resolves to distinct messages (D4) (4.3088ms)
  Γ£ö reply variants and triage hang off the stable row (3.2862ms)
Γ£ö mail store identity (42.1803ms)
Γû╢ mail store queries
  Γ£ö FTS search matches body text, not just subject and sender (D10) (4.7176ms)
  Γ£ö search reindexes when a lazy body arrives (8.0127ms)
  Γ£ö a re-sync preview never overwrites a fully downloaded body (4.7632ms)
  Γ£ö thread rollups track count, unread, and last date (5.6816ms)
  Γ£ö unread counts and filters are folder-scoped (3.6997ms)
  Γ£ö thread summaries expose folder-scoped messageIds (5.228ms)
  Γ£ö listUnreadMessageIds respects folder and FTS query (3.8771ms)
Γ£ö mail store queries (37.6601ms)
Γû╢ sync state and reconcile
  Γ£ö merge advances the folder cursor monotonically (3.0658ms)
  Γ£ö flags reconcile applies external reads and drops vanished messages (7.0046ms)
  Γ£ö uidvalidity reset clears the folder and its cursor (7.3105ms)
Γ£ö sync state and reconcile (17.617ms)
Γû╢ concurrent writers
  Γ£ö interleaved flag and triage writes both survive (D5) (3.3882ms)
  Γ£ö many parallel writers across messages lose no updates (50.8008ms)
Γ£ö concurrent writers (54.3564ms)
Γû╢ json migration
  Γ£ö imports a legacy messages.json once and retires the file (42.7939ms)
Γ£ö json migration (43.002ms)
Γû╢ deletes
  Γ£ö removing a message drops its FTS entry and thread rollup (4.0283ms)
Γ£ö deletes (4.1358ms)
Γû╢ inbox categories
  Γ£ö mixed-category thread rollup takes primary; a new primary promotes the thread (4.4209ms)
  Γ£ö migration is idempotent and category columns survive a second open (17.826ms)
  Γ£ö backfill classifies empty category rows once (5.5471ms)
  Γ£ö getCategoryUnreadCounts scopes to INBOX (3.3402ms)
  Γ£ö manual setThreadCategory pins source=user (3.334ms)
Γ£ö inbox categories (34.8077ms)
Γû╢ decodeBodyPart
  Γ£ö decodes base64 transfer encoding (0.9166ms)
  Γ£ö decodes quoted-printable transfer encoding (0.2767ms)
  Γ£ö decodes quoted-printable UTF-8 multibyte sequences (0.1583ms)
  Γ£ö passes through 7bit and 8bit unchanged (0.1494ms)
Γ£ö decodeBodyPart (2.4097ms)
Γû╢ sanitizePreviewText
  Γ£ö strips zero-width characters from HTML entity previews (0.8384ms)
  Γ£ö repairs mojibake left by a byte-wise quoted-printable decode (0.2461ms)
  Γ£ö strips marketing preview padding with orphan UTF-8 lead bytes (0.1432ms)
  Γ£ö does not corrupt already-valid UTF-8 figure spaces (0.16ms)
  Γ£ö buildBodyPreview truncates after sanitization (0.3689ms)
  Γ£ö repairUtf8Mojibake leaves normal UTF-8 untouched (0.2567ms)
Γ£ö sanitizePreviewText (2.3065ms)
Γû╢ triage v2 parsing
  Γ£ö accepts category, deadline, and people (4.2592ms)
  Γ£ö defaults invalid category to fyi and drops vague deadlines (0.3003ms)
  Γ£ö legacy v1 payloads still parse (0.1658ms)
  Γ£ö category enum is the closed spec set (0.1181ms)
Γ£ö triage v2 parsing (11.1648ms)
Γû╢ priority heuristic
  Γ£ö needs_reply + high urgency lands in the high bucket (0.3771ms)
  Γ£ö newsletters sink to low (0.1446ms)
  Γ£ö sender the user replies to outranks a stranger (0.1544ms)
  Γ£ö imminent deadline raises the score more than a distant one (0.1932ms)
  Γ£ö user override beats everything the model said (0.2303ms)
  Γ£ö override keys normalize headers and domains (0.5707ms)
  Γ£ö domain override applies when no exact match exists (0.3013ms)
Γ£ö priority heuristic (2.3515ms)
Γû╢ narrative digest parsing
  Γ£ö parses narrative and validates group message ids (0.8582ms)
  Γ£ö drops groups that are empty after id validation or carry bad actions (0.1953ms)
  Γ£ö rejects output without a narrative (0.0957ms)
  Γ£ö unwraps fenced JSON (0.1209ms)
Γ£ö narrative digest parsing (1.4367ms)
Γû╢ follow-up classification parsing
  Γ£ö parses a positive classification with a day window (0.2502ms)
  Γ£ö clamps nonsense day windows to the default (0.1008ms)
  Γ£ö rejects non-boolean payloads (0.1098ms)
  Γ£ö subject normalization strips stacked reply prefixes (0.2029ms)
Γ£ö follow-up classification parsing (0.8104ms)
Γû╢ style profile parsing
  Γ£ö parses a full card and caps traits (0.2842ms)
  Γ£ö rejects an empty card (0.1268ms)
Γ£ö style profile parsing (0.5234ms)
Γû╢ semantic rerank scoring
  Γ£ö blend favors semantic similarity at high blend weight (0.1677ms)
  Γ£ö blend weight 0 preserves FTS order exactly (0.0871ms)
  Γ£ö thread embed text prefers the summary over the snippet (0.4179ms)
Γ£ö semantic rerank scoring (0.7808ms)
Γû╢ thread summary eligibility
  Γ£ö short threads are not eligible (2.4809ms)
  Γ£ö more than three messages qualifies (0.1376ms)
  Γ£ö one very long mail qualifies by word count (0.4805ms)
  Γ£ö hash changes only when the thread content changes (0.6948ms)
Γ£ö thread summary eligibility (3.98ms)
Γû╢ pending-actions review queue
  Γ£ö enqueue stores a pending row and list returns it (40.1986ms)
  Γ£ö rejects unsupported actions, empty batches, and move without folder (1.3039ms)
  Γ£ö dismiss resolves the row and it leaves the pending list (1.8283ms)
  Γ£ö enqueue reuses an identical open pending row instead of stacking duplicates (1.8857ms)
  Γ£ö queueing a digest group consumes its Review chip from the cached digest (1.9842ms)
  Γ£ö dismissing a digest pending row also removes overlapping digest chips (2.7748ms)
  Γ£ö always-allow rules persist per source:action and never cover delete (1.1979ms)
Γ£ö pending-actions review queue (55.6459ms)
Γû╢ follow-up tracking
  Γ£ö an inbound reply in the same thread satisfies the follow-up (1.7677ms)
  Γ£ö sender + normalized subject satisfies when the thread was never cached (1.2164ms)
  Γ£ö a different sender on the same subject does not satisfy (0.9094ms)
  Γ£ö overdue sweep notifies once and only once (569.6055ms)
  Γ£ö dismiss stops the wait (1.1689ms)
Γ£ö follow-up tracking (575.08ms)
Γû╢ sender overrides + signals
  Γ£ö set, list, and clear an override (1.0641ms)
  Γ£ö loadSenderSignals resolves exact and domain overrides per header (1.2511ms)
  Γ£ö invalid override input is refused (0.5725ms)
Γ£ö sender overrides + signals (3.0393ms)
Γû╢ normalizeRule
  Γ£ö migrates a v1 single-action rule to the v2 shape (22.3988ms)
  Γ£ö maps legacy notify to os_notify and carries its config (1.3053ms)
  Γ£ö drops unknown conditions and actions (0.9674ms)
Γ£ö normalizeRule (31.8476ms)
Γû╢ matchCondition
  Γ£ö sender contains / not_contains (1.9735ms)
  Γ£ö domain equals (1.2567ms)
  Γ£ö subject contains is case-insensitive (1.1153ms)
  Γ£ö category / urgency equals (1.0253ms)
  Γ£ö has_attachment boolean ops (1.0103ms)
  Γ£ö empty condition list matches everything (0.7899ms)
  Γ£ö conditions are AND-combined (1.0391ms)
Γ£ö matchCondition (8.7913ms)
Γû╢ triggerMatches
  Γ£ö on_high_urgency needs high triage (1.2049ms)
  Γ£ö disabled rule never fires (0.8175ms)
Γ£ö triggerMatches (2.1986ms)
Γû╢ dryRunAutomation
  Γ£ö counts messages the rule would match this week (3.4806ms)
Γ£ö dryRunAutomation (3.6247ms)
Γû╢ audit log
  Γ£ö records and lists runs newest first (2.0955ms)
Γ£ö audit log (2.2941ms)
Γû╢ evaluateAutomationsForMessage
  Γ£ö untrusted mail-op routes to the review queue and records queued (55.5851ms)
  Γ£ö trusted mail-op skips the review queue (direct path) (82.3249ms)
  Γ£ö forward_to writes a draft and never sends (2217.8043ms)
  Γ£ö os_notify reaches the scheduler notification queue (162.4605ms)
  Γ£ö conditions gate the actions (5.9565ms)
Γ£ö evaluateAutomationsForMessage (2524.596ms)
Γû╢ email preferences
  Γ£ö defaults to blocking remote images until the user opts in (21.4962ms)
  Γ£ö persists the always-load-remote-images opt-in (29.0938ms)
  Γ£ö can turn the global opt-in off again (14.8141ms)
  Γ£ö ignores unknown fields and coerces truthy values strictly (7.9523ms)
Γ£ö email preferences (74.7352ms)
Γû╢ resolveReplyTarget
  Γ£ö prefers Reply-To over From on the latest message (1.7225ms)
  Γ£ö skips own messages and replies to the prior correspondent (0.2216ms)
  Γ£ö falls back to latest From when every message is from self (0.1481ms)
Γ£ö resolveReplyTarget (2.9955ms)
Γû╢ buildReferencesChain
  Γ£ö accumulates inReplyTo plus prior references (0.2185ms)
  Γ£ö omits empty message ids (0.1595ms)
Γ£ö buildReferencesChain (0.5187ms)
Γû╢ buildReplySubject
  Γ£ö prefixes Re: when missing (0.2182ms)
  Γ£ö preserves existing Re: prefix (0.1504ms)
Γ£ö buildReplySubject (0.5237ms)
Γû╢ sanitizeEmailHtml
  Γ£ö strips script tags and keeps safe markup (14.3045ms)
  Γ£ö returns undefined for empty input (0.2437ms)
  Γ£ö blocks javascript: hrefs (2.7666ms)
  Γ£ö leaves remote images alone for outbound mail (2.5454ms)
Γ£ö sanitizeEmailHtml (20.9004ms)
Γû╢ sanitizeInboundEmailHtml
  Γ£ö parks every remote reference so the body cannot beacon (24.9495ms)
  Γ£ö keeps the original URLs recoverable for "load images" (1.3863ms)
  Γ£ö preserves non-network cid: and data: sources (1.0136ms)
  Γ£ö blocks protocol-relative URLs (0.7763ms)
  Γ£ö keeps surviving style declarations when stripping a remote url() (3.8984ms)
  Γ£ö does not leak its hook into later outbound sanitizing (2.5074ms)
Γ£ö sanitizeInboundEmailHtml (34.8245ms)
Γû╢ snooze
  Γ£ö hides a snoozed message from the list and the thread rollup (32.441ms)
  Γ£ö keeps a conversation visible while any message in it is awake (6.5854ms)
  Γ£ö the snoozed filter shows exactly what the default view hides (4.4239ms)
  Γ£ö un-snoozes with an empty until (14.2933ms)
  Γ£ö refuses a past or malformed wake time (4.7919ms)
  Γ£ö a due snooze is reported and then cleared (5.081ms)
  Γ£ö a message whose snooze has elapsed reappears without a sweep (5.4269ms)
Γ£ö snooze (77.7831ms)
Γû╢ contact harvesting
  Γ£ö splits a Name <addr> header (2.8784ms)
  Γ£ö learns senders and recipients from synced mail (3.4322ms)
  Γ£ö ignores header values that are not addresses (4.2676ms)
  Γ£ö ranks people you have written to above people who wrote to you (5.8392ms)
  Γ£ö records every recipient of a sent message, across to/cc/bcc (2.2175ms)
  Γ£ö a wildcard in the query is matched literally (4.0305ms)
  Γ£ö keeps the first real name rather than blanking it later (7.3824ms)
Γ£ö contact harvesting (30.6046ms)
Γû╢ stripDraftOutput
  Γ£ö removes tagged thinking blocks (8.1956ms)
  Γ£ö removes Thinking Process preamble before email salutation (0.559ms)
  Γ£ö removes leading reasoning paragraphs before reply (1.7866ms)
Γ£ö stripDraftOutput (11.5676ms)
Γû╢ normalizeSubject
  Γ£ö strips repeated Re: prefixes (0.9231ms)
  Γ£ö strips Fwd: prefix (0.2051ms)
Γ£ö normalizeSubject (3.0574ms)
Γû╢ computeThreadId
  Γ£ö uses first References header when present (0.344ms)
  Γ£ö falls back to In-Reply-To (0.2106ms)
  Γ£ö uses normalized subject hash when no ids (0.7511ms)
Γ£ö computeThreadId (1.508ms)
Γû╢ normalizeMessageId
  Γ£ö wraps bare ids in angle brackets (0.1412ms)
Γ£ö normalizeMessageId (0.2499ms)
Γû╢ parseTriageJson
  Γ£ö parses strict JSON fixture (1.6663ms)
  Γ£ö parses fenced JSON (0.301ms)
  Γ£ö parses JSON after leading prose (0.2155ms)
  Γ£ö returns null for invalid payload (0.2029ms)
  Γ£ö coerces inbox bucket (valid / unknown / missing) (0.2657ms)
Γ£ö parseTriageJson (3.6307ms)
Γû╢ buildTriagePrompt
  Γ£ö wraps email body with untrusted fence (#13) (0.5067ms)
Γ£ö buildTriagePrompt (0.6109ms)
Γû╢ engine vector store
  Γ£ö round-trips a vector under the injected rootDir (10.1395ms)
Γ£ö engine vector store (13.9287ms)
Γû╢ evals API
  Γ£ö GET ping returns ok (1208.8265ms)
  Γ£ö GET packs lists builtin coding-smoke (45.3835ms)
  Γ£ö PUT user pack and GET by id (58.6013ms)
Γ£ö evals API (1317.2461ms)
Γû╢ parseGraderJson
  Γ£ö parses valid JSON (0.9848ms)
  Γ£ö falls back on malformed output (0.4568ms)
  Γ£ö extracts JSON from fenced block (0.1538ms)
Γ£ö parseGraderJson (2.5361ms)
Γû╢ computeLeaderboard
  Γ£ö matches static expected JSON (0.9342ms)
Γ£ö computeLeaderboard (1.7046ms)
Γû╢ mergeEvalPackLists
  Γ£ö user overrides builtin id (0.8352ms)
Γ£ö mergeEvalPackLists (1.7269ms)
Γû╢ resolveEvalPack
  Γ£ö prefers user pack (0.2007ms)
Γ£ö resolveEvalPack (0.3661ms)
Γû╢ validateEvalPack
  Γ£ö accepts valid pack (1.0589ms)
  Γ£ö rejects invalid pack id (0.5477ms)
  Γ£ö rejects unknown tool id (0.2698ms)
Γ£ö validateEvalPack (2.757ms)
Γû╢ runEvalSuite
  Γ£ö runs task├ùmodel matrix with mock runner (13.2645ms)
Γ£ö runEvalSuite (13.7292ms)
Γû╢ expert composer integration
  Γ£ö expert part included when manual id set (4.9686ms)
  Γ£ö expert part omitted when expertId null (0.5069ms)
  Γ£ö custom profile expert.enabled false (0.5641ms)
  Γ£ö lite profile uses expert.lite.md (0.4196ms)
Γ£ö expert composer integration (7.5876ms)
Γû╢ syncExpertRegistryFromServer
  Γ£ö loads user-only expert from prompt API (16.8013ms)
Γ£ö syncExpertRegistryFromServer (17.6292ms)
Γû╢ expert registry
  Γ£ö listExperts merges builtin and user override label (2.2241ms)
  Γ£ö invalid meta skipped (44.3795ms)
  Γ£ö stable sort by label (19.3524ms)
Γ£ö expert registry (67.1078ms)
Γû╢ file editor keymap
  Γ£ö fileEditorKeymapBindings includes Tab indent and Escape blur (0.4796ms)
  Γ£ö fileEditorKeymapExtensions returns LSP-aware keymap (0.1082ms)
  Γ£ö Tab indents the current line (15.6983ms)
  Γ£ö Escape blurs the editor (2.6149ms)
Γ£ö file editor keymap (19.5019ms)
Γû╢ shouldScheduleFileTreeRefresh
  Γ£ö true for mutating tool with success content when server is up (0.5435ms)
  Γ£ö false when file tree server is unavailable (0.1189ms)
  Γ£ö false for non-mutating tools (0.1299ms)
  Γ£ö false when content starts with Error: (0.1006ms)
Γ£ö shouldScheduleFileTreeRefresh (1.4113ms)
Γû╢ scheduleFileTreeRefreshAfterTool
  Γ£ö debounces two rapid schedules into one runner invocation (553.6853ms)
  Γ£ö passes affected parent dirs to the refresh runner (543.6442ms)
  Γ£ö defers refresh while user is interacting with the tree (888.9206ms)
  Γ£ö ending tree interaction without a scheduled refresh does not reload the tree (341.6532ms)
Γ£ö scheduleFileTreeRefreshAfterTool (2328.2519ms)
Γû╢ file tree boot
  Γ£ö offline empty state mentions opening Minnow (5.2353ms)
  Γ£ö online with empty cache shows Loading projectΓÇª (2.2309ms)
  Γ£ö renderFileTree offline after invalidate cache (1.1783ms)
Γ£ö file tree boot (9.1481ms)
Γû╢ file-tree Open in System Explorer
  Γ£ö file menu includes Open in System Explorer when server is up (0.7788ms)
  Γ£ö folder menu includes Open in System Explorer when server is up (0.1876ms)
  Γ£ö Open in System Explorer is disabled offline (0.2478ms)
Γ£ö file-tree Open in System Explorer (1.7027ms)
Γû╢ file-tree Copy path
  Γ£ö file menu includes Copy path (0.1716ms)
  Γ£ö folder menu includes Copy path (0.1476ms)
Γ£ö file-tree Copy path (0.3962ms)
Γû╢ file-tree-dnd validation
  Γ£ö computeMoveDestination matrix (0.9663ms)
Γ£ö file-tree-dnd validation (1.777ms)
Γû╢ file-tree filter pipeline
  Γ£ö indexed paths filter and sort for display (1.6664ms)
  Γ£ö empty filter on index returns all paths (0.1783ms)
  Γ£ö invalidateFileTreeIndex clears test cache (0.2355ms)
Γ£ö file-tree filter pipeline (2.9223ms)
Γû╢ file-tree-filter
  Γ£ö normalizeFilterQuery trims and lowercases (0.9848ms)
  Γ£ö basenameOf returns last segment (0.2204ms)
  Γ£ö shouldSkipDirName skips common heavy dirs (0.1381ms)
  Γ£ö matchesNameFilter subsequence is case-insensitive (0.2293ms)
  Γ£ö matchesNameFilter accepts ordered chars not adjacent (0.1222ms)
  Γ£ö filterPaths and sortFilteredPaths (0.9045ms)
  Γ£ö buildWorkspaceIndex walks BFS and skips ignored dirs (0.3675ms)
Γ£ö file-tree-filter (4.4253ms)
Γû╢ affectedDirsFromTool
  Γ£ö maps save_file to parent directory (28.3938ms)
  Γ£ö maps move_file to source and destination parents (0.7608ms)
  Γ£ö maps delete_path to parent and prunes expanded dirs (0.6902ms)
Γ£ö affectedDirsFromTool (30.4125ms)
Γû╢ renderFileTree scroll preservation
  Γ£ö restores scrollTop after render (144.509ms)
Γ£ö renderFileTree scroll preservation (144.6322ms)
Γû╢ file tree layout constants
  Γ£ö file base padding aligns with dir base plus expand width (0.7781ms)
  Γ£ö depth 2 padding matches exported constants (0.1696ms)
Γ£ö file tree layout constants (1.7193ms)
Γä╣ tests 1690
Γä╣ suites 493
Γä╣ pass 1688
Γä╣ fail 1
Γä╣ cancelled 0
Γä╣ skipped 1
Γä╣ todo 0
Γä╣ duration_ms 36906.7116

Γ£û failing tests:

test at test\brain\code\anchors-bridge.test.mjs:1:1
Γ£û test\brain\code\anchors-bridge.test.mjs (9306.4542ms)
  'test failed'

Γû╢ tsx-mocks-loader batch 2/4 (300 files)
Γû╢ file-tree-move-dialog
  Γ£ö Cancel resolves false (23.7079ms)
  Γ£ö Move resolves true (5.4892ms)
Γ£ö file-tree-move-dialog (30.4267ms)
Γû╢ parseToolResult
  Γ£ö success when content does not start with Error: (0.7707ms)
  Γ£ö failure when content starts with Error: (0.361ms)
  Γ£ö EBUSY maps to actionable rename message (0.1826ms)
  Γ£ö friendlyFileToolError handles EPERM (0.1272ms)
Γ£ö parseToolResult (2.2265ms)
Γû╢ file-tree-path helpers
  Γ£ö joinTreePath and dirname (0.2834ms)
  Γ£ö normalizeTreePath uses forward slashes (0.0781ms)
  Γ£ö isAncestorPath (0.0936ms)
  Γ£ö pruneExpandedDirs removes deleted dir and children (0.6781ms)
  Γ£ö remapExpandedDirs after rename (0.2122ms)
  Γ£ö isValidEntryName rejects slashes and empty (0.1533ms)
  Γ£ö joinTreePath for create under nested parent (0.0796ms)
Γ£ö file-tree-path helpers (1.852ms)
Γû╢ file tree clipboard
  Γ£ö set and clear clipboard (0.1691ms)
  Γ£ö pasteTargetDirForPath (0.1089ms)
Γ£ö file tree clipboard (0.3542ms)
Γû╢ file-tree-search
  Γ£ö init disables input when server offline (12.2301ms)
  Γ£ö debounced input schedules tree render callback (275.1564ms)
  Γ£ö clear button resets query (4.3454ms)
Γ£ö file-tree-search (293.2509ms)
Γû╢ file tree server availability
  Γ£ö onFilePanelServerAvailabilityChanged syncs flag when server comes online (1.0092ms)
  Γ£ö onFilePanelServerAvailabilityChanged renders offline when server is down (8.4359ms)
  Γ£ö renderFileTree reflects latest server flag (4.6418ms)
Γ£ö file tree server availability (15.0438ms)
Γû╢ resolvePanelWorktreeCwd
  Γ£ö returns undefined for main workspace path (1.5091ms)
  Γ£ö returns absolute path for isolated worktree (0.3371ms)
  Γ£ö returns undefined when panel cwd is empty (0.3254ms)
Γ£ö resolvePanelWorktreeCwd (3.0805ms)
Γû╢ panelPathsEqual
  Γ£ö normalizes slashes and trailing separators (0.2814ms)
Γ£ö panelPathsEqual (0.427ms)
Γû╢ resolvePanelBrowseRunTargetSeed
  Γ£ö returns null when browse override is off (0.3203ms)
  Γ£ö returns local when override selects main workspace (0.7871ms)
  Γ£ö returns worktree root and branch when override selects a worktree (0.3104ms)
Γ£ö resolvePanelBrowseRunTargetSeed (1.6163ms)
Γû╢ fileTreeListingRootsEqual
  Γ£ö treats undefined and main workspace as equivalent (0.2ms)
  Γ£ö detects different worktree roots (0.1948ms)
Γ£ö fileTreeListingRootsEqual (0.4939ms)
Γû╢ buildFileTreeToolContext
  Γ£ö includes workspaceRoot when listing a worktree (0.2383ms)
  Γ£ö omits workspaceRoot for main workspace listing (0.1277ms)
Γ£ö buildFileTreeToolContext (0.4649ms)
Γû╢ syncFileTreeToPanelWorktree
  Γ£ö resets panel state and listing root when cwd changes (554.9295ms)
  Γ£ö no-op panel reset when root unchanged (142.7139ms)
  Γ£ö force refresh preserves expansion when listing root unchanged (132.739ms)
  Γ£ö force refresh keeps preview tabs but preserves file tree state (140.9016ms)
  Γ£ö desktop workspace switch updates listing root and resets panel state (136.4938ms)
Γ£ö syncFileTreeToPanelWorktree (1108.8885ms)
Γû╢ file tree tool context merge
  Γ£ö buildFileTreeToolContext supplies workspaceRoot for listing worktree (0.266ms)
Γ£ö file tree tool context merge (0.3458ms)
Γû╢ resolvePanelBrowseCwd
  Γ£ö board view prefers integration worktree over task chat worktree (1.1941ms)
  Γ£ö chat view follows active chat worktree (0.2736ms)
Γ£ö resolvePanelBrowseCwd (1.597ms)
Γû╢ syncPanelFromActiveChat browse override
  Γ£ö skips sync while browse override is active (141.0776ms)
  Γ£ö syncs chat worktree after override cleared (137.5429ms)
Γ£ö syncPanelFromActiveChat browse override (278.8974ms)
Γû╢ shouldScheduleFileTreeRefresh with worktree listing
  Γ£ö allows refresh when tool and tree share worktree root (0.3548ms)
  Γ£ö skips refresh when tree is main but tool wrote to worktree (0.1556ms)
  Γ£ö skips refresh when tree is worktree but tool wrote to main (0.1224ms)
Γ£ö shouldScheduleFileTreeRefresh with worktree listing (0.7713ms)
Γû╢ file-type-icons (Material Icon Theme)
  Γ£ö resolves language and compound-extension icons like VS Code (1.5158ms)
  Γ£ö resolves special filenames from the screenshot set (0.2904ms)
  Γ£ö resolves named folders (0.2608ms)
Γ£ö file-type-icons (Material Icon Theme) (7.3107ms)
Γû╢ file viewer save helpers
  Γ£ö parseReadFileRangeBody strips line prefixes (1.9074ms)
  Γ£ö parseReadFileRangeBody normalizes CRLF before stripping prefixes (0.2031ms)
  Γ£ö formatViewerPathLabel adds dirty marker (0.323ms)
  Γ£ö hasLargeFileExcerptFooter detects excerpt notice (0.2699ms)
  Γ£ö LARGE_FILE_BYTES is 512000 (0.1357ms)
  Γ£ö isMarkdownFilePath matches md and markdown extensions (0.1859ms)
  Γ£ö shouldUseMarkdownPreview defaults markdown to preview unless asCode (0.13ms)
  Γ£ö saveCurrentFile returns false when nothing open (0.2087ms)
  Γ£ö bindFileViewerControls is exported (0.1464ms)
  Γ£ö bindFileViewerContextMenu is exported (0.1631ms)
Γ£ö file viewer save helpers (4.822ms)
Γû╢ file-viewer-tab-store
  Γ£ö openTab focuses existing workspace path without duplicate (2.0238ms)
  Γ£ö close last tab clears active path (1.064ms)
  Γ£ö retargetTab updates path key (0.4841ms)
  Γ£ö serializeWorkspaceTabs excludes attachments (0.3403ms)
  Γ£ö restoreWorkspaceViewerTabs preserves order and active (0.3063ms)
  Γ£ö closeTabsUnderDeletedAncestor removes nested paths (0.4493ms)
  Γ£ö activateTab returns false when confirmUnsaved rejects (0.3887ms)
  Γ£ö clearAllViewerTabs resets store (0.2452ms)
  Γ£ö reorderViewerTab updates tab order (0.2717ms)
  Γ£ö normalizeViewerDocText collapses CRLF and lone CR to LF (0.2032ms)
  Γ£ö isViewerDocDirty ignores CRLF vs LF-only mismatch (0.1412ms)
  Γ£ö openViewerTab normalizes seeded CRLF content for dirty baseline (0.1774ms)
  Γ£ö setActiveTabLoadState normalizes CRLF content (0.2379ms)
  Γ£ö setViewerTabLoadState updates by path even when another tab is active (0.1947ms)
  Γ£ö rebaselineViewerTabFromEditor clears false dirty against CM doc (0.1818ms)
Γ£ö file-viewer-tab-store (8.0381ms)
Γû╢ parseListDirectoryResult
  Γ£ö mixed entries (1.6865ms)
  Γ£ö empty directory (0.2052ms)
  Γ£ö error passthrough (0.1795ms)
  Γ£ö stable sort (12.1696ms)
Γ£ö parseListDirectoryResult (15.3142ms)
Γû╢ file-tree-path (DnD move helpers)
  Γ£ö joinTreePath and dirname (1.0762ms)
  Γ£ö normalizeTreePath uses forward slashes (0.1783ms)
  Γ£ö isAncestorPath detects nesting (0.1865ms)
  Γ£ö computeMoveDestination rejects no-op same parent (0.1686ms)
  Γ£ö computeMoveDestination rejects folder into descendant (0.1509ms)
  Γ£ö computeMoveDestination returns joined path when valid (0.1654ms)
Γ£ö file-tree-path (DnD move helpers) (2.9967ms)
Γû╢ buildAuthOptions
  Γ£ö OpenCode Zen uses x-api-key from apiKey secret with bearer authStyle (1.3408ms)
  Γ£ö OpenCode Zen falls back to bearerToken secret (0.1949ms)
  Γ£ö native Anthropic with x-api-key authStyle uses apiKey (0.1337ms)
  Γ£ö OpenRouter gateway keeps Bearer authToken for anthropic bridge (0.1456ms)
Γ£ö buildAuthOptions (2.6851ms)
Γû╢ stripAnthropicGatewayBetas
  Γ£ö removes structured-outputs beta while keeping others (0.7873ms)
Γ£ö stripAnthropicGatewayBetas (1.6256ms)
Γû╢ sanitizeAnthropicGatewayRequestBody
  Γ£ö drops explicit disabled thinking and eager_input_streaming on tools (0.8474ms)
  Γ£ö strips output_config and strict tool fields (0.3025ms)
Γ£ö sanitizeAnthropicGatewayRequestBody (1.3019ms)
Γû╢ stripAnthropicGatewayBetasFromSet
  Γ£ö removes unsupported betas from a mutable set (0.2142ms)
Γ£ö stripAnthropicGatewayBetasFromSet (0.3163ms)
Γû╢ sanitizeAnthropicGatewayInputSchema
  Γ£ö recursively removes draft metadata keys (0.3096ms)
  Γ£ö removes unsupported array and string constraints (0.2161ms)
  Γ£ö strips additionalProperties from nested object schemas (0.2292ms)
Γ£ö sanitizeAnthropicGatewayInputSchema (0.9618ms)
Γû╢ sanitizeAnthropicGatewayRequestInit
  Γ£ö rewrites anthropic-beta header and JSON body (18.8612ms)
Γ£ö sanitizeAnthropicGatewayRequestInit (18.9933ms)
Γû╢ createAnthropicGatewayFetch
  Γ£ö passes through native Anthropic hosts unchanged (1.8131ms)
  Γ£ö sanitizes OpenCode Zen requests (0.5062ms)
Γ£ö createAnthropicGatewayFetch (2.4556ms)
NoOutputGeneratedError [AI_NoOutputGeneratedError]: No output generated. The model stream ended without a finish chunk.
    at Object.flush (C:\Users\dukky\Documents\Development\Minnow\node_modules\ai\src\generate-text\stream-text.ts:2293:30)
    at invokePromiseCallback (node:internal/webstreams/util:172:10)
    at Object.<anonymous> (node:internal/webstreams/util:177:23)
    at transformStreamDefaultSinkCloseAlgorithm (node:internal/webstreams/transformstream:621:43)
    at node:internal/webstreams/transformstream:379:11
    at writableStreamDefaultControllerProcessClose (node:internal/webstreams/writablestream:1162:28)
    at writableStreamDefaultControllerAdvanceQueueIfNeeded (node:internal/webstreams/writablestream:1253:5)
    at writableStreamDefaultControllerClose (node:internal/webstreams/writablestream:1220:3)
    at writableStreamClose (node:internal/webstreams/writablestream:722:3)
    at writableStreamDefaultWriterClose (node:internal/webstreams/writablestream:1091:10) {
  cause: undefined,
  Symbol(vercel.ai.error): true,
  Symbol(vercel.ai.error.AI_NoOutputGeneratedError): true
}
Γû╢ anthropic gateway outbound request capture
  Γ£ö builds sanitized tool request without gateway-rejected fields (88.7563ms)
Γ£ö anthropic gateway outbound request capture (89.5781ms)
Γû╢ deriveAnthropicBaseUrl
  Γ£ö strips the final messages segment from a gateway path (0.8766ms)
  Γ£ö defaults to /v1 for standard Anthropic paths (0.26ms)
Γ£ö deriveAnthropicBaseUrl (2.0481ms)
Γû╢ openAiMessagesToCoreMessages
  Γ£ö folds leading system messages into one system message (1.2046ms)
  Γ£ö maps assistant tool_calls with reasoning signature before tool-call parts (0.3053ms)
  Γ£ö maps assistant tool_calls and tool results (0.2347ms)
  Γ£ö maps multimodal user content to text and image parts (0.2092ms)
Γ£ö openAiMessagesToCoreMessages (2.2633ms)
Γû╢ buildAnthropicProvider gateway wrapper
  Γ£ö disables structured output betas for OpenCode Zen hosts (1.1755ms)
  Γ£ö derives Zen messages URL from baseUrl path prefix (0.3161ms)
  Γ£ö leaves native Anthropic hosts unchanged (0.1636ms)
Γ£ö buildAnthropicProvider gateway wrapper (2.5022ms)
Γû╢ mapOpenAiFinishReason
  Γ£ö maps AI SDK finish reasons to OpenAI values (0.7442ms)
Γ£ö mapOpenAiFinishReason (1.4822ms)
Γû╢ createOpenAiSseEncoder
  Γ£ö encodes text and reasoning deltas (0.7509ms)
  Γ£ö forwards Anthropic reasoning signatures on reasoning deltas (0.1534ms)
  Γ£ö streams indexed tool call deltas compatible with mergeToolCallDelta (1.2635ms)
  Γ£ö does not double name/arguments when a terminal tool-call follows incremental streaming (0.2638ms)
  Γ£ö emits the terminal tool-call when no incremental streaming preceded it (0.1653ms)
Γ£ö createOpenAiSseEncoder (2.8615ms)
Γû╢ encodeNonStreamingCompletion
  Γ£ö builds an OpenAI chat.completion object (0.2656ms)
Γ£ö encodeNonStreamingCompletion (0.3755ms)
Γû╢ encodeOpenAiSseDone
  Γ£ö emits the OpenAI stream terminator (0.1123ms)
Γ£ö encodeOpenAiSseDone (0.1819ms)
Γû╢ pumpAnthropicUpstream
  Γ£ö streaming path emits OpenAI SSE bytes via appendChunk (5.4463ms)
  Γ£ö streaming path surfaces AI SDK error stream parts as fatal (1.2361ms)
  Γ£ö normalizes enabled thinking to adaptive for claude-sonnet-5 before streamText (2.037ms)
  Γ£ö omits temperature and topP when adaptive thinking is active (0.956ms)
  Γ£ö non-streaming path emits OpenAI chat.completion JSON via appendChunk (0.8684ms)
Γ£ö pumpAnthropicUpstream (11.6876ms)
Γû╢ fallback chain resolver
  Γ£ö disabled fallback returns primary only (1.4448ms)
  Γ£ö enabled fallback dedupes and caps chain length (0.4394ms)
  Γ£ö appends global fallback after role chain when role chain is empty (0.1956ms)
  Γ£ö appends global fallback after per-role chain (0.199ms)
  Γ£ö skips disabled providers at resolve time (0.2278ms)
  Γ£ö candidateKey is stable (0.1055ms)
  Γ£ö buildCandidateRequestBody overrides model when provided (0.2148ms)
Γ£ö fallback chain resolver (3.8367ms)
Γû╢ classifyUpstreamError
  Γ£ö auth errors are fatal (0.2562ms)
  Γ£ö connection errors are retryable (0.1525ms)
  Γ£ö 502/503/504 are retryable (0.1797ms)
  Γ£ö abort is fatal (0.1004ms)
Γ£ö classifyUpstreamError (0.8899ms)
Γû╢ fallback config merge
  Γ£ö DEFAULT_META seeds fallbackChains disabled (0.1866ms)
  Γ£ö normalizeFallbackChainsConfig clamps bounds (0.2592ms)
  Γ£ö mergeConfigMeta merges fallbackChains roles (1.8586ms)
Γ£ö fallback config merge (2.4543ms)
Γû╢ host cooldown
  Γ£ö markHostDead blocks origin until expiry (1.0002ms)
  Γ£ö cooldown expires and allows retry (94.5432ms)
  Γ£ö re-mark extends cooldown window (52.6597ms)
  Γ£ö listDeadHosts returns active rows only (1.8502ms)
Γ£ö host cooldown (152.2398ms)
Γû╢ modelLooksAnthropic
  Γ£ö detects OpenRouter namespace prefix (1.6662ms)
  Γ£ö detects Zen claude ids (0.3415ms)
  Γ£ö detects owned_by metadata (0.1608ms)
  Γ£ö rejects gpt models (0.1176ms)
Γ£ö modelLooksAnthropic (3.2322ms)
Γû╢ resolveModelApi
  Γ£ö manual override wins on gateway providers (0.3043ms)
  Γ£ö autoApi routes claude to anthropic on openai-v1 gateway (0.1384ms)
  Γ£ö non-auto openai provider uses profile apiKind for all models (0.0982ms)
  Γ£ö pure anthropic provider routes all models to anthropic-v1 (0.1166ms)
  Γ£ö accepts runtime wrapper with profile field (0.1331ms)
Γ£ö resolveModelApi (1.0652ms)
Γû╢ formatUpstreamHttpErrorDetail
  Γ£ö extracts Ollama-style JSON error field (1.9396ms)
  Γ£ö extracts OpenAI-style nested error.message (0.2176ms)
  Γ£ö keeps plain text bodies (0.1099ms)
  Γ£ö collapses whitespace (0.1039ms)
  Γ£ö truncates very long bodies with ellipsis (0.1633ms)
Γ£ö formatUpstreamHttpErrorDetail (3.397ms)
Γû╢ formatUpstreamHttpErrorMessage
  Γ£ö includes parsed provider detail after status (0.2198ms)
  Γ£ö replaces HTML error pages with guidance (0.105ms)
  Γ£ö omits suffix when body is empty (0.1081ms)
  Γ£ö explains empty OpenCode Zen chat.completion 400 bodies (0.3047ms)
Γ£ö formatUpstreamHttpErrorMessage (0.9516ms)
Γû╢ upstream failover
  Γ£ö retries next candidate before first token when primary refuses connection (199.0352ms)
  Γ£ö does not switch models after bytes were emitted (100.7464ms)
Γ£ö upstream failover (1455.3235ms)
Γû╢ upstream-fetch undici agent
  Γ£ö disables undici body and headers timeouts (Minnow idle/max timers own the stream) (0.8512ms)
Γ£ö upstream-fetch undici agent (1.6805ms)
Γû╢ headless approval policy
  Γ£ö headlessWouldBlockPermission treats ask and off as blocking by default (0.6049ms)
  Γ£ö blocks ask permission without --no-approval (0.3889ms)
  Γ£ö --no-approval without env var still blocks (0.1351ms)
  Γ£ö --no-approval with env allows ask tools (0.1485ms)
Γ£ö headless approval policy (1.9717ms)
Γû╢ parseRunArgs
  Γ£ö requires --prompt when not using --stdin (1.4849ms)
  Γ£ö parses minimal run flags (0.542ms)
  Γ£ö rejects orchestrate mode in v1 (0.2466ms)
  Γ£ö rejects invalid profile (0.1675ms)
Γ£ö parseRunArgs (3.378ms)
Γû╢ HeadlessRunResult schema
  Γ£ö serializeHeadlessRunResult uses stable top-level key order (1.3477ms)
  Γ£ö includes version 1 (0.2237ms)
Γ£ö HeadlessRunResult schema (2.3752ms)
Γû╢ headless tool config
  Γ£ö getHeadlessToolDefinitions includes server tools after ensureToolConfigReady (111.4808ms)
  Γ£ö sync loadToolConfig alone omits tools not in default seed (63.061ms)
Γ£ö headless tool config (176.158ms)
Γû╢ Impeccable harness command matrix
  Γ£ö HARNESS_COMMANDS has 23 workflow commands (0.9079ms)
  Γ£ö adapt: server parse, reference API, clean patched content (0.804ms)
  Γ£ö animate: server parse, reference API, clean patched content (0.4101ms)
  Γ£ö audit: server parse, reference API, clean patched content (0.3614ms)
  Γ£ö bolder: server parse, reference API, clean patched content (0.2852ms)
  Γ£ö clarify: server parse, reference API, clean patched content (0.2609ms)
  Γ£ö colorize: server parse, reference API, clean patched content (0.4592ms)
  Γ£ö craft: server parse, reference API, clean patched content (0.3695ms)
  Γ£ö critique: server parse, reference API, clean patched content (0.5ms)
  Γ£ö delight: server parse, reference API, clean patched content (0.5258ms)
  Γ£ö distill: server parse, reference API, clean patched content (0.3618ms)
  Γ£ö document: server parse, reference API, clean patched content (0.3888ms)
  Γ£ö extract: server parse, reference API, clean patched content (0.459ms)
  Γ£ö harden: server parse, reference API, clean patched content (0.4183ms)
  Γ£ö init: server parse, reference API, clean patched content (0.8053ms)
  Γ£ö layout: server parse, reference API, clean patched content (0.3824ms)
  Γ£ö live: server parse, reference API, clean patched content (0.4435ms)
  Γ£ö onboard: server parse, reference API, clean patched content (0.3201ms)
  Γ£ö optimize: server parse, reference API, clean patched content (0.3138ms)
  Γ£ö overdrive: server parse, reference API, clean patched content (0.4269ms)
  Γ£ö polish: server parse, reference API, clean patched content (0.4699ms)
  Γ£ö quieter: server parse, reference API, clean patched content (0.3692ms)
  Γ£ö shape: server parse, reference API, clean patched content (0.4401ms)
  Γ£ö typeset: server parse, reference API, clean patched content (0.4603ms)
  Γ£ö craft ΓåÆ commandsForImpeccableAugment includes shape (0.8529ms)
  Γ£ö teach alias resolves to init (server + client parse + API) (0.6156ms)
Γ£ö Impeccable harness command matrix (13.8919ms)
Γû╢ load_impeccable_context tool
  Γ£ö returns JSON with designJson for Minnow workspace (100.5082ms)
  Γ£ö soft success when PRODUCT.md and DESIGN.md exist without sidecar (96.245ms)
Γ£ö load_impeccable_context tool (197.6598ms)
Γû╢ parseImpeccableSubcommand
  Γ£ö parses init with empty target (1.5504ms)
  Γ£ö parses polish with target (0.2119ms)
  Γ£ö returns null command for empty text (0.1381ms)
  Γ£ö strips /impeccable prefix (0.1353ms)
  Γ£ö returns first token for unknown command (0.1836ms)
  Γ£ö teach alias resolves to init via resolveHarnessCommand (0.3386ms)
Γ£ö parseImpeccableSubcommand (3.7847ms)
Γû╢ readImpeccableReference
  Γ£ö returns init.md content for init (1.5767ms)
  Γ£ö teach alias returns init.md content (0.9674ms)
  Γ£ö returns null for unknown command (0.3014ms)
  Γ£ö returns null for detect (CLI, not harness reference route) (0.1193ms)
Γ£ö readImpeccableReference (4.0555ms)
(node:65108) [DEP0190] DeprecationWarning: Passing args to a child process with shell option true can lead to security vulnerabilities, as the arguments are not escaped, only concatenated.
(Use `node --trace-deprecation ...` to show where the warning was created)
Γû╢ toolRunImpeccable
  Γ£ö accepts only detect and live for spawnable commands (1.8604ms)
  Γ£ö returns harness guidance for teach (init alias) without spawning CLI (1.0988ms)
  Γ£ö returns shape reference body when shape is passed mistakenly (0.547ms)
  Γ£ö returns harness guidance for audit (0.4908ms)
  Γ£ö accepts detect and does not return harness-only guidance (7734.9496ms)
Γ£ö toolRunImpeccable (7740.181ms)
Γû╢ issues taxonomy
  Γ£ö seeds defaults with unique roles and board columns (0.9581ms)
  Γ£ö rejects duplicate status roles (0.9981ms)
  Γ£ö blocks deleting ids still used by issues (0.4522ms)
  Γ£ö derives open statuses from isClosed flags (0.2145ms)
  Γ£ö resolves workflow role ids and slugifies labels (0.3047ms)
  Γ£ö counts issue usage per taxonomy kind (0.1595ms)
Γ£ö issues taxonomy (4.0557ms)
Γû╢ anthropicModelUsesAdaptiveThinking
  Γ£ö matches newer Claude families that require adaptive thinking (0.8247ms)
  Γ£ö does not match legacy Claude families that use enabled budgets (0.2151ms)
Γ£ö anthropicModelUsesAdaptiveThinking (2.0697ms)
Γû╢ anthropicBudgetTokensToEffort
  Γ£ö maps budget token tiers to adaptive effort (0.1831ms)
Γ£ö anthropicBudgetTokensToEffort (0.2865ms)
Γû╢ normalizeAnthropicProviderOptions
  Γ£ö rewrites enabled thinking to adaptive for sonnet-5 (0.7979ms)
  Γ£ö leaves enabled thinking for sonnet-4-5 (0.1318ms)
Γ£ö normalizeAnthropicProviderOptions (1.0565ms)
Γû╢ anthropicHistoryHasUnsignedToolCalls
  Γ£ö detects assistant tool_calls missing reasoning_signature (0.1901ms)
  Γ£ö returns false when signature is present (0.131ms)
Γ£ö anthropicHistoryHasUnsignedToolCalls (0.4551ms)
Γû╢ adjustAnthropicThinkingForToolHistory
  Γ£ö disables thinking when unsigned tool history would 400 (0.2027ms)
Γ£ö adjustAnthropicThinkingForToolHistory (0.2666ms)
Γû╢ adjustAnthropicRequestForGateway
  Γ£ö strips effort and omits thinking for tool requests on OpenCode (0.2847ms)
Γ£ö adjustAnthropicRequestForGateway (0.3486ms)
Γû╢ deriveMessagesPathFromChat
  Γ£ö maps standard OpenAI chat path to messages path (0.8358ms)
  Γ£ö maps OpenCode Zen chat path to messages path (1.1938ms)
  Γ£ö leaves messages paths unchanged (0.1684ms)
Γ£ö deriveMessagesPathFromChat (3.17ms)
Γû╢ desktop-workspace client
  Γ£ö isDesktopWorkspacePath matches normalized paths (1.3792ms)
  Γ£ö getCachedDesktopWorkspacePath returns null before fetch (0.3912ms)
Γ£ö desktop-workspace client (2.7664ms)
Γû╢ slugFromModelId
  Γ£ö uses last path segment when id contains slashes (0.8101ms)
  Γ£ö returns trimmed id when no slash (0.1822ms)
  Γ£ö empty and whitespace ids yield empty slug (0.1353ms)
Γ£ö slugFromModelId (1.8972ms)
Γû╢ humanizeModelSlug
  Γ£ö formats size tokens with uppercase B (0.5417ms)
Γ£ö humanizeModelSlug (0.6927ms)
Γû╢ formatModelLabel fixture cases
  Γ£ö formats qwen/qwen3.6-27b (0.3706ms)
  Γ£ö formats mock-model-fixed (0.1163ms)
  Γ£ö formats some-vendor/foo_bar-7b (0.1479ms)
  Γ£ö formats lmstudio-community/Meta-Llama-3.1-8B-Instruct-GGUF (0.1087ms)
  Γ£ö formats flat-no-quant (0.1132ms)
  Γ£ö formats vendor/deep/path/model-8b (0.1926ms)
  Γ£ö formats (whitespace id) (0.0939ms)
  Γ£ö formats weird<tag>&"model' (0.1374ms)
Γ£ö formatModelLabel fixture cases (1.6372ms)
Γû╢ buildModelOptionHtml
  Γ£ö escapes HTML in id, title, and option text (0.4185ms)
  Γ£ö preserves canonical id in value attribute (0.1174ms)
Γ£ö buildModelOptionHtml (0.645ms)
Γû╢ parseGitRemoteUrl
  Γ£ö parses SSH github URLs (1.4194ms)
  Γ£ö parses HTTPS github URLs (0.2779ms)
  Γ£ö returns null for unparseable input (0.135ms)
Γ£ö parseGitRemoteUrl (2.6913ms)
Γû╢ commitUrl
  Γ£ö builds a GitHub commit URL (0.1752ms)
  Γ£ö returns null when remote cannot be parsed (0.116ms)
Γ£ö commitUrl (0.4343ms)
Γû╢ pullRequestUrl / githubIssueWebUrl
  Γ£ö builds PR and issue URLs from origin (0.2291ms)
Γ£ö pullRequestUrl / githubIssueWebUrl (0.3279ms)
Γû╢ lookupKnownContextLength
  Γ£ö gpt-4o-mini returns 128000 (0.9225ms)
  Γ£ö gpt-4o returns 128000 (0.1825ms)
  Γ£ö o1-mini returns 128000 (not shadowed by o1) (0.1055ms)
  Γ£ö o1 returns 200000 (0.1212ms)
  Γ£ö provider-prefixed id matches (0.1232ms)
  Γ£ö tag suffix is stripped before matching (0.1297ms)
  Γ£ö claude-3-5-sonnet returns 200000 (0.1098ms)
  Γ£ö unknown model returns undefined (0.1148ms)
Γ£ö lookupKnownContextLength (2.8275ms)
Γû╢ model-select-key
  Γ£ö round-trips provider and model id (0.8745ms)
  Γ£ö returns null for plain legacy model id values (0.1504ms)
  Γ£ö findFirstSelectKeyForCanonicalModelId picks first matching cache key (0.1835ms)
  Γ£ö buildTopBarModelOptionHtml includes provider label and data attributes (0.5605ms)
  Γ£ö resolveModelSelectValueForChat prefers composite provider+model key (0.1593ms)
  Γ£ö applyModelSelectValueToChat clears provider for legacy plain model id (0.1731ms)
  Γ£ö copyChatModelBinding copies provider and model onto target chat (0.4738ms)
  Γ£ö copyChatModelBinding is a no-op when source has no model id (0.1167ms)
Γ£ö model-select-key (3.6766ms)
Γû╢ randomUUID
  Γ£ö uses crypto.randomUUID when available (0.9425ms)
  Γ£ö falls back to getRandomValues when randomUUID is missing (LAN http) (1.278ms)
  Γ£ö falls back to Math.random when crypto is undefined (0.3673ms)
Γ£ö randomUUID (3.4989ms)
Γû╢ normalizeReasoningAllowedOptions
  Γ£ö preserves low, medium, and high in canonical order (1.3024ms)
  Γ£ö drops unknown values and keeps off/on when present (0.1909ms)
  Γ£ö returns empty array when nothing is valid (0.1272ms)
Γ£ö normalizeReasoningAllowedOptions (2.4032ms)
Γû╢ modelHasSelectableReasoningEffort
  Γ£ö returns false with zero or one allowed option (0.2192ms)
  Γ£ö returns true when two or more options are allowed (0.1088ms)
Γ£ö modelHasSelectableReasoningEffort (0.4575ms)
Γû╢ composer reasoning control helpers
  Γ£ö dropdown when low/medium/high are allowed (0.2523ms)
  Γ£ö brain toggle when only off/on are allowed (no binary effort select) (0.1312ms)
  Γ£ö brain toggle when reasoning is advertised without explicit options (0.1028ms)
  Γ£ö level options exclude off and on (0.1594ms)
  Γ£ö defaultComposerReasoningLevel prefers catalog default (0.2062ms)
Γ£ö composer reasoning control helpers (1.1362ms)
Γû╢ inferReasoningOptionsFromModelId
  Γ£ö infers off/low/medium/high for any openai-v1 model without catalog (0.4456ms)
  Γ£ö uses off/on for thinking-type-only vendors on openai-v1 (0.128ms)
  Γ£ö returns empty for lm-studio-v0 (catalog should drive options) (0.0868ms)
Γ£ö inferReasoningOptionsFromModelId (0.7931ms)
Γû╢ resolveEffectiveReasoningEffort
  Γ£ö prefers chat.reasoningEffort when allowed (0.1673ms)
  Γ£ö falls back to catalog default when chat override is unset (0.0608ms)
  Γ£ö honors explicit off even when catalog omits off from allowed list (0.0553ms)
  Γ£ö ignores chat override that is not in allowed list (0.0596ms)
  Γ£ö maps resolved brain on to medium when catalog default is absent (0.0657ms)
  Γ£ö inherited on beats catalog default off (0.0718ms)
  Γ£ö maps resolved brain off to off when catalog default is absent (0.0594ms)
  Γ£ö uses first allowed option as last resort (0.0559ms)
  Γ£ö returns undefined when model exposes no allowed options (0.0605ms)
Γ£ö resolveEffectiveReasoningEffort (0.847ms)
Γû╢ stripAnsi
  Γ£ö removes Vite-style SGR color codes (0.8147ms)
  Γ£ö leaves plain text unchanged (0.1593ms)
  Γ£ö returns empty string for escape-only chunks (0.0844ms)
Γ£ö stripAnsi (1.8244ms)
Γû╢ transient-fetch-retry
  Γ£ö isTransientFetchError matches browser TypeError copy (0.7243ms)
  Γ£ö retryOnceOnTransientFetch succeeds on second attempt (2.2216ms)
  Γ£ö retryOnceOnTransientFetch does not retry non-transient errors (0.5341ms)
Γ£ö transient-fetch-retry (4.3083ms)
Γû╢ workspace-sandbox
  Γ£ö detects desktop and chats sandboxes (0.8456ms)
  Γ£ö rejects project workspaces (0.1872ms)
Γ£ö workspace-sandbox (1.8137ms)
Γû╢ parseWorktreeListPorcelain
  Γ£ö parses multiple worktrees with branches (0.9145ms)
Γ£ö parseWorktreeListPorcelain (1.9503ms)
Γû╢ filterUserFacingBranches
  Γ£ö drops minnow board branches and worktree-locked names (0.7118ms)
Γ£ö filterUserFacingBranches (0.8214ms)
Γû╢ formatWorktreeOptionLabel
  Γ£ö labels main workspace and linked worktrees (0.3964ms)
Γ£ö formatWorktreeOptionLabel (0.4986ms)
Γû╢ agent LSP diagnostics
  Γ£ö get_lsp_diagnostics is excluded from generic tool cache (0.8377ms)
  Γ£ö waits for delayed empty then error publications (>200ms) (596.1284ms)
[lsp] fake exited on signal SIGTERM
  Γ£ö confirmed clean after empty publication settles (728.9681ms)
[lsp] fake exited on signal SIGTERM
  Γ£ö timeout when server never publishes diagnostics (417.5279ms)
[lsp] fake exited on signal SIGTERM
  Γ£ö reads saved disk without perturbing editor-scoped sync (247.681ms)
[lsp] fake exited on signal SIGTERM
[lsp] fake exited on signal SIGTERM
  Γ£ö reuses revision-matched snapshot on unchanged disk content (418.9658ms)
Γ£ö agent LSP diagnostics (2430.7168ms)
Γû╢ bundle-installer
  Γ£ö lists catalog categories from bundles.json (12654.5437ms)
  Γ£ö reports binary bundle not installed before download (1.4426ms)
  Γ£ö enables shell for npm spawn on Windows (0.5453ms)
  Γ£ö runProcess drains stdout to avoid pipe deadlock (158.442ms)
  Γ£ö installs npm bundle idempotently with mocked spawn (15.8302ms)
  Γ£ö uninstall clears managed npm package and meta (9.4696ms)
Γ£ö bundle-installer (12849.0808ms)
Γû╢ LSP completion API
  Γ£ö notify open then completion returns fake items (200.5698ms)
  Γ£ö completion forwards LSP context and returns trigger item (3.3519ms)
  Γ£ö notify rejects invalid event (1.7745ms)
Γ£ö LSP completion API (256.6039ms)
Γû╢ LSP completion ranking
  Γ£ö preserves sortText, filterText, preselect, commitCharacters and stable-sorts (201.9746ms)
  Γ£ö forwards LSP CompletionContext triggerCharacter (1.8551ms)
  Γ£ö returns isIncomplete for TriggerForIncompleteCompletions (1.4431ms)
  Γ£ö syncs live editor text before completion request (1.5901ms)
  Γ£ö keeps distinct overloads that share the same label (1.3589ms)
Γ£ö LSP completion ranking (222.2754ms)
Γû╢ extractArchive
  Γ£ö buildTarExtractArgs appends --exclude globs (1.3212ms)
  Γ£ö extractArchive passes Windows colon excludes for zip archives (4.2715ms)
  Γ£ö extractArchive forwards caller excludes for zip archives (3.236ms)
Γ£ö extractArchive (18.3298ms)
Γû╢ fake LSP integration
  Γ£ö getLspDiagnostics includes static fake error (268.0219ms)
  Γ£ö getLspHover returns fixture markdown (88.2883ms)
Γ£ö fake LSP integration (370.0434ms)
Γû╢ LSP file URI normalization
  Γ£ö normalizeAbsolutePath uppercases Windows drive letters (0.6959ms)
  Γ£ö normalizeFileUri matches pathToFileURL and percent-encoded TLS URIs (0.3819ms)
Γ£ö LSP file URI normalization (2.5937ms)
Γû╢ formatDiagnostics
  Γ£ö static expected string (0.8243ms)
Γ£ö formatDiagnostics (1.6025ms)
Γû╢ hoverContentsToPlainText
  Γ£ö reads markdown MarkupContent (0.7937ms)
  Γ£ö reads string contents (0.252ms)
  Γ£ö reads MarkupContent array (0.1702ms)
Γ£ö hoverContentsToPlainText (2.0692ms)
Γû╢ GET /api/config/lsp catalog
  Γ£ö servers.length matches defaults.json key count (19.3466ms)
  Γ£ö rust row includes requirements and disabledReason when disabled (2.5839ms)
  Γ£ö typescript is enabled with command (1.7887ms)
Γ£ö GET /api/config/lsp catalog (59.804ms)
Γû╢ GET /api/config/lsp through config + LSP middleware stack
  Γ£ö config middleware does not 404 before LSP handler runs (6.0278ms)
Γ£ö GET /api/config/lsp through config + LSP middleware stack (12.5805ms)
Γû╢ LSP symbols API (manager)
  Γ£ö getLspDocumentSymbols returns hierarchical exported symbols (104.4405ms)
  Γ£ö getLspWorkspaceSymbols filters by query (7885.7574ms)
  Γ£ö getLspCallHierarchy returns incoming and outgoing calls (11.1194ms)
Γ£ö LSP symbols API (manager) (8016.7594ms)
[lsp] fake exited on signal SIGTERM
[lsp] dockerfile exited on signal SIGTERM
[lsp] css exited on signal SIGTERM
[lsp] html exited on signal SIGTERM
[lsp] pyright exited on signal SIGTERM
[lsp] yaml-ls exited on signal SIGTERM
[lsp] bash exited on signal SIGTERM
Γû╢ LSP symbols HTTP routes
  Γ£ö GET document-symbols + workspace-symbols + POST call-hierarchy (8380.6054ms)
Γ£ö LSP symbols HTTP routes (8412.7402ms)
Γû╢ LSP UX API (manager)
  Γ£ö getLspStructuredDiagnostics returns raw severity + message (298.3537ms)
  Γ£ö getLspCompletions normalizes textEdit and insertReplace ranges (7.1634ms)
  Γ£ö getLspHover returns markdown contents for .fake (16.9151ms)
Γ£ö LSP UX API (manager) (339.8632ms)
[lsp] fake exited on signal SIGTERM
Γû╢ LSP UX HTTP routes
  Γ£ö POST diagnostics-structured + hover after notify open (307.2237ms)
Γ£ö LSP UX HTTP routes (329.8057ms)
Γû╢ LSP document sync
  Γ£ö structured diagnostics use editorText instead of disk (539.0939ms)
[lsp] fake exited on signal SIGTERM
  Γ£ö duplicate didOpen is upgraded to didChange (version increments) (83.2389ms)
Γ£ö LSP document sync (637.5431ms)
Γû╢ mergeLspConfig
  Γ£ö user disabled wins (0.772ms)
  Γ£ö matchServersForPath skips disabled (0.2886ms)
Γ£ö mergeLspConfig (2.6576ms)
Γû╢ serverSupportsWorkspaceSymbols
  Γ£ö html/css/yaml/dockerfile default off (0.2275ms)
  Γ£ö typescript/pyright default on (0.0997ms)
  Γ£ö config flag overrides defaults (0.1601ms)
  Γ£ö initialize capability wins when present (0.1121ms)
Γ£ö serverSupportsWorkspaceSymbols (0.8218ms)
Γû╢ migrateLspJsonMissingBuiltins
  Γ£ö adds stubs for missing builtins except fake (7.4859ms)
  Γ£ö removes pruned built-in stubs without a custom command (2.3053ms)
  Γ£ö second migration is idempotent (2.0767ms)
Γ£ö migrateLspJsonMissingBuiltins (13.0902ms)
Γû╢ loadMergedLspConfig migration on disk
  Γ£ö persists missing builtin stubs after first load (7.5458ms)
Γ£ö loadMergedLspConfig migration on disk (13.9288ms)
Γû╢ resolveLspSpawnArgv managed dir
  Γ£ö exposes managed lsp-servers directory under MINNOW_HOME (1.3845ms)
  Γ£ö resolves $minnow:pyright-langserver to node + cli when pyright is available (2.6273ms)
  Γ£ö resolves typescript $minnow token when app bundle exists (2.0083ms)
  Γ£ö resolves vscode HTML/CSS tokens (v4 layout under lib/*-language-server/node) (2.9772ms)
Γ£ö resolveLspSpawnArgv managed dir (52.4198ms)
Γû╢ LSP spawn ENOENT
  Γ£ö getLspDiagnostics returns install hint instead of throwing (16.3361ms)
Γ£ö LSP spawn ENOENT (32.0294ms)
Γû╢ typescript LSP integration
  Γ£ö completion works without workspace-local typescript (929.5998ms)
  Γ£ö documentSymbol returns exported function and constant (13.5212ms)
  Γ£ö workspace symbol search finds exported helper (7791.5229ms)
  Γ£ö call hierarchy reports outgoing call from caller (19.1618ms)
[lsp] typescript exited on signal SIGTERM
[lsp] yaml-ls exited on signal SIGTERM
[lsp] fake exited on signal SIGTERM
[lsp] css exited on signal SIGTERM
[lsp] bash exited on signal SIGTERM
[lsp] dockerfile exited on signal SIGTERM
[lsp] pyright exited on signal SIGTERM
[lsp] html exited on signal SIGTERM
Γ£ö typescript LSP integration (10517.5417ms)
Γû╢ LSP workspace root
  Γ£ö diagnostics resolve files under the active workspace (254.7433ms)
[lsp] fake exited on signal SIGTERM
  Γ£ö diagnostics resolve files under a worktree override (278.6183ms)
[lsp] fake exited on signal SIGTERM
Γ£ö LSP workspace root (2457.7192ms)
Γû╢ MCP bridge
  Γ£ö namespacing round-trip (0.9127ms)
Γ£ö MCP bridge (1.7917ms)
Γû╢ MCP registry
  Γ£ö seed creates context7 enabled (9.3744ms)
  Γ£ö fixture echo returns pong (1.8145ms)
  Γ£ö create and delete custom MCP server (22.0373ms)
  Γ£ö cannot create reserved MCP server id (2.2265ms)
Γ£ö MCP registry (60.1612ms)
Γû╢ MCP secrets
  Γ£ö update and read Context7 API key (22.249ms)
  Γ£ö clear Context7 API key (9.7367ms)
  Γ£ö resolve ${secret:context7ApiKey} in transport env (11.0865ms)
  Γ£ö process env CONTEXT7_API_KEY takes precedence (8.2209ms)
Γ£ö MCP secrets (60.9425ms)
Γû╢ resolveBrainNotesInjectionEnabled
  Γ£ö inherit follows global default off (1.0025ms)
  Γ£ö inherit follows global default on (0.2569ms)
  Γ£ö chat on overrides global off (0.392ms)
  Γ£ö chat off overrides global on (0.1534ms)
Γ£ö resolveBrainNotesInjectionEnabled (3.5578ms)
Γû╢ resolveBrainNotesInjectionTriState
  Γ£ö defaults to inherit (0.1599ms)
  Γ£ö reads chat override (0.1297ms)
Γ£ö resolveBrainNotesInjectionTriState (0.4258ms)
Γû╢ embeddings
  Γ£ö withTimeout rejects slow promises (179.7557ms)
  Γ£ö withTimeout resolves fast promises (2.1184ms)
  Γ£ö configureTransformersCache points env.cacheDir at ~/.minnow/models/embeddings (546.1876ms)
  Γ£ö provider embedder uses OpenAI-compatible response shape (1.2424ms)
Γ£ö embeddings (730.8112ms)
Γû╢ hybrid memory retrieve
  Γ£ö paraphrase query with no keyword overlap prefers vector match (5.4392ms)
  Γ£ö embedding failure falls back to keyword retrieval (0.6631ms)
  Γ£ö disabled embeddings uses keyword-only path (0.2793ms)
Γ£ö hybrid memory retrieve (37.2061ms)
Γû╢ memory API
  Γ£ö ping returns ok (12.5319ms)
  Γ£ö create list get update delete lifecycle (749.2457ms)
  Γ£ö retrieve query matches npm entry (2991.5702ms)
  Γ£ö reject oversize body (24.6422ms)
  Γ£ö invalid entry id rejected (4.7888ms)
  Γ£ö embeddings status returns defaults when enabled (190.3576ms)
  Γ£ö embeddings reindex rejects when disabled (190.8075ms)
  Γ£ö embeddings warmup rejects provider backend when disabled (150.6472ms)
  Γ£ö embeddings warmup rejects local backend without model id (202.3235ms)
  Γ£ö embeddings config can be updated (198.9115ms)
Γ£ö memory API (4885.4765ms)
Γû╢ memory proposals
  Γ£ö adds and lists pending proposals (1117.9901ms)
  Γ£ö accept transitions status and blocks duplicate resolve (46.2986ms)
  Γ£ö reject transitions status (79.5873ms)
  Γ£ö caps pending proposals at configured max (6329.9376ms)
Γ£ö memory proposals (7590.5456ms)
Γû╢ embeddings reindex scope
  Γ£ö loadAllPagesWithBodies includes non-facts wiki pages (71.0743ms)
  Γ£ö clearReindexNeeded clears memory.embeddings.reindexNeeded (491.2822ms)
Γ£ö embeddings reindex scope (823.8137ms)
Γû╢ memory retrieve
  Γ£ö formatMemoryBlock static shape (1.0984ms)
  Γ£ö formatMemoryBlock uses query-relevant excerpt when query provided (0.4548ms)
  Γ£ö formatMemoryBlock includes path when meta.path is set (0.1802ms)
  Γ£ö retrieveMemoryBlock falls back when query has no token matches (11.9293ms)
  Γ£ö retrieveMemoryBlock ranks npm over python (0.4741ms)
Γ£ö memory retrieve (15.1382ms)
Γû╢ save_memory tool
  Γ£ö creates an agent-sourced entry with fixed title and body (282.618ms)
  Γ£ö returns error when title is missing (88.6459ms)
Γ£ö save_memory tool (620.6436ms)
Γû╢ synthesis config API
  Γ£ö GET returns default throttle (276.4329ms)
  Γ£ö PUT updates throttle message pairs (204.9516ms)
Γ£ö synthesis config API (644.2149ms)
Γû╢ resolveSynthesisModel
  Γ£ö decodes composite menubar model key from active chat (92.4489ms)
  Γ£ö prefers explicit synthesis utility override (0.2688ms)
  Γ£ö uses titles model with active provider when provider omitted (164.3052ms)
Γ£ö resolveSynthesisModel (1361.981ms)
Γû╢ memory synthesis parse
  Γ£ö parses valid JSON array (1.326ms)
  Γ£ö parses JSON wrapped in markdown fences (0.1971ms)
  Γ£ö returns empty array for malformed JSON (0.6663ms)
  Γ£ö rejects facts containing API key patterns (0.2586ms)
  Γ£ö rejects Bearer token patterns (0.1197ms)
  Γ£ö accepts clean preference facts (0.3217ms)
Γ£ö memory synthesis parse (3.8593ms)
Γû╢ memory untrusted wrapping
  Γ£ö retrieveMemoryBlock wraps output with memory source (1.488ms)
  Γ£ö empty retrieval returns empty block without wrapper (0.2547ms)
Γ£ö memory untrusted wrapping (2.517ms)
Γû╢ vector store
  Γ£ö cosineSimilarity returns 1 for identical unit vectors (0.8425ms)
  Γ£ö cosineSimilarity returns 0 for orthogonal vectors (0.2158ms)
  Γ£ö cosineSimilarity returns 0 for dimension mismatch (0.1284ms)
  Γ£ö cosineSimilarity returns 0 for zero vectors (0.1359ms)
  Γ£ö upsert and delete entry vectors (23.7014ms)
  Γ£ö reject invalid entry id (0.7396ms)
  Γ£ö model mismatch detection (0.2448ms)
  Γ£ö reindexAllMemoryEntries rebuilds sidecar (8.1891ms)
Γ£ö vector store (38.8398ms)
[memory] vector sync failed for 33333333-3333-3333-3333-333333333333: embedder down
Γû╢ memory vector sync
  Γ£ö syncEntryVector marks reindex when embedder fails (269.4867ms)
[memory] vector sync failed for 44444444-4444-4444-4444-444444444444: embedder down
  Γ£ö createEntry persists when scheduled vector sync fails (279.3177ms)
  Γ£ö deleteEntry removes vector sidecar row (91.7089ms)
Γ£ö memory vector sync (990.8501ms)
Γû╢ cached model scan
  Γ£ö finds Minnow artifact downloads (1121.3949ms)
Γ£ö cached model scan (1153.2681ms)
Γû╢ custom model dirs (LM Studio layout)
  Γ£ö customArtifactRepoId distinguishes flat vs nested folders (0.9533ms)
  Γ£ö scanInstalledArtifacts groups nested LM Studio weights under publisher/model (141.2302ms)
  Γ£ö listCachedModels surfaces each nested model with resolvable paths (87.8334ms)
Γ£ö custom model dirs (LM Studio layout) (1316.8256ms)
Γû╢ model downloads
  Γ£ö reconciles queued/running jobs after server restart (12.967ms)
  Γ£ö downloadHfFile rejects truncated streams (1184.0963ms)
  Γ£ö startDownload completes a mocked HF file (141.7191ms)
Γ£ö model downloads (1357.6541ms)
Γû╢ models quant
  Γ£ö paramsB treats bare hundreds as millions not billions (0.7796ms)
  Γ£ö estimateFileSizeGb uses quant bytes-per-param (0.1827ms)
Γ£ö models quant (1.7641ms)
Γû╢ models catalog
  Γ£ö bundled catalog loads (1.8428ms)
Γ£ö models catalog (1.9573ms)
Γû╢ rankModels
  Γ£ö returns scored rows for fixed hardware (22.0272ms)
  Γ£ö GPU budget RAM-only disables GPU for ranking (18.1405ms)
  Γ£ö defaultGpuGroupIndex prefers GPU when groups exist (0.2356ms)
  Γ£ö resolveGpuGroupIndexAfterRescan keeps valid selection (0.1628ms)
  Γ£ö fitOnly false reserves too_tight rows inside the limit (20.6243ms)
  Γ£ö useCase filter matches inferUseCase keys not catalog labels (19.683ms)
Γ£ö rankModels (81.2348ms)
Γû╢ models inference prefs
  Γ£ö normalizeInferenceBlock drops invalid sampler fields (3.8241ms)
  Γ£ö setLibraryInferenceSampler persists and clears (1260.6524ms)
Γ£ö models inference prefs (1297.002ms)
Γû╢ installed model scan
  Γ£ö finds Minnow artifact downloads (56.9232ms)
  Γ£ö finds GGUF files from config.models.modelDirs (38.5374ms)
  Γ£ö dedupes artifacts by absolute path (40.7448ms)
  Γ£ö listInstalled includes custom dir artifacts and downloads array (74.7727ms)
Γ£ö installed model scan (1288.932ms)
Γû╢ library variant groups
  Γ£ö stripQuantFromStem removes common GGUF quant suffixes (0.9711ms)
  Γ£ö groupLibraryVariants merges quants in the same repo (18.7643ms)
  Γ£ö prepareLibraryGroups keeps separate repos separate (0.7778ms)
  Γ£ö resolveActiveVariant prefers explicit selection (0.3323ms)
Γ£ö library variant groups (21.8476ms)
Γû╢ library list sort
  Γ£ö preset maps to list sort state (1.2256ms)
  Γ£ö cycles direction on the same column (0.2068ms)
  Γ£ö sorts by size descending (0.2805ms)
Γ£ö library list sort (2.5729ms)
Γû╢ buildLibrary
  Γ£ö emits one row per model GGUF and skips projectors (2.3318ms)
  Γ£ö lists every quant in a repo separately (2.9964ms)
  Γ£ö joins a direct path for downloaded and local-dir sources (0.2802ms)
  Γ£ö reconstructs the hub cache layout for HF-cached weights (0.5373ms)
  Γ£ö keeps Windows paths on one separator (0.3024ms)
  Γ£ö keeps non-GGUF repos visible but not servable (0.2715ms)
  Γ£ö does not claim a quant for a repo with no weights file on disk (0.228ms)
  Γ£ö Ollama tags are not listed as loadable My Models rows (0.2043ms)
  Γ£ö flags incomplete downloads (0.3135ms)
  Γ£ö resolves maker from the weight name when the repo publisher is a quantizer (4.4484ms)
Γ£ö buildLibrary (13.7501ms)
Γû╢ loadableLibrary
  Γ£ö drops non-servable scan rows (0.3964ms)
Γ£ö loadableLibrary (0.5406ms)
Γû╢ filterLibrary
  Γ£ö matches name, repo, quant, and arch (0.5177ms)
  Γ£ö filters by publisher (2.0607ms)
  Γ£ö filters by maker slug (0.2513ms)
  Γ£ö sorts largest first (0.4837ms)
Γ£ö filterLibrary (3.5349ms)
Γû╢ activeServeFor
  Γ£ö matches a running serve by model path (0.2186ms)
  Γ£ö ignores stopped serves (0.078ms)
Γ£ö activeServeFor (0.4082ms)
Γû╢ name inference
  Γ£ö reads a parameter count out of a file name (0.0932ms)
  Γ£ö guesses a family from a model name (0.0805ms)
Γ£ö name inference (0.2788ms)
Γû╢ llama args
  Γ£ö buildLlamaServerArgs forces ngl=0 on CPU variant (0.9519ms)
  Γ£ö buildLlamaServerArgs defaults ngl=999 on GPU variant (0.2057ms)
  Γ£ö buildLlamaServerArgs passes fit as on|off value (0.161ms)
  Γ£ö buildLlamaServerArgs maps cache and batch flags (0.7215ms)
Γ£ö llama args (2.9251ms)
Γû╢ llama-cpp single provider
  Γ£ö migration removes legacy models-* providers (1046.6434ms)
  Γ£ö serve upserts llama-cpp-local and disables on stop (1496.0298ms)
  Γ£ö re-serve updates same provider baseUrl (838.9744ms)
Γ£ö llama-cpp single provider (3406.9386ms)
Γû╢ llama runtime
  Γ£ö is installable on supported desktop platforms (0.6831ms)
  Γ£ö picks a CPU asset name for the current platform (0.3408ms)
  Γ£ö copyFlattenedExtractContents merges cudart-style trees without llama-server (20.6728ms)
Γ£ö llama runtime (22.684ms)
Γû╢ llama variant
  Γ£ö expectedAssetNames returns CPU asset on Windows x64 (0.9011ms)
  Γ£ö resolveLlamaAssets picks CUDA main + cudart companion on Windows (0.3986ms)
  Γ£ö listInstallableVariants filters by manifest (0.3714ms)
  Γ£ö isGpuCapableVariant distinguishes CPU from CUDA (0.1287ms)
  Γ£ö detectPreferredLlamaVariant prefers CUDA when hardware.backend is cuda (0.233ms)
  Γ£ö detectPreferredLlamaVariant falls back to Vulkan without CUDA backend (0.2417ms)
Γ£ö llama variant (3.2236ms)
Γû╢ model-select-library
  Γ£ö encodeLibraryModelSelectKey uses synthetic provider id (0.8151ms)
  Γ£ö dedupLlamaCppModelsAgainstLibrary removes duplicate served labels (0.3579ms)
  Γ£ö libraryModelNeedsLoad reads cache load state (0.1814ms)
Γ£ö model-select-library (2.2067ms)
Γû╢ models API
  Γ£ö ping returns ok (13.6585ms)
  Γ£ö downloads list starts empty (3.3811ms)
  Γ£ö installed returns empty artifacts (915.453ms)
  Γ£ö runtimes returns detection shape (153.9223ms)
  Γ£ö serve list starts empty (1.8708ms)
  Γ£ö download rejects invalid repoId (2.2453ms)
  Γ£ö serve rejects missing model file (2.6653ms)
  Γ£ö cancel rejects invalid job id format (1.5143ms)
  Γ£ö cached returns models array (77.7186ms)
  Γ£ö config GET returns masked token fields (46.1617ms)
Γ£ö models API (1254.9602ms)
Γû╢ serve profiles
  Γ£ö returns quality, balanced, speed presets (1.6996ms)
  Γ£ö balanced profile targets default context length (0.9643ms)
  Γ£ö profileToLlamaArgs includes context and ngl (0.2517ms)
Γ£ö serve profiles (3.82ms)
Γû╢ async serve start
  Γ£ö async:true returns while the model is still loading (1200.9597ms)
  Γ£ö a failed async start surfaces the error on the record (1070.5339ms)
  Γ£ö the blocking path still throws for callers that did not opt in (284.8165ms)
  Γ£ö getServe rejects an id that is not a uuid (0.3176ms)
Γ£ö async serve start (2579.9422ms)
Γû╢ parseLoadProgress
  Γ£ö reads a percentage the runtime printed (0.946ms)
  Γ£ö reads the fractional form (0.3356ms)
  Γ£ö takes the most recent value (0.1357ms)
  Γ£ö returns null rather than inventing a number (0.1902ms)
  Γ£ö rejects out-of-range values (0.1367ms)
Γ£ö parseLoadProgress (2.6149ms)
Γû╢ classifyLogLine
  Γ£ö tags severities (0.4468ms)
Γ£ö classifyLogLine (0.5411ms)
Γû╢ describeLoadPhase
  Γ£ö names the phase the log is in (0.3111ms)
Γ£ö describeLoadPhase (0.4401ms)
Γû╢ toLogLines
  Γ£ö caps history so a long-running server cannot grow the DOM forever (0.3538ms)
Γ£ö toLogLines (0.4455ms)
Γû╢ serve log tail
  Γ£ö returns null when the run has no log yet (1.426ms)
  Γ£ö reads the trailing bytes of a log (7.872ms)
  Γ£ö follow emits the existing tail, then appended chunks (923.4559ms)
Γ£ö serve log tail (954.0346ms)
Γû╢ serve log routes
  Γ£ö single-serve GET 404s for an unknown id (16.1151ms)
  Γ£ö single-serve GET rejects a malformed id (3.8661ms)
  Γ£ö log route 404s for an unknown serve (1.8988ms)
Γ£ö serve log routes (53.0793ms)
Γû╢ models validate
  Γ£ö validateRepoId accepts org/name (0.9728ms)
  Γ£ö validateRepoId rejects shell metacharacters (0.3808ms)
  Γ£ö validateGgufFilename accepts .gguf (0.1314ms)
  Γ£ö validateRuntime accepts llama-cpp (0.7389ms)
  Γ£ö validateJobId accepts uuid (0.1545ms)
Γ£ö models validate (3.2484ms)
Γû╢ chat modeId persistence
  Γ£ö ensureChatShape defaults modeId to build (1.9907ms)
  Γ£ö unknown modeId normalizes to build on load (0.2667ms)
  Γ£ö round-trip preserves debug mode (0.3766ms)
  Γ£ö round-trip preserves orchestrate (0.2227ms)
  Γ£ö round-trip preserves orchestratePlanPath when valid (0.2953ms)
  Γ£ö drops invalid orchestratePlanPath (0.1654ms)
Γ£ö chat modeId persistence (4.3961ms)
Γû╢ composeSystemPrompt mode part
  Γ£ö stripPromptHtmlComments removes MINNOW_MODE_MARKER (27.1644ms)
  Γ£ö shouldSuppressModePart when default work-agent is active (13.2988ms)
  Γ£ö plan full includes plan heading; markers stripped from compose (25.0563ms)
  Γ£ö switching modeId changes composed output (22.438ms)
  Γ£ö build with default builder suppresses mode body (26.0545ms)
  Γ£ö general full includes mode handoff (34.3741ms)
  Γ£ö lite profile uses lite mode body without marker comments (44.4874ms)
  Γ£ö build full compose with spawn_sub_agent includes delegation fragment (40.5418ms)
  Γ£ö orchestrate compose omits sub-agent delegation fragment (34.9278ms)
Γ£ö composeSystemPrompt mode part (270.0607ms)
Γû╢ loadModePromptBody
  Γ£ö each mode loads non-empty full and lite bodies (22.8226ms)
  Γ£ö plan full contains do-not-modify guidance (7.9118ms)
  Γ£ö build lite shorter than build full (6.8289ms)
  Γ£ö user override wins over built-in (9.8026ms)
Γ£ö loadModePromptBody (48.6128ms)
Γû╢ isUnderDocumentationPlans
  Γ£ö accepts plans root and nested dirs (0.9084ms)
  Γ£ö rejects paths outside plans (0.2012ms)
Γ£ö isUnderDocumentationPlans (2.0683ms)
Γû╢ isPlanMarkdownPath
  Γ£ö accepts markdown under plans (0.2359ms)
  Γ£ö rejects non-md or outside plans (0.1355ms)
Γ£ö isPlanMarkdownPath (0.553ms)
Γû╢ blockPlanModeWrite
  Γ£ö allows save_file for plan markdown in plan mode (0.4192ms)
  Γ£ö blocks save_file outside plans in plan mode (0.2012ms)
  Γ£ö allows make_directory under plans in plan mode (0.1603ms)
  Γ£ö does not block build mode writes (0.1793ms)
  Γ£ö blocks append_file in plan mode (0.1675ms)
Γ£ö blockPlanModeWrite (1.4245ms)
Γû╢ super-plan references write guard
  Γ£ö isSuperPlanReferenceArtifactPath accepts research-artifact and build-spec (0.4132ms)
  Γ£ö allows save_file for slug-based super-plan reference artifacts (0.1478ms)
  Γ£ö allows save_file for super-plan reference artifacts (0.1359ms)
  Γ£ö blocks save_file outside plans in super-plan mode (0.1655ms)
Γ£ö super-plan references write guard (1.049ms)
Γû╢ mode registry super-plan
  Γ£ö listModes includes super-plan (0.846ms)
  Γ£ö getMode returns Super Plan definition (0.2894ms)
  Γ£ö listComposerModes excludes super-plan from top-level strip (0.1797ms)
Γ£ö mode registry super-plan (2.2816ms)
Γû╢ super-plan tool policy
  Γ£ö denies execute_command (0.3285ms)
  Γ£ö allows spawn_sub_agent and get_sub_agent_status (0.1718ms)
  Γ£ö allows save_file for plan writes (0.1293ms)
Γ£ö super-plan tool policy (0.8845ms)
Γû╢ Email surface mode
  Γ£ö is registered but hidden from the Code composer strip (0.4526ms)
Γ£ö Email surface mode (1.4007ms)
Γû╢ resolveModePromptPath
  Γ£ö general full (0.8634ms)
  Γ£ö general lite (0.1516ms)
  Γ£ö email full (0.1125ms)
  Γ£ö email lite (0.0936ms)
  Γ£ö build full (0.1179ms)
  Γ£ö build lite (0.1003ms)
  Γ£ö plan full (0.0978ms)
  Γ£ö plan lite (0.0972ms)
  Γ£ö orchestrate full (0.138ms)
  Γ£ö orchestrate lite (0.1771ms)
  Γ£ö debug full (0.1408ms)
  Γ£ö debug lite (0.0784ms)
Γ£ö resolveModePromptPath (3.2594ms)
Γû╢ external dynamic tools (MCP / plugins)
  Γ£ö mcp__ and plugin__ tools bypass per-mode deny-by-default matrix (0.6624ms)
Γ£ö external dynamic tools (MCP / plugins) (1.5486ms)
Γû╢ filterToolsByMode
  Γ£ö plan includes execute_command per final matrix (MIN-332) (0.7691ms)
  Γ£ö super-plan excludes execute_command but allows spawn_sub_agent (0.2792ms)
  Γ£ö plan includes save_file and make_directory for plan document writes (0.1997ms)
  Γ£ö plan excludes mutating file-write tools (0.4976ms)
  Γ£ö build includes execute_command when in catalog list (0.2393ms)
  Γ£ö general includes execute_command and save_file like build (0.2059ms)
  Γ£ö desktop includes every built-in tool group (1.5852ms)
  Γ£ö email keeps mail workflow tools and denies unrelated developer controls (0.724ms)
Γ£ö filterToolsByMode (5.2786ms)
Γû╢ per-mode matrix groups
  Γ£ö general matches MODE_ALLOWED_GROUPS matrix (0.813ms)
  Γ£ö desktop matches MODE_ALLOWED_GROUPS matrix (0.1234ms)
  Γ£ö email matches MODE_ALLOWED_GROUPS matrix (0.1097ms)
  Γ£ö build matches MODE_ALLOWED_GROUPS matrix (0.1247ms)
  Γ£ö plan matches MODE_ALLOWED_GROUPS matrix (0.1119ms)
  Γ£ö super-plan matches MODE_ALLOWED_GROUPS matrix (0.0804ms)
  Γ£ö orchestrate matches MODE_ALLOWED_GROUPS matrix (0.0957ms)
  Γ£ö debug matches MODE_ALLOWED_GROUPS matrix (0.0828ms)
  Γ£ö onboarding matches MODE_ALLOWED_GROUPS matrix (0.0806ms)
Γ£ö per-mode matrix groups (2.0131ms)
Γû╢ cross-mode policy invariants
  Γ£ö issue tools allowed in general, build, plan, debug, and desktop (0.2398ms)
  Γ£ö brain tools allowed in every mode (0.1403ms)
  Γ£ö email and calendar tools stay inside Email and Desktop modes (0.1751ms)
  Γ£ö appearance tools denied except in desktop mode (0.1604ms)
  Γ£ö board tools only in orchestrate and desktop modes (0.1159ms)
Γ£ö cross-mode policy invariants (1.0215ms)
Γû╢ tool payload token reduction
  Γ£ö build mode tool JSON payload stays below ~9,850 tokens (0.9178ms)
  Γ£ö every built-in tool belongs to at least one group (0.668ms)
  Γ£ö group expansion covers all allowed tools for each mode (0.6234ms)
Γ£ö tool payload token reduction (2.6194ms)
Γû╢ resolveNetworkAccess
  Γ£ö defaults to local when config is empty (0.9353ms)
  Γ£ö reads server.networkAccess from config (0.1833ms)
  Γ£ö MINNOW_NETWORK env overrides config (0.2012ms)
  Γ£ö resolveViteHost maps modes to Vite host option (0.1789ms)
Γ£ö resolveNetworkAccess (2.4893ms)
Γû╢ isClientAllowed
  Γ£ö allows loopback in local mode (0.3152ms)
  Γ£ö blocks RFC1918 in local mode (0.1262ms)
  Γ£ö allows RFC1918 in lan mode (4.2584ms)
  Γ£ö blocks public IPs even in lan mode (0.2946ms)
Γ£ö isClientAllowed (5.3035ms)
Γû╢ isHostAllowed
  Γ£ö allows loopback hostnames in local mode (0.6704ms)
  Γ£ö rejects an attacker-controlled hostname even in local mode (0.2571ms)
  Γ£ö a DNS name that merely resolves to a local IP is still rejected (anti DNS-rebinding) (9.908ms)
  Γ£ö rejects LAN-looking hostnames in local mode (0.4078ms)
  Γ£ö allows this machine own hostname/LAN IPs only in lan mode (7.492ms)
  Γ£ö rejects empty Host header (0.1793ms)
Γ£ö isHostAllowed (19.2698ms)
Γû╢ restart detection
  Γ£ö restart required when config differs from active bind (0.1491ms)
Γ£ö restart detection (0.2072ms)
Γû╢ appIdForChat
  Γ£ö returns chat for ~/.minnow/chats workspace paths (130.4421ms)
  Γ£ö returns email for Email-scoped chats in the shared chats workspace (1.1306ms)
  Γ£ö returns code for project workspace chats (0.862ms)
Γ£ö appIdForChat (133.4644ms)
Γû╢ ask_question notification producer
  Γ£ö pushes notification when user is on desktop (6963.5971ms)
  Γ£ö pushes notification even when embedded plan screen owns the chat (16.7099ms)
  Γ£ö pushes notification when plan screen is suspended (10.9866ms)
  Γ£ö dedupes identical question batches (5.7532ms)
Γ£ö ask_question notification producer (6998.0003ms)
Γû╢ notification prefs
  Γ£ö loads defaults when storage empty (2434.0453ms)
  Γ£ö persists and reloads toggles (4.8087ms)
  Γ£ö migrates legacy soundId none to soundPackId none and disables playback (3.9503ms)
  Γ£ö migrates legacy soundId chime to default pack (3.9699ms)
  Γ£ö kind group gating respects master enable (3.7636ms)
  Γ£ö kind group gating respects muted state (3.2959ms)
Γ£ö notification prefs (2454.9441ms)
Γû╢ notification preview helpers
  Γ£ö formatToolFailurePreview summarizes multiple errors (119.8327ms)
  Γ£ö truncatePreview strips markdown headings (2.4861ms)
Γ£ö notification preview helpers (123.2976ms)
Γû╢ chat turn notification producer
  Γ£ö shouldNotifyForChatTurn is true on desktop even for active chat (7041.3184ms)
  Γ£ö suppresses completion when Code app shows the same chat (11.9865ms)
  Γ£ö plays turn-complete sound on active chat without bell alert when enabled (9.7594ms)
  Γ£ö pushes tool failure notification at end of completed turn (8.3374ms)
  Γ£ö uses run errorMessage when failed turn output was rolled back (6.5543ms)
  Γ£ö uses chat app id for assistant workspace completions (6.1371ms)
Γ£ö chat turn notification producer (7085.261ms)
Γû╢ quarantine + board_complete notification producers
  Γ£ö quarantined transition emits task_quarantined notification (7054.328ms)
  Γ£ö all-terminal board emits board_complete with unresolved count (7.3185ms)
  Γ£ö GAP-1: all-quarantined zero-complete board emits board_blocked (5.3978ms)
  Γ£ö board_blocked fires only once even on repeated handleBoardChange calls (5.396ms)
  Γ£ö seedBoardTaskStatuses suppresses board_complete for already-complete boards (4.6245ms)
Γ£ö quarantine + board_complete notification producers (7078.1775ms)
Γû╢ pushNotification mute gate
  Γ£ö returns null when notifications are muted (6985.8875ms)
  Γ£ö pushes when notifications are not muted (6.7018ms)
Γ£ö pushNotification mute gate (6993.5761ms)
Γû╢ notification sound packs
  Γ£ö default pack maps kinds to expected cues (136.0316ms)
  Γ£ö none pack resolves to undefined (1.6917ms)
Γ£ö notification sound packs (138.6745ms)
Γû╢ notification sound gating
  Γ£ö does not play when focused (7096.4277ms)
  Γ£ö does not play when sound disabled (6.6363ms)
  Γ£ö does not play when muted (7.2085ms)
  Γ£ö browser: skips hidden background tabs when unfocused (5.709ms)
  Γ£ö browser: plays when visible and unfocused (5.3139ms)
  Γ£ö electron: plays when unfocused even if visibility is hidden (4.8432ms)
  Γ£ö chat_question: plays when window is focused (5.9644ms)
  Γ£ö does not play when sound pack is none (5.3836ms)
  Γ£ö active chat: plays when focused and soundOnActiveChat is enabled (17.6426ms)
  Γ£ö active chat: does not play when focused without soundOnActiveChat (6.3366ms)
Γ£ö notification sound gating (7163.0095ms)
Γû╢ notification store
  Γ£ö push via append increases unread count (122.399ms)
  Γ£ö mark all read clears unread badge count (1.6045ms)
  Γ£ö caps inbox at 100 items (2.1704ms)
  Γ£ö subscribe receives updates (8.9972ms)
  Γ£ö dedupe keys are session-scoped (1.469ms)
  Γ£ö markNotificationsReadForChat clears only matching unread rows (1.8977ms)
Γ£ö notification store (139.7236ms)
Γû╢ onboarding apps step
  Γ£ö Apps phase sits between Appearance and Models (7.6969ms)
  Γ£ö render shows core note and Coming soon when no optional apps (10.6062ms)
  Γ£ö commit records core apps and empty optional selection (5.2597ms)
Γ£ö onboarding apps step (24.5549ms)
Γû╢ onboarding cloud provider preset ids
  Γ£ö onboardingCloudProviderId uses stable onboarding prefix (0.6171ms)
  Γ£ö presetIdFromOnboardingCloudProviderId round-trips preset ids (0.1608ms)
  Γ£ö listConfiguredOnboardingCloudPresetIds returns presets with saved keys only (0.7214ms)
Γ£ö onboarding cloud provider preset ids (2.3666ms)
Γû╢ onboarding cloud provider URLs
  Γ£ö preset baseUrls do not double /v1 when joined with default models path (0.99ms)
Γ£ö onboarding cloud provider URLs (1.7694ms)
Γû╢ onboarding context7 step
  Γ£ö step is registered after api-keys in workspace phase (1.2523ms)
  Γ£ö workspace phase includes context7 after api-keys (0.4438ms)
  Γ£ö isApplicable requires local tool server (0.3814ms)
  Γ£ö can be skipped and exposes reset helper (0.2194ms)
Γ£ö onboarding context7 step (3.7102ms)
Γû╢ onboarding layout scroll (MIN-453)
  Γ£ö overlay constrains grid children to the viewport (1.96ms)
  Γ£ö step content scrolls instead of clipping tall steps (0.3981ms)
  Γ£ö welcome step keeps centered layout (0.2343ms)
  Γ£ö sidebar phase list scrolls independently of brand and progress (0.2623ms)
Γ£ö onboarding layout scroll (MIN-453) (3.806ms)
Γû╢ onboarding state-core
  Γ£ö createDefaultOnboardingState returns version 1 incomplete state (1.3369ms)
  Γ£ö recordStepProgress merges step data (0.2355ms)
  Γ£ö isOnboardingComplete reflects completedAt (0.1348ms)
  Γ£ö seed providers alone do not count as user configuration (0.1339ms)
  Γ£ö hasExistingChatMessageHistory ignores empty chats and model binding (0.1643ms)
  Γ£ö buildOnboardingContext reads provider path from step data (0.2407ms)
Γ£ö onboarding state-core (3.2199ms)
Γû╢ onboarding step count (MIN-438)
  Γ£ö before provider path is chosen, branch steps are excluded (9 with server) (1.2401ms)
  Γ£ö local provider path includes branch + model pick (11 with server, no api-keys) (0.4007ms)
  Γ£ö hidden email and calendar apps omit setup steps even when server is up (6.3885ms)
  Γ£ö sidebar progress label updates when filtered steps grow (31.9247ms)
Γ£ö onboarding step count (MIN-438) (40.9443ms)
Γû╢ board display wake reconcile
  Γ£ö reconcile advances in_progress task when build chat already finished (19.4445ms)
  Γ£ö reconcile advances when streaming flag stuck after completed build (3.1312ms)
  Γ£ö reconcile auto-resumes system-paused board and advances finished build (2.9943ms)
  Γ£ö reconcile does not auto-resume after user Stop (2.3714ms)
  Γ£ö quit shutdown hook system-pauses running boards (2.907ms)
  Γ£ö AFK power guard ref-count tracks board start/stop (1.9237ms)
Γ£ö board display wake reconcile (33.9278ms)
[issues-board-complete-review] issuesState is not initialized; call loadIssuesFromStorage() first Error: issuesState is not initialized; call loadIssuesFromStorage() first
    at requireIssuesState (C:\Users\dukky\Documents\Development\Minnow\src\state\issues-store.ts:122:11)
    at listIssues (C:\Users\dukky\Documents\Development\Minnow\src\state\issues-store.ts:536:14)
    at Module.markIssuesReviewForBoardComplete (C:\Users\dukky\Documents\Development\Minnow\src\chat\issues\board-review.ts:30:23)
    at <anonymous> (C:\Users\dukky\Documents\Development\Minnow\src\chat\orchestrate\plan-complete-ui.ts:198:9)
[orchestrate-plan-complete-wrap-up] Cannot read properties of null (reading 'value') TypeError: Cannot read properties of null (reading 'value')
    at runChatTurn (C:\Users\dukky\Documents\Development\Minnow\src\tools\loop.ts:1224:43)
    at async resumeParentChatWithMessage (C:\Users\dukky\Documents\Development\Minnow\src\tools\loop.ts:2798:3)
    at async runWrapUp (C:\Users\dukky\Documents\Development\Minnow\src\chat\orchestrate\plan-complete-ui.ts:130:7)
    at async firePlanCompleteWrapUpTurn (C:\Users\dukky\Documents\Development\Minnow\src\chat\orchestrate\plan-complete-ui.ts:133:3)
Γû╢ board flow E2E harness
  Γ£ö happy path: three tasks across two waves ΓåÆ final test pass ΓåÆ plan complete (105.3126ms)
  Γ£ö wave barrier: W2 slots never appear until W1 is terminal (94.8412ms)
  Γ£ö mixed convergence: self-heal, fixer merge, and quarantine (103.3281ms)
  Γ£ö fixer-deadlock regression: stale fixer does not block sibling merge in flow (6.5776ms)
  Γ£ö reload mid-flight: boot resume does not double-launch active slots (2.7088ms)
Γ£ö board flow E2E harness (314.1056ms)
[issues-board-complete-review] issuesState is not initialized; call loadIssuesFromStorage() first Error: issuesState is not initialized; call loadIssuesFromStorage() first
    at requireIssuesState (C:\Users\dukky\Documents\Development\Minnow\src\state\issues-store.ts:122:11)
    at listIssues (C:\Users\dukky\Documents\Development\Minnow\src\state\issues-store.ts:536:14)
    at Module.markIssuesReviewForBoardComplete (C:\Users\dukky\Documents\Development\Minnow\src\chat\issues\board-review.ts:30:23)
    at <anonymous> (C:\Users\dukky\Documents\Development\Minnow\src\chat\orchestrate\plan-complete-ui.ts:198:9)
Γû╢ board headless E2E (real runChatTurn)
  Γ£ö happy path: multi-wave board converges with board-log invariants (291.4813ms)
Γ£ö board headless E2E (real runChatTurn) (292.5325ms)
Γû╢ board headless quirk fixtures
  Γ£ö malformed tool args then recovery (104.3585ms)
  Γ£ö board_report green tolerant outcome (92.6024ms)
  Γ£ö board_report bad outcome then recovery (107.348ms)
  Γ£ö board_report blank summary then recovery (108.5067ms)
  Γ£ö tester prose without VERDICT ΓÇö exactly two nudges (154.5584ms)
  Γ£ö truncated mid-tool-call stream then recovery (107.4453ms)
  Γ£ö nonexistent tool then recovery (108.4211ms)
  Γ£ö runaway tool repetition then board_report (107.8571ms)
[chat-turn-failed] context length exceeded Error: context length exceeded
    at <anonymous> (C:\Users\dukky\Documents\Development\Minnow\src\tools\loop.ts:995:22)
    at finish (C:\Users\dukky\Documents\Development\Minnow\src\tools\loop.ts:965:9)
    at Object.onEnd (C:\Users\dukky\Documents\Development\Minnow\src\tools\loop.ts:994:13)
    at <anonymous> (C:\Users\dukky\Documents\Development\Minnow\src\api\generations.ts:182:21)
  Γ£ö context exceeded on stream then in-place recover to complete (169.4167ms)
[chat-turn-failed] Trying to generate tokens after context limit has been reached (n_ctx = 4096) Error: Trying to generate tokens after context limit has been reached (n_ctx = 4096)
    at <anonymous> (C:\Users\dukky\Documents\Development\Minnow\src\tools\loop.ts:995:22)
    at finish (C:\Users\dukky\Documents\Development\Minnow\src\tools\loop.ts:965:9)
    at Object.onEnd (C:\Users\dukky\Documents\Development\Minnow\src\tools\loop.ts:994:13)
    at <anonymous> (C:\Users\dukky\Documents\Development\Minnow\src\api\generations.ts:182:21)
  Γ£ö LM Studio context limit error then recover (108.5959ms)
[chat-turn-failed] HTTP 400: {"error":{"message":"This model's maximum context length is 8192 tokens. However, your messages resulted in 9000 tokens.","type":"invalid_request_error","code":"context_length_exceeded"}} Error: HTTP 400: {"error":{"message":"This model's maximum context length is 8192 tokens. However, your messages resulted in 9000 tokens.","type":"invalid_request_error","code":"context_length_exceeded"}}
    at createGeneration (C:\Users\dukky\Documents\Development\Minnow\src\api\generations.ts:108:11)
    at async streamCompletionTurn (C:\Users\dukky\Documents\Development\Minnow\src\tools\loop.ts:796:21)
    at async runStreamTurnWithThinkingBudget (C:\Users\dukky\Documents\Development\Minnow\src\tools\loop.ts:1967:26)
    at async runChatTurn (C:\Users\dukky\Documents\Development\Minnow\src\tools\loop.ts:2061:20)
    at async <anonymous> (C:\Users\dukky\Documents\Development\Minnow\test\orchestrate\board-headless-e2e.test.mts:142:7)
  Γ£ö upstream HTTP 400 context_length_exceeded then recover (107.953ms)
[chat-turn-failed] Requested tokens (8192) exceed context window of 4096 Error: Requested tokens (8192) exceed context window of 4096
    at <anonymous> (C:\Users\dukky\Documents\Development\Minnow\src\tools\loop.ts:995:22)
    at finish (C:\Users\dukky\Documents\Development\Minnow\src\tools\loop.ts:965:9)
    at Object.onEnd (C:\Users\dukky\Documents\Development\Minnow\src\tools\loop.ts:994:13)
    at <anonymous> (C:\Users\dukky\Documents\Development\Minnow\src\api\generations.ts:182:21)
  Γ£ö tester context exceeded then VERDICT recover (124.9204ms)
  Γ£ö builder prose-only success without board_report nudges then recovers (167.5811ms)
  Γ£ö builder prose-only exhausts nudge budget then quarantines at build cap (112.3612ms)
  Γ£ö board_report ok synonym completes (92.0586ms)
  Γ£ö board_report success synonym completes (92.067ms)
  Γ£ö board_report env_blocked routes env-fixer path without silent complete (123.5286ms)
  Γ£ö board_report fail then recovery completes (91.315ms)
  Γ£ö partially valid tool args then recovery (92.2371ms)
  Γ£ö truncated after tool name then recovery (93.466ms)
  Γ£ö forbidden delegate_tasks then recovery (93.0206ms)
  Γ£ö multiple tool calls in one delta then complete (108.2419ms)
  Γ£ö wrong finish_reason then recovery (92.1366ms)
  Γ£ö runaway mutating tools then board_report (91.7814ms)
  Γ£ö max tool turns transcript then recovery (92.2506ms)
  Γ£ö empty assistant stream then recovery (93.7333ms)
  Γ£ö duplicate board_report in one delta completes once (91.5249ms)
  Γ£ö sibling task_id report ignored then recovery (77.0831ms)
  Γ£ö tester VERDICT:PASS casing completes (77.7095ms)
  Γ£ö tester buried VERDICT completes (76.7456ms)
  Γ£ö tester board_report instead of prose VERDICT completes (79.0636ms)
  Γ£ö tester fail verdict then recovery completes (123.7613ms)
  Γ£ö final integration prose without VERDICT does not pass silently (92.6662ms)
[chat-turn-failed] Could not complete this reply: context length exceeded Error: Could not complete this reply: context length exceeded
    at <anonymous> (C:\Users\dukky\Documents\Development\Minnow\src\tools\loop.ts:995:22)
    at finish (C:\Users\dukky\Documents\Development\Minnow\src\tools\loop.ts:965:9)
    at Object.onEnd (C:\Users\dukky\Documents\Development\Minnow\src\tools\loop.ts:994:13)
    at <anonymous> (C:\Users\dukky\Documents\Development\Minnow\src\api\generations.ts:182:21)
[chat-turn-failed] This model's maximum context length is 8192 tokens. However, your messages resulted in 9000 tokens. Error: This model's maximum context length is 8192 tokens. However, your messages resulted in 9000 tokens.
    at <anonymous> (C:\Users\dukky\Documents\Development\Minnow\src\tools\loop.ts:995:22)
    at finish (C:\Users\dukky\Documents\Development\Minnow\src\tools\loop.ts:965:9)
    at Object.onEnd (C:\Users\dukky\Documents\Development\Minnow\src\tools\loop.ts:994:13)
    at <anonymous> (C:\Users\dukky\Documents\Development\Minnow\src\api\generations.ts:182:21)
  Γ£ö repeated context exceeded at build cap quarantines without history wipe (36.4088ms)
Γ£ö board headless quirk fixtures (3495.824ms)
[issues-board-complete-review] issuesState is not initialized; call loadIssuesFromStorage() first Error: issuesState is not initialized; call loadIssuesFromStorage() first
    at requireIssuesState (C:\Users\dukky\Documents\Development\Minnow\src\state\issues-store.ts:122:11)
    at listIssues (C:\Users\dukky\Documents\Development\Minnow\src\state\issues-store.ts:536:14)
    at Module.markIssuesReviewForBoardComplete (C:\Users\dukky\Documents\Development\Minnow\src\chat\issues\board-review.ts:30:23)
    at <anonymous> (C:\Users\dukky\Documents\Development\Minnow\src\chat\orchestrate\plan-complete-ui.ts:198:9)
[orchestrate-plan-complete-wrap-up] Cannot read properties of null (reading 'value') TypeError: Cannot read properties of null (reading 'value')
    at runChatTurn (C:\Users\dukky\Documents\Development\Minnow\src\tools\loop.ts:1224:43)
    at async resumeParentChatWithMessage (C:\Users\dukky\Documents\Development\Minnow\src\tools\loop.ts:2798:3)
    at async runWrapUp (C:\Users\dukky\Documents\Development\Minnow\src\chat\orchestrate\plan-complete-ui.ts:130:7)
    at async firePlanCompleteWrapUpTurn (C:\Users\dukky\Documents\Development\Minnow\src\chat\orchestrate\plan-complete-ui.ts:133:3)
Γû╢ board live launch harness
  Γ£ö happy path: multi-task board completes via driveLiveBoard (93.3105ms)
  Γ£ö conflict ΓåÆ fixer path (76.3297ms)
  Γ£ö build-fail ΓåÆ self-heal ΓåÆ quarantine (46.645ms)
  Γ£ö sequential mode (107.3699ms)
  Γ£ö multi-task: builder prose-only on W1-A nudges while W1-B completes (78.0603ms)
  Γ£ö multi-task: missing-report nudge on W1-A does not block W1-B drain (93.7313ms)
Γ£ö board live launch harness (496.9644ms)
Γû╢ sortBoardLogEvents
  Γ£ö orders by ts then numeric id suffix (1.3772ms)
Γ£ö sortBoardLogEvents (2.1863ms)
Γû╢ checkBoardLog
  Γ£ö passing multi-wave fixture is ok (2.188ms)
  Γ£ö status-transitions flags illegal edge (0.3496ms)
  Γ£ö status-transitions allows in_progress ΓåÆ complete when skip per-task testing (0.2469ms)
  Γ£ö status-transitions allows fast merge path testing ΓåÆ complete (0.2358ms)
  Γ£ö status-transitions allows failed Tester round to reopen Builder (0.2127ms)
  Γ£ö verdict-after-start flags verdict before task_started (0.1941ms)
  Γ£ö attempt-caps flags retry above cap (0.2303ms)
  Γ£ö merge-integrity flags missing merge_result for completed task (0.2348ms)
  Γ£ö final-test-order flags verdict before start (0.2318ms)
  Γ£ö wave-order flags later wave starting early (0.1611ms)
  Γ£ö dependency-order flags start before dependency complete (0.1643ms)
  Γ£ö quarantine-cascade flags root without dependents and without cap attempts (0.2319ms)
  Γ£ö known-bad quarantine-stall sequence leaves pending work unrunnable (0.2512ms)
Γ£ö checkBoardLog (5.467ms)
Γû╢ Phase-2 durable invariant families
  Γ£ö phase-pairing: passing evidence (0.3501ms)
  Γ£ö phase-pairing: failing evidence (0.1742ms)
  Γ£ö phase-pairing: incomplete evidence (0.149ms)
  Γ£ö slot-balance: passing evidence (0.1161ms)
  Γ£ö slot-balance: failing evidence (0.1026ms)
  Γ£ö slot-balance: incomplete evidence (0.1045ms)
  Γ£ö hold-balance: passing evidence (0.1436ms)
  Γ£ö hold-balance: failing evidence (0.1421ms)
  Γ£ö hold-balance: incomplete evidence (0.1062ms)
  Γ£ö concurrency-cap: passing evidence (0.1124ms)
  Γ£ö concurrency-cap: failing evidence (0.1153ms)
  Γ£ö concurrency-cap: incomplete evidence (0.0905ms)
  Γ£ö lifecycle-owner: passing evidence (0.1425ms)
  Γ£ö lifecycle-owner: failing evidence (0.0895ms)
  Γ£ö lifecycle-owner: incomplete evidence (0.1194ms)
  Γ£ö terminal-effects: passing evidence (0.1118ms)
  Γ£ö terminal-effects: failing evidence (0.1101ms)
  Γ£ö terminal-effects: incomplete evidence (0.1042ms)
  Γ£ö afk-hands-off: passing evidence (0.1239ms)
  Γ£ö afk-hands-off: failing evidence (0.1141ms)
  Γ£ö afk-hands-off: incomplete evidence (0.1022ms)
  Γ£ö legacy logs remain compatible but cannot pass strict evidence mode (0.3122ms)
  Γ£ö nudge events participate in the persisted attempt cap (0.1757ms)
  Γ£ö terminal effects reject duplicate planner reports and notifications (0.161ms)
  Γ£ö returns reconstructed state and acceptance metrics (0.1903ms)
Γ£ö Phase-2 durable invariant families (4.1221ms)
Γû╢ appendBoardLog
  Γ£ö assigns deterministic id/ts and preserves append order (3.4228ms)
  Γ£ö drops oldest rows when exceeding BOARD_LOG_MAX (1.4644ms)
  Γ£ö invokes disk sink when configured (0.5984ms)
Γ£ö appendBoardLog (6.6243ms)
Γû╢ moveTaskStatus logging
  Γ£ö emits one task_status with from/to and skips when unchanged (4.7302ms)
  Γ£ö uses error level for failed and blocked transitions (0.6013ms)
Γ£ö moveTaskStatus logging (5.5864ms)
Γû╢ resolveBoardModelBinding
  Γ£ö prefers board model override over planner chat (0.9005ms)
  Γ£ö falls back to planner chat when board has no model (0.8022ms)
Γ£ö resolveBoardModelBinding (2.8452ms)
Γû╢ validateSessionState board model fields
  Γ£ö preserves modelProviderId and modelId on orchestrate board (3.0965ms)
Γ£ö validateSessionState board model fields (3.292ms)
[issues-board-complete-review] issuesState is not initialized; call loadIssuesFromStorage() first Error: issuesState is not initialized; call loadIssuesFromStorage() first
    at requireIssuesState (C:\Users\dukky\Documents\Development\Minnow\src\state\issues-store.ts:122:11)
    at listIssues (C:\Users\dukky\Documents\Development\Minnow\src\state\issues-store.ts:536:14)
    at Module.markIssuesReviewForBoardComplete (C:\Users\dukky\Documents\Development\Minnow\src\chat\issues\board-review.ts:30:23)
    at <anonymous> (C:\Users\dukky\Documents\Development\Minnow\src\chat\orchestrate\plan-complete-ui.ts:198:9)
Γû╢ board_report happy path
  Γ£ö validates args and records structured report on the task (4.4841ms)
Γ£ö board_report happy path (5.638ms)
Γû╢ quarantine-last stall
  Γ£ö last active task quarantined via updateTask surfaces blocked terminal state (17.266ms)
  Γ£ö quarantineTaskAndDependents on last active task emits completion (8.7877ms)
Γ£ö quarantine-last stall (26.3734ms)
Γû╢ requeue re-announce
  Γ£ö quarantine ΓåÆ requeue ΓåÆ complete delivers a fresh completion report (4.6714ms)
Γ£ö requeue re-announce (4.8083ms)
Γû╢ mid-turn report deferral
  Γ£ö defers planner report while a board task chat is streaming (6.7552ms)
Γ£ö mid-turn report deferral (7.0275ms)
Γû╢ board stats aggregate (MIN-414)
  Γ£ö chatCumulativeUsage prefers token ledger totals over history (2.7289ms)
  Γ£ö aggregateBoardMetrics sums tokens across planner and member chats (1.5472ms)
  Γ£ö latestTurnStatsPair reads lastStats snapshot (0.389ms)
Γ£ö board stats aggregate (MIN-414) (6.0879ms)
Γû╢ orchestrate board store rollup
  Γ£ö rollupWaveStatus: planned, in_progress, complete (1.6117ms)
  Γ£ö failed task keeps wave in_progress (0.4444ms)
Γ£ö orchestrate board store rollup (3.0847ms)
Γû╢ orchestrate board store init and progress
  Γ£ö initBoard matches static JSON and progress 0% (2.4568ms)
  Γ£ö header progress counts include in_progress tasks and waves (1.059ms)
  Γ£ö updateTask clears error when patch sets error to undefined (0.5825ms)
  Γ£ö updateTask rolls wave to in_progress then complete; progress 0ΓåÆ100 (0.4942ms)
  Γ£ö recomputeWaveRollup: complete + planned wave stays planned; progress 50% (0.2745ms)
  Γ£ö recomputeWaveRollup: complete + in_progress wave is in_progress (0.5459ms)
  Γ£ö applyOpenBoardWaveCollapse keeps only waves with in_progress tasks expanded (1.9222ms)
Γ£ö orchestrate board store init and progress (8.0429ms)
Γû╢ orchestrate board store events
  Γ£ö initBoard and updateTask emit board change for group id (1.7468ms)
  Γ£ö emitBoardChange notifies subscribers (0.4854ms)
Γ£ö orchestrate board store events (2.671ms)
Γû╢ orchestrate board dependency cycles
  Γ£ö initBoard marks cyclic dependsOn tasks blocked with cycle error (1.7415ms)
Γ£ö orchestrate board dependency cycles (1.8966ms)
Γû╢ isTaskReadyForAuto DAG-first scheduling
  Γ£ö task with satisfied deps is ready even when a same-wave sibling is incomplete (1.0046ms)
  Γ£ö task without dependsOn still respects prior wave barrier (0.5651ms)
Γ£ö isTaskReadyForAuto DAG-first scheduling (1.7193ms)
Γû╢ execution mode afk
  Γ£ö getBoardExecutionMode returns afk when set (0.6077ms)
  Γ£ö isBoardAutoMode and isBoardRunning recognise afk (0.3371ms)
Γ£ö execution mode afk (1.0668ms)
Γû╢ board task-chat stall detection
  Γ£ö stalled AFK chat: counter incremented on first stall tick (17.5923ms)
  Γ£ö recent bumpProgress prevents stall restart (3.7963ms)
  Γ£ö manual mode: stall detection does not restart (2.7382ms)
  Γ£ö sequential mode: stall detection nudges (one hung chat stops the board) (3.4034ms)
  Γ£ö stall counter survives the stall-stop stream end; second stall self-heals (56.8551ms)
[issues-board-complete-review] issuesState is not initialized; call loadIssuesFromStorage() first Error: issuesState is not initialized; call loadIssuesFromStorage() first
    at requireIssuesState (C:\Users\dukky\Documents\Development\Minnow\src\state\issues-store.ts:122:11)
    at listIssues (C:\Users\dukky\Documents\Development\Minnow\src\state\issues-store.ts:536:14)
    at Module.markIssuesReviewForBoardComplete (C:\Users\dukky\Documents\Development\Minnow\src\chat\issues\board-review.ts:30:23)
    at <anonymous> (C:\Users\dukky\Documents\Development\Minnow\src\chat\orchestrate\plan-complete-ui.ts:198:9)
[orchestrate-plan-complete-wrap-up] Cannot read properties of null (reading 'value') TypeError: Cannot read properties of null (reading 'value')
    at runChatTurn (C:\Users\dukky\Documents\Development\Minnow\src\tools\loop.ts:1224:43)
    at async resumeParentChatWithMessage (C:\Users\dukky\Documents\Development\Minnow\src\tools\loop.ts:2798:3)
    at async runWrapUp (C:\Users\dukky\Documents\Development\Minnow\src\chat\orchestrate\plan-complete-ui.ts:130:7)
    at async firePlanCompleteWrapUpTurn (C:\Users\dukky\Documents\Development\Minnow\src\chat\orchestrate\plan-complete-ui.ts:133:3)
  Γ£ö natural stream end still clears the stall counter (122.7745ms)
  Γ£ö visibility baseline reset does not false-stall after fresh progress bump (4.0683ms)
  Γ£ö stalled tester chat nudges the test chat, not the builder (3.6224ms)
  Γ£ö stall with null lastProgressAt does not restart (2.7479ms)
  Γ£ö hidden page past stall threshold does not nudge or stop (2.3745ms)
Γ£ö board task-chat stall detection (222.0506ms)
Γû╢ openBoardTimelineDrawer
  Γ£ö mounts panel, renders log rows, live-appends on board change, and closes cleanly (46.4046ms)
Γ£ö openBoardTimelineDrawer (47.2324ms)
Γû╢ orchestrate board timer
  Γ£ö shouldOrchestrateBoardTimerRun is false when idle and user stopped (3.0327ms)
  Γ£ö shouldOrchestrateBoardTimerRun is true when parent streams with activeParentTurnId (0.6209ms)
  Γ£ö timer freezes the instant the user stops, even with tasks still in_progress (0.6608ms)
  Γ£ö syncOrchestrateBoardTimer accumulates only while active (0.8186ms)
Γ£ö orchestrate board timer (6.4443ms)
Γû╢ board task failed-turn history preservation
  Γ£ö repairSessionHistoryTail keeps completed assistant work on board chats (1.4269ms)
  Γ£ö rollbackFailedTurnHistory would discard partial board builder work (0.388ms)
  Γ£ö resolveTaskChatStreamOutcome returns failed from run status despite partial assistant prose (0.4002ms)
Γ£ö board task failed-turn history preservation (3.2225ms)
Γû╢ finalizeBoardTaskOnStreamEnd in-place auto retry
  Γ£ö auto retry keeps the same chat id and seeds next build with error context (7.1548ms)
  Γ£ö context exceeded failed run retries in-place on same chat id (1.2055ms)
Γ£ö finalizeBoardTaskOnStreamEnd in-place auto retry (8.5653ms)
Γû╢ orchestrate delegate_tasks
  Γ£ö validateDelegateTasksArgs accepts taskIds array (2.4695ms)
  Γ£ö initBoard sets executionMode manual (2.2949ms)
  Γ£ö delegate_tasks omitted from planner tools in manual and auto modes (0.9511ms)
  Γ£ö orchestrate mode denies spawn_sub_agent via tool policy (0.5492ms)
  Γ£ö isTaskReadyForAuto respects prior wave completion (2.915ms)
  Γ£ö executeBoardTool delegate_tasks rejects manual mode (1.4428ms)
  Γ£ö setBoardExecutionMode persists auto on board without starting tasks (0.5867ms)
Γ£ö orchestrate delegate_tasks (12.4853ms)
Γû╢ orchestrator auto reports
  Γ£ö buildOrchestratorTaskReportMessage includes task id and lifecycle (0.5462ms)
  Γ£ö deliverOrchestratorTaskReport dedupes by task, kind, and lifecycle run (5.9196ms)
  Γ£ö defers failure reports while planner is streaming; flushes on stream end (13.5757ms)
  Γ£ö silent delivery appends assistant message without starting a planner turn (2.2546ms)
Γ£ö orchestrator auto reports (22.6197ms)
Γû╢ sequential execution mode
  Γ£ö getBoardExecutionMode returns sequential when set (0.4568ms)
  Γ£ö isBoardAutoMode true for auto, sequential, and afk (0.2592ms)
  Γ£ö delegate_tasks rejects sequential mode (not auto) (0.3183ms)
  Γ£ö getBoardExecutionMode falls back to manual for unknown values (0.1182ms)
  Γ£ö sequential ΓåÆ afk pins maxConcurrentTasks to 1 when unset (0.3223ms)
  Γ£ö sequential ΓåÆ afk keeps explicit maxConcurrentTasks (0.2006ms)
  Γ£ö auto ΓåÆ afk does not change maxConcurrentTasks (0.1836ms)
  Γ£ö setBoardExecutionMode afk from sequential pins concurrency (0.1786ms)
Γ£ö sequential execution mode (2.2636ms)
Γû╢ setBoardMaxConcurrent
  Γ£ö clamps value to [1, 20] (0.3927ms)
  Γ£ö floors fractional values (0.1707ms)
  Γ£ö no-op when value unchanged (0.1662ms)
Γ£ö setBoardMaxConcurrent (0.8238ms)
Γû╢ env-fixer stall: heartbeat stops only
  Γ£ö stall records a fixer stall-stop ΓÇö no nudge, no direct self-heal (16.7666ms)
Γ£ö env-fixer stall: heartbeat stops only (18.1868ms)
Γû╢ env-fixer stream-end finalizer routing
  Γ£ö stall-stop stream end burns exactly one attempt and dispatches once (67.6166ms)
  Γ£ö orphan fixer stream-end leaves the live fixer state untouched (63.4794ms)
  Γ£ö user stop is neutral: linkage cleared, no attempt burn, stays in_progress (59.251ms)
  Γ£ö stop while board paused is neutral even with a system stop reason (64.2969ms)
  Γ£ö test-phase pass while paused records testing + clears linkage, no launch (4.5037ms)
  Γ£ö build-phase pass while paused clears linkage and stays in_progress (2.7563ms)
Γ£ö env-fixer stream-end finalizer routing (262.5962ms)
Γû╢ task-chat launch failure recovery
  Γ£ö env-fixer launch failure clears linkage and drives bounded self-heal (69.1156ms)
[issues-board-complete-review] issuesState is not initialized; call loadIssuesFromStorage() first Error: issuesState is not initialized; call loadIssuesFromStorage() first
    at requireIssuesState (C:\Users\dukky\Documents\Development\Minnow\src\state\issues-store.ts:122:11)
    at listIssues (C:\Users\dukky\Documents\Development\Minnow\src\state\issues-store.ts:536:14)
    at Module.markIssuesReviewForBoardComplete (C:\Users\dukky\Documents\Development\Minnow\src\chat\issues\board-review.ts:30:23)
    at <anonymous> (C:\Users\dukky\Documents\Development\Minnow\src\chat\orchestrate\plan-complete-ui.ts:198:9)
[orchestrate-plan-complete-wrap-up] Cannot read properties of null (reading 'value') TypeError: Cannot read properties of null (reading 'value')
    at runChatTurn (C:\Users\dukky\Documents\Development\Minnow\src\tools\loop.ts:1224:43)
    at async resumeParentChatWithMessage (C:\Users\dukky\Documents\Development\Minnow\src\tools\loop.ts:2798:3)
    at async runWrapUp (C:\Users\dukky\Documents\Development\Minnow\src\chat\orchestrate\plan-complete-ui.ts:130:7)
    at async firePlanCompleteWrapUpTurn (C:\Users\dukky\Documents\Development\Minnow\src\chat\orchestrate\plan-complete-ui.ts:133:3)
  Γ£ö build launch failure with self-heal exhausted quarantines, never a silent board (61.6012ms)
  Γ£ö launch failure on a stopped board records the error only (61.3825ms)
Γ£ö task-chat launch failure recovery (192.6681ms)
Γû╢ buildDeterministicFinishReport
  Γ£ö lists completed tasks under Completed tasks and leaves recommendations as placeholder (3.388ms)
Γ£ö buildDeterministicFinishReport (29.1798ms)
Γû╢ mergeFinishReportRecommendations
  Γ£ö replaces the placeholder with LLM bullet output (6.3748ms)
Γ£ö mergeFinishReportRecommendations (15.7755ms)
Γû╢ buildFinishRecommendationsPrompt
  Γ£ö includes plan content and completed task ids (1.156ms)
Γ£ö buildFinishRecommendationsPrompt (1.959ms)
Γû╢ sanitizeRecommendationsMarkdown
  Γ£ö normalizes numbered lines and strips fences (0.6827ms)
Γ£ö sanitizeRecommendationsMarkdown (0.8122ms)
Γû╢ Fix A ΓÇö merge-fixer unified stall recovery
  Γ£ö heartbeat tick does not git-poll or change task status (14.613ms)
  Γ£ö fixer stall at 3x stops the turn only ΓÇö no nudge, no direct self-heal (6.7784ms)
Γ£ö Fix A ΓÇö merge-fixer unified stall recovery (23.617ms)
Γû╢ Fix B ΓÇö reconcileMergingTasks safety net
  Γ£ö reconcileMergingTasks routes inactive fixer out of merging (5.279ms)
  Γ£ö autoDelegateNext reconciles dead fixer before isBoardRunning gate (3.5232ms)
  Γ£ö reconcileMergingTasks leaves live fixer in merging (1.0834ms)
Γ£ö Fix B ΓÇö reconcileMergingTasks safety net (10.2071ms)
Γû╢ Fix C ΓÇö env-fixer unified stall recovery
  Γ£ö env-fixer stall at 3x stops the turn only ΓÇö finalizer owns recovery (3.4734ms)
Γ£ö Fix C ΓÇö env-fixer unified stall recovery (3.6614ms)
Γû╢ Env-fixer pass board_report routing
  Γ£ö clean env-fixer end without board_report nudges instead of burning an attempt (56.2512ms)
  Γ£ö test-phase pass moves task to testing and clears fixer linkage (66.1355ms)
  Γ£ö test-phase pass resumes testing before a queued sibling at maxConcurrent 1 (67.7769ms)
  Γ£ö resumeBoardTask succeeds when a pre-reserved tester chat exists (24.1122ms)
Γ£ö Env-fixer pass board_report routing (214.808ms)
Γû╢ Fix D ΓÇö systemPaused vs user Stop
  Γ£ö systemPaused finalizes to planned with stopRetries, not quarantine (4.6381ms)
  Γ£ö userStopped without systemPaused parks to planned, no quarantine (MIN-304) (4.8552ms)
  Γ£ö systemPaused takes precedence when both flags are set (4.1091ms)
  Γ£ö stopBoardAutoRun reason system sets systemPaused only (7.6206ms)
  Γ£ö stopBoardAutoRun default reason sets userStopped only (4.0599ms)
  Γ£ö startBoardAutoRun clears userStopped and systemPaused (3.3171ms)
Γ£ö Fix D ΓÇö systemPaused vs user Stop (28.9106ms)
Γû╢ Manual recovery ΓÇö recoverMergingBoardTask
  Γ£ö finalizeMergeFixerOnStreamEnd git fallback completes when fixer dead without board_report (7.2369ms)
  Γ£ö recoverMergingBoardTask with dead fixer and verified merge completes task (7.1907ms)
  Γ£ö continueBoardTask on merging delegates to reconcile without resetting to in_progress (4.3475ms)
  Γ£ö restartBoardTask on merging stops fixer supervision then reconciles (4.1059ms)
Γ£ö Manual recovery ΓÇö recoverMergingBoardTask (23.0966ms)
[wait-for-fixer-timeout] Fixer wait exceeded cap; proceeding with merge Error: Fixer wait exceeded cap; proceeding with merge
    at waitForNoActiveFixer (C:\Users\dukky\Documents\Development\Minnow\src\state\orchestrate-board-actions.ts:354:9)
    at async <anonymous> (C:\Users\dukky\Documents\Development\Minnow\src\state\orchestrate-board-actions.ts:2626:7)
Γû╢ waitForNoActiveFixer timeout
  Γ£ö timeout reconciles and sibling merge proceeds despite falsely-active fixer (63.313ms)
Γ£ö waitForNoActiveFixer timeout (63.4605ms)
Γû╢ deriveOrchestratorLastActivity
  Γ£ö returns generating label while streaming (1.1363ms)
  Γ£ö returns thinking label while streaming in thinking phase (0.2995ms)
  Γ£ö returns tool label while streaming during tool phase (0.4725ms)
  Γ£ö returns last assistant message from history when idle (0.3553ms)
Γ£ö deriveOrchestratorLastActivity (3.2597ms)
Γû╢ orchestrate plan-path
  Γ£ö accepts markdown under documentation/plans root (1.0473ms)
  Γ£ö accepts nested dirs outside references and verification (0.1985ms)
  Γ£ö rejects references subtree (0.2406ms)
  Γ£ö rejects verification subtree (0.2021ms)
  Γ£ö rejects paths outside documentation/plans (0.1621ms)
Γ£ö orchestrate plan-path (2.9726ms)
Γû╢ normalizePlanDiscoverError
  Γ£ö maps ENOENT to no_plans_dir (0.2731ms)
  Γ£ö passes through other messages (0.207ms)
Γ£ö normalizePlanDiscoverError (0.6633ms)
Γû╢ parseFindFilesOutputPaths
  Γ£ö splits lines and ignores truncation footer (1.1806ms)
  Γ£ö returns empty for no files message (0.3029ms)
  Γ£ö returns empty for Error prefix (0.255ms)
Γ£ö parseFindFilesOutputPaths (1.9959ms)
Γû╢ merge-fixer finalize idempotency
  Γ£ö concurrent finalize calls log only one fixer retry (11.8877ms)
  Γ£ö stream-end path completes task and drains queued sibling (57.3321ms)
  Γ£ö pass board_report with verify failure retries fixer with context (2.951ms)
  Γ£ö unmatched stream-end finalizes merging task when fixerChatId was cleared early (60.7195ms)
  Γ£ö unmatched stream-end drains queue when fixerChatId was cleared early (61.3775ms)
Γ£ö merge-fixer finalize idempotency (197.5987ms)
Γû╢ merge-fixer LLM quirks
  Γ£ö fixer prose-only resolved without board_report retries with verify context (14.2038ms)
  Γ£ö fixer board_report pass but check_merged false retries instead of completing (9.3655ms)
  Γ£ö fixer board_report fail routes retry with failure summary (1.79ms)
Γ£ö merge-fixer LLM quirks (27.313ms)
Γû╢ merge fixer resume after reload
  Γ£ö recoverInterruptedMergesAfterReload routes inactive fixer out of merging (10.0888ms)
  Γ£ö recoverInterruptedMergesAfterReload leaves live fixer in merging (1.8059ms)
Γ£ö merge fixer resume after reload (13.7529ms)
Γû╢ merge-fixer stall recovery (Part 2)
  Γ£ö stream-end with pass report advances task to complete when merge is verified (70.0018ms)
  Γ£ö stream-end without report increments fixerAttempts and re-queues fixer when branch not merged (60.6382ms)
  Γ£ö stream-end without report completes task when re-merge succeeds on retry (64.1751ms)
Γ£ö merge-fixer stall recovery (Part 2) (196.7922ms)
Γû╢ vanished-merge-state guard ΓÇö Failure B (Part 3)
  Γ£ö startMergeConflictFixer skips fixer chat when MERGE_HEAD vanished and branch already merged (2.2369ms)
Γ£ö vanished-merge-state guard ΓÇö Failure B (Part 3) (2.3815ms)
Γû╢ dead fixer does not block sibling merge (Fix 1)
  Γ£ö stale non-streaming fixer does not block enqueueMergeCompletedTaskWorktree (1.0263ms)
Γ£ö dead fixer does not block sibling merge (Fix 1) (1.1338ms)
Γû╢ inferStreamOutcome
  Γ£ö completed when last assistant message is prose (1.0294ms)
  Γ£ö failed when last assistant message contains stall marker (0.206ms)
  Γ£ö stopped when assistant message has stopped flag (0.1457ms)
  Γ£ö failed when no assistant messages (0.1434ms)
  Γ£ö failed when latest run status is failed (0.1543ms)
Γ£ö inferStreamOutcome (2.6437ms)
Γû╢ classifyTaskFailure ΓÇö text markers
  Γ£ö ECONNREFUSED ΓåÆ infra (0.4471ms)
  Γ£ö Connection refused ΓåÆ infra (0.1585ms)
  Γ£ö EADDRINUSE ΓåÆ infra (0.165ms)
  Γ£ö service-client command not found (psql) ΓåÆ infra (0.1614ms)
  Γ£ö missing project toolchain bin (eslint, Windows phrasing) ΓåÆ code (0.2039ms)
  Γ£ö missing project toolchain bin (vite, posix phrasing) ΓåÆ code (0.1326ms)
  Γ£ö missing bin in npm-script context ΓåÆ code (0.1311ms)
  Γ£ö unrecognised missing bin ΓåÆ infra (conservative) (0.1049ms)
  Γ£ö code error containing 'does not exist' no longer misclassified as infra (0.0734ms)
  Γ£ö Cannot connect to the Docker daemon ΓåÆ infra (0.0811ms)
  Γ£ö psql: error ΓåÆ infra (0.1008ms)
  Γ£ö Maximum tool turns reached ΓåÆ stall (0.0713ms)
  Γ£ö Could not complete this reply ΓåÆ stall (0.0538ms)
  Γ£ö context length exceeded is transient code failure, not stall (0.0622ms)
  Γ£ö clean prose ΓåÆ code (0.055ms)
  Γ£ö ambiguous mixed stall + infra signals ΓÇö stall wins (0.0492ms)
  Γ£ö ambiguous mixed infra + code ΓÇö infra scanned before code fallback (0.0508ms)
Γ£ö classifyTaskFailure ΓÇö text markers (2.5585ms)
Γû╢ classifyTaskFailure ΓÇö structured signal takes precedence
  Γ£ö env_blocked signal overrides prose ΓåÆ infra (0.1057ms)
  Γ£ö env_blocked signal overrides stall markers ΓåÆ infra (0.093ms)
  Γ£ö failed signal falls through to text scan (0.084ms)
  Γ£ö no signal: stall detected before infra (0.079ms)
Γ£ö classifyTaskFailure ΓÇö structured signal takes precedence (0.478ms)
Γû╢ resolveTaskChatStreamFailure
  Γ£ö completed outcome ΓåÆ unknown category (0.2723ms)
  Γ£ö failed + stall wins over infra when both present (0.1124ms)
  Γ£ö failed + stall marker ΓåÆ stall category (0.1207ms)
Γ£ö resolveTaskChatStreamFailure (0.6303ms)
Γû╢ isUnverifiedCompletion (GAP-3)
  Γ£ö false when buildOutcome is set (0.2384ms)
  Γ£ö false when no testSpec (0.1313ms)
  Γ£ö false when outcome is failed (0.1044ms)
  Γ£ö true when no buildOutcome + testSpec + prose completed (0.194ms)
Γ£ö isUnverifiedCompletion (GAP-3) (0.8363ms)
Γû╢ isOrchestratePlanComplete
  Γ£ö false for empty task list (0.8069ms)
  Γ£ö true when every task is complete (0.2504ms)
  Γ£ö true when mix of complete and quarantined (0.1201ms)
  Γ£ö GAP-1: true when ALL tasks are quarantined (zero complete) (0.1043ms)
  Γ£ö false when any task is still planned (0.1278ms)
  Γ£ö false when any task is failed (not terminal) (0.1051ms)
Γ£ö isOrchestratePlanComplete (2.4602ms)
Γû╢ isPriorWavesComplete with quarantined
  Γ£ö prior wave with all-quarantined passes the gate (0.2562ms)
  Γ£ö prior wave with mix of complete+quarantined passes the gate (0.1719ms)
  Γ£ö prior wave with failed task blocks the gate (0.1639ms)
  Γ£ö prior wave with planned task blocks the gate (0.1664ms)
Γ£ö isPriorWavesComplete with quarantined (1.0057ms)
Γû╢ rollupWaveStatus with quarantined
  Γ£ö all-complete wave ΓåÆ complete (0.2038ms)
  Γ£ö all-quarantined wave ΓåÆ complete (terminal) (0.1025ms)
  Γ£ö mix complete+quarantined ΓåÆ complete (0.0551ms)
  Γ£ö any in_progress ΓåÆ in_progress (0.0558ms)
  Γ£ö planned only ΓåÆ planned (0.0459ms)
Γ£ö rollupWaveStatus with quarantined (0.5921ms)
Γû╢ quarantineTaskAndDependents
  Γ£ö root task is quarantined with the given payload (9.2709ms)
  Γ£ö transitive dependents are quarantined with stall category (1.5204ms)
  Γ£ö independent sibling is not quarantined (4.4515ms)
Γ£ö quarantineTaskAndDependents (15.3905ms)
Γû╢ requeueBoardTask
  Γ£ö requeue root releases cascade-quarantined dependents but not independent quarantines (6.6283ms)
Γ£ö requeueBoardTask (6.7096ms)
Γû╢ isTaskReadyForAuto with quarantined prior wave
  Γ£ö W2 task ready when W1 is quarantined (0.5695ms)
Γ£ö isTaskReadyForAuto with quarantined prior wave (0.6408ms)
Γû╢ deliverOrchestratorTaskReport re-drive idempotency
  Γ£ö failed report is deduped (message delivered once) (3.2098ms)
  Γ£ö quarantined report delivered and contains quarantined header (1.652ms)
  Γ£ö second call after deduped report still runs autoDelegateNext (no double-launch) (2.5572ms)
Γ£ö deliverOrchestratorTaskReport re-drive idempotency (7.5908ms)
Γû╢ final integration test gate
  Γ£ö all-quarantined board: plan is complete but no ΓëÑ1 complete task (0.1595ms)
  Γ£ö mixed board: plan complete and ΓëÑ1 complete task allows final test (0.1053ms)
Γ£ö final integration test gate (0.3619ms)
Γû╢ runSelfHeal ΓÇö board not running
  Γ£ö autoRunning=false ΓåÆ records error only, no heal work or quarantine (2.8125ms)
  Γ£ö manual mode board ΓåÆ same guard applies (0.5251ms)
Γ£ö runSelfHeal ΓÇö board not running (4.3551ms)
Γû╢ runSelfHeal ΓÇö infra (env-fixer)
  Γ£ö infra under attempt cap ΓåÆ spawn env-fixer, no attempt burn, no quarantine (3.2663ms)
  Γ£ö infra env-fixer attempts exhausted ΓåÆ quarantine (0.6504ms)
  Γ£ö infra phase=test ΓåÆ env-fixer spawned for the test phase (0.9939ms)
  Γ£ö infra during merge phase ΓåÆ quarantine (env fix cannot help a merge) (0.3447ms)
Γ£ö runSelfHeal ΓÇö infra (env-fixer) (5.7004ms)
Γû╢ runSelfHeal ΓÇö selfHealRound cap
  Γ£ö selfHealRound at max ΓåÆ quarantine for code category (0.3909ms)
  Γ£ö selfHealRound at max ΓåÆ quarantine for infra category (cap checked first) (0.2655ms)
  Γ£ö cap quarantine adds task id to unresolvedIssues (0.3728ms)
Γ£ö runSelfHeal ΓÇö selfHealRound cap (1.3048ms)
Γû╢ runSelfHeal ΓÇö code
  Γ£ö code build retry ΓåÆ reseed + startTask (0.5584ms)
  Γ£ö code build exhausted ΓåÆ quarantine (0.2162ms)
  Γ£ö code test exhausted ΓåÆ quarantine (0.1739ms)
Γ£ö runSelfHeal ΓÇö code (1.088ms)
Γû╢ runSelfHeal ΓÇö stall
  Γ£ö first stall ΓåÆ nudge only, no reseed (0.2865ms)
  Γ£ö recurring stall (lastHealCategory=stall) ΓåÆ treat as code (0.1934ms)
Γ£ö runSelfHeal ΓÇö stall (0.5713ms)
Γû╢ runSelfHeal ΓÇö merge
  Γ£ö merge phase ΓåÆ startMergeConflictFixer called (0.2521ms)
  Γ£ö merge attempts exhausted ΓåÆ quarantine with merge category (0.1609ms)
Γ£ö runSelfHeal ΓÇö merge (0.5019ms)
Γû╢ runSelfHeal ΓÇö cascade + siblings
  Γ£ö quarantine delegates cascade to quarantineTaskAndDependents (0.2168ms)
  Γ£ö autoDelegateNext always called so independent siblings keep running (0.1755ms)
Γ£ö runSelfHeal ΓÇö cascade + siblings (0.5031ms)
Γû╢ runSelfHeal ΓÇö test phase routing
  Γ£ö test phase code retry ΓåÆ re-runs Builder (startTask, not startTaskTesting) (0.2358ms)
Γ£ö runSelfHeal ΓÇö test phase routing (0.3002ms)
Γû╢ runSelfHeal ΓÇö cross-category global ceiling
  Γ£ö mixed stall ΓåÆ code ΓåÆ merge quarantines when selfHealRound reaches max (0.3469ms)
Γ£ö runSelfHeal ΓÇö cross-category global ceiling (0.4568ms)
Γû╢ orchestrateRequiresPlanBlock
  Γ£ö idle when not orchestrate (0.958ms)
  Γ£ö idle when orchestrate with plan (0.198ms)
  Γ£ö idle when orchestrate without plan and nothing to send (0.1214ms)
  Γ£ö block when orchestrate without plan but user typed text (0.1213ms)
  Γ£ö block when orchestrate without plan but has attachments (0.1461ms)
Γ£ö orchestrateRequiresPlanBlock (2.6264ms)
Γû╢ resolveOrchestrateSlashInput
  Γ£ö returns raw text when non-orchestrate (0.2592ms)
  Γ£ö returns raw text when orchestrate without plan (0.1412ms)
  Γ£ö injects default when orchestrate with plan and empty input (0.1883ms)
  Γ£ö preserves user text when orchestrate with plan (0.1684ms)
Γ£ö resolveOrchestrateSlashInput (1.0604ms)
Γû╢ orchestrator board link
  Γ£ö spawn with board_task_id sets task in_progress (40.1445ms)
Γ£ö orchestrator board link (41.0205ms)
